Component: Arm Compiler for Embedded 6.21 Tool: armlink [5ec1fa00]

==============================================================================

Section Cross References

    lab1.o(.text.Task0_Init) refers to bsp.o(.text.BSP_Microphone_Init) for BSP_Microphone_Init
    lab1.o(.text.Task0_Init) refers to lab1.o(.bss.SoundRMS) for SoundRMS
    lab1.o(.ARM.exidx.text.Task0_Init) refers to lab1.o(.text.Task0_Init) for [Anonymous Symbol]
    lab1.o(.text.Task0) refers to texas.o(i.TExaS_Task0) for TExaS_Task0
    lab1.o(.text.Task0) refers to lab1.o(.bss.SoundData) for SoundData
    lab1.o(.text.Task0) refers to bsp.o(.text.BSP_Microphone_Input) for BSP_Microphone_Input
    lab1.o(.text.Task0) refers to lab1.o(.bss.Task0.soundSum) for Task0.soundSum
    lab1.o(.text.Task0) refers to lab1.o(.bss.Task0.time) for Task0.time
    lab1.o(.text.Task0) refers to lab1.o(.bss.SoundArray) for SoundArray
    lab1.o(.text.Task0) refers to lab1.o(.bss.SoundRMS) for SoundRMS
    lab1.o(.ARM.exidx.text.Task0) refers to lab1.o(.text.Task0) for [Anonymous Symbol]
    lab1.o(.ARM.exidx.text.sqrt32) refers to lab1.o(.text.sqrt32) for [Anonymous Symbol]
    lab1.o(.text.Task1_Init) refers to bsp.o(.text.BSP_Accelerometer_Init) for BSP_Accelerometer_Init
    lab1.o(.text.Task1_Init) refers to lab1.o(.bss.AccX) for AccX
    lab1.o(.text.Task1_Init) refers to lab1.o(.bss.AccY) for AccY
    lab1.o(.text.Task1_Init) refers to lab1.o(.bss.AccZ) for AccZ
    lab1.o(.text.Task1_Init) refers to bsp.o(.text.BSP_Accelerometer_Input) for BSP_Accelerometer_Input
    lab1.o(.text.Task1_Init) refers to lab1.o(.bss.Magnitude) for Magnitude
    lab1.o(.text.Task1_Init) refers to lab1.o(.bss.EWMA) for EWMA
    lab1.o(.text.Task1_Init) refers to lab1.o(.bss.Steps) for Steps
    lab1.o(.ARM.exidx.text.Task1_Init) refers to lab1.o(.text.Task1_Init) for [Anonymous Symbol]
    lab1.o(.text.Task1) refers to texas.o(i.TExaS_Task1) for TExaS_Task1
    lab1.o(.text.Task1) refers to lab1.o(.bss.AccX) for AccX
    lab1.o(.text.Task1) refers to lab1.o(.bss.AccY) for AccY
    lab1.o(.text.Task1) refers to lab1.o(.bss.AccZ) for AccZ
    lab1.o(.text.Task1) refers to bsp.o(.text.BSP_Accelerometer_Input) for BSP_Accelerometer_Input
    lab1.o(.text.Task1) refers to lab1.o(.bss.Magnitude) for Magnitude
    lab1.o(.text.Task1) refers to lab1.o(.bss.EWMA) for EWMA
    lab1.o(.text.Task1) refers to lab1.o(.bss.AlgorithmState) for AlgorithmState
    lab1.o(.text.Task1) refers to lab1.o(.bss.LocalMax) for LocalMax
    lab1.o(.text.Task1) refers to lab1.o(.bss.LocalCount) for LocalCount
    lab1.o(.text.Task1) refers to lab1.o(.data.LocalMin) for LocalMin
    lab1.o(.text.Task1) refers to lab1.o(.bss.Steps) for Steps
    lab1.o(.ARM.exidx.text.Task1) refers to lab1.o(.text.Task1) for [Anonymous Symbol]
    lab1.o(.text.Task2_Init) refers to lab1.o(.bss.Task2Failures) for Task2Failures
    lab1.o(.text.Task2_Init) refers to bsp.o(.text.BSP_LightSensor_Init) for BSP_LightSensor_Init
    lab1.o(.text.Task2_Init) refers to bsp.o(.text.BSP_LightSensor_Input) for BSP_LightSensor_Input
    lab1.o(.text.Task2_Init) refers to lab1.o(.bss.LightData) for LightData
    lab1.o(.text.Task2_Init) refers to bsp.o(.text.BSP_LightSensor_Start) for BSP_LightSensor_Start
    lab1.o(.ARM.exidx.text.Task2_Init) refers to lab1.o(.text.Task2_Init) for [Anonymous Symbol]
    lab1.o(.text.Task2) refers to texas.o(i.TExaS_Task2) for TExaS_Task2
    lab1.o(.text.Task2) refers to lab1.o(.bss.LightData) for LightData
    lab1.o(.text.Task2) refers to bsp.o(.text.BSP_LightSensor_End) for BSP_LightSensor_End
    lab1.o(.text.Task2) refers to bsp.o(.text.BSP_LightSensor_Start) for BSP_LightSensor_Start
    lab1.o(.text.Task2) refers to lab1.o(.bss.Task2Failures) for Task2Failures
    lab1.o(.ARM.exidx.text.Task2) refers to lab1.o(.text.Task2) for [Anonymous Symbol]
    lab1.o(.text.Task3_Init) refers to bsp.o(.text.BSP_Button1_Init) for BSP_Button1_Init
    lab1.o(.text.Task3_Init) refers to bsp.o(.text.BSP_Button2_Init) for BSP_Button2_Init
    lab1.o(.text.Task3_Init) refers to bsp.o(.text.BSP_Buzzer_Init) for BSP_Buzzer_Init
    lab1.o(.text.Task3_Init) refers to bsp.o(.text.BSP_RGB_Init) for BSP_RGB_Init
    lab1.o(.ARM.exidx.text.Task3_Init) refers to lab1.o(.text.Task3_Init) for [Anonymous Symbol]
    lab1.o(.text.Task3) refers to texas.o(i.TExaS_Task3) for TExaS_Task3
    lab1.o(.text.Task3) refers to bsp.o(.text.BSP_Buzzer_Set) for BSP_Buzzer_Set
    lab1.o(.text.Task3) refers to bsp.o(.text.BSP_Button1_Input) for BSP_Button1_Input
    lab1.o(.text.Task3) refers to lab1.o(.bss.Task3.prev1) for Task3.prev1
    lab1.o(.text.Task3) refers to lab1.o(.bss.PlotState) for PlotState
    lab1.o(.text.Task3) refers to lab1.o(.bss.ReDrawAxes) for ReDrawAxes
    lab1.o(.text.Task3) refers to bsp.o(.text.BSP_Button2_Input) for BSP_Button2_Input
    lab1.o(.text.Task3) refers to lab1.o(.bss.Task3.prev2) for Task3.prev2
    lab1.o(.text.Task3) refers to lab1.o(.bss.AlgorithmState) for AlgorithmState
[...]
    libshutdown.o(.ARM.Collect$$libshutdown$$00000000) refers (Special) to libshutdown2.o(.ARM.Collect$$libshutdown$$0000000A) for __rt_lib_shutdown_signal_1
    libshutdown.o(.ARM.Collect$$libshutdown$$00000000) refers (Special) to libshutdown2.o(.ARM.Collect$$libshutdown$$00000004) for __rt_lib_shutdown_stdio_1
    libshutdown.o(.ARM.Collect$$libshutdown$$00000000) refers (Special) to libshutdown2.o(.ARM.Collect$$libshutdown$$0000000C) for __rt_lib_shutdown_user_alloc_1
    sys_command.o(.text) refers (Special) to use_no_semi.o(.text) for __I$use$semihosting
    sys_command.o(.text) refers (Special) to indicate_semi.o(.text) for __semihosting_library_function
    sys_command_hlt.o(.text) refers (Special) to use_no_semi.o(.text) for __I$use$semihosting
    sys_command_hlt.o(.text) refers (Special) to indicate_semi.o(.text) for __semihosting_library_function
    defsig_rtmem_outer.o(.text) refers to defsig_rtmem_inner.o(.text) for __rt_SIGRTMEM_inner
    defsig_rtmem_outer.o(.text) refers to defsig_exit.o(.text) for __sig_exit
    defsig_rtmem_formal.o(.text) refers to rt_raise.o(.text) for __rt_raise
    rt_raise.o(.text) refers to __raise.o(.text) for __raise
    rt_raise.o(.text) refers to sys_exit.o(.text) for _sys_exit
    defsig_exit.o(.text) refers to sys_exit.o(.text) for _sys_exit
    defsig_rtmem_inner.o(.text) refers to defsig_general.o(.text) for __default_signal_display
    __raise.o(.text) refers to defsig.o(CL$$defsig) for __default_signal_handler
    defsig_general.o(.text) refers to sys_wrch.o(.text) for _ttywrch
    sys_wrch.o(.text) refers (Special) to use_no_semi.o(.text) for __I$use$semihosting
    sys_wrch.o(.text) refers (Special) to indicate_semi.o(.text) for __semihosting_library_function
    sys_wrch_hlt.o(.text) refers (Special) to use_no_semi.o(.text) for __I$use$semihosting
    sys_wrch_hlt.o(.text) refers (Special) to indicate_semi.o(.text) for __semihosting_library_function
    defsig.o(CL$$defsig) refers to defsig_rtmem_inner.o(.text) for __rt_SIGRTMEM_inner
    defsig_abrt_inner.o(.text) refers to defsig_general.o(.text) for __default_signal_display
    defsig_fpe_inner.o(.text) refers to defsig_general.o(.text) for __default_signal_display
    defsig_rtred_inner.o(.text) refers to defsig_general.o(.text) for __default_signal_display
    defsig_stak_inner.o(.text) refers to defsig_general.o(.text) for __default_signal_display
    defsig_pvfn_inner.o(.text) refers to defsig_general.o(.text) for __default_signal_display
    defsig_cppl_inner.o(.text) refers to defsig_general.o(.text) for __default_signal_display
    defsig_segv_inner.o(.text) refers to defsig_general.o(.text) for __default_signal_display
    defsig_other.o(.text) refers to defsig_general.o(.text) for __default_signal_display


==============================================================================

Removing Unused input sections from the image.

    Removing lab1.o(.text), (0 bytes).
    Removing lab1.o(.text.Task0_Init), (20 bytes).
    Removing lab1.o(.ARM.exidx.text.Task0_Init), (8 bytes).
    Removing lab1.o(.ARM.exidx.text.Task0), (8 bytes).
    Removing lab1.o(.text.sqrt32), (32 bytes).
    Removing lab1.o(.ARM.exidx.text.sqrt32), (8 bytes).
    Removing lab1.o(.text.Task1_Init), (118 bytes).
    Removing lab1.o(.ARM.exidx.text.Task1_Init), (8 bytes).
    Removing lab1.o(.ARM.exidx.text.Task1), (8 bytes).
    Removing lab1.o(.text.Task2_Init), (40 bytes).
    Removing lab1.o(.ARM.exidx.text.Task2_Init), (8 bytes).
    Removing lab1.o(.text.Task2), (66 bytes).
    Removing lab1.o(.ARM.exidx.text.Task2), (8 bytes).
    Removing lab1.o(.text.Task3_Init), (30 bytes).
    Removing lab1.o(.ARM.exidx.text.Task3_Init), (8 bytes).
    Removing lab1.o(.ARM.exidx.text.Task3), (8 bytes).
    Removing lab1.o(.ARM.exidx.text.drawaxes), (8 bytes).
    Removing lab1.o(.text.numlength), (122 bytes).
    Removing lab1.o(.ARM.exidx.text.numlength), (8 bytes).
    Removing lab1.o(.text.Task4_Init), (38 bytes).
    Removing lab1.o(.ARM.exidx.text.Task4_Init), (8 bytes).
    Removing lab1.o(.ARM.exidx.text.Task4), (8 bytes).
    Removing lab1.o(.text.Task5_Init), (86 bytes).
    Removing lab1.o(.ARM.exidx.text.Task5_Init), (8 bytes).
    Removing lab1.o(.ARM.exidx.text.Task5), (8 bytes).
    Removing lab1.o(.ARM.exidx.text.main), (8 bytes).
    Removing lab1.o(.bss.Task2Failures), (4 bytes).
    Removing lab1.o(.ARM.use_no_argv), (4 bytes).
    Removing bsp.o(.text), (0 bytes).
    Removing bsp.o(.ARM.exidx.text.BSP_Button1_Init), (8 bytes).
    Removing bsp.o(.ARM.exidx.text.BSP_Button1_Input), (8 bytes).
    Removing bsp.o(.ARM.exidx.text.BSP_Button2_Init), (8 bytes).
    Removing bsp.o(.ARM.exidx.text.BSP_Button2_Input), (8 bytes).
    Removing bsp.o(.text.BSP_Joystick_Init), (288 bytes).
    Removing bsp.o(.ARM.exidx.text.BSP_Joystick_Init), (8 bytes).
    Removing bsp.o(.text.BSP_Joystick_Input), (60 bytes).
    Removing bsp.o(.ARM.exidx.text.BSP_Joystick_Input), (8 bytes).
    Removing bsp.o(.ARM.exidx.text.BSP_RGB_Init), (8 bytes).
    Removing bsp.o(.ARM.exidx.text.BSP_RGB_Set), (8 bytes).
    Removing bsp.o(.text.BSP_RGB_D_Init), (308 bytes).
    Removing bsp.o(.ARM.exidx.text.BSP_RGB_D_Init), (8 bytes).
    Removing bsp.o(.text.BSP_RGB_D_Set), (56 bytes).
    Removing bsp.o(.ARM.exidx.text.BSP_RGB_D_Set), (8 bytes).
    Removing bsp.o(.text.BSP_RGB_D_Toggle), (60 bytes).
    Removing bsp.o(.ARM.exidx.text.BSP_RGB_D_Toggle), (8 bytes).
    Removing bsp.o(.ARM.exidx.text.BSP_Buzzer_Init), (8 bytes).
    Removing bsp.o(.ARM.exidx.text.BSP_Buzzer_Set), (8 bytes).
    Removing bsp.o(.ARM.exidx.text.BSP_Accelerometer_Init), (8 bytes).
    Removing bsp.o(.ARM.exidx.text.BSP_Accelerometer_Input), (8 bytes).
    Removing bsp.o(.ARM.exidx.text.BSP_Microphone_Init), (8 bytes).
    Removing bsp.o(.ARM.exidx.text.BSP_Microphone_Input), (8 bytes).
    Removing bsp.o(.text.parrotdelay), (2 bytes).
    Removing bsp.o(.ARM.exidx.text.parrotdelay), (8 bytes).
    Removing bsp.o(.ARM.exidx.text.BSP_LCD_Init), (8 bytes).
    Removing bsp.o(.text.BSP_LCD_DrawPixel), (126 bytes).
    Removing bsp.o(.ARM.exidx.text.BSP_LCD_DrawPixel), (8 bytes).
    Removing bsp.o(.ARM.exidx.text.setAddrWindow), (8 bytes).
    Removing bsp.o(.text.BSP_LCD_DrawFastVLine), (146 bytes).
    Removing bsp.o(.ARM.exidx.text.BSP_LCD_DrawFastVLine), (8 bytes).
    Removing bsp.o(.text.BSP_LCD_DrawFastHLine), (146 bytes).
    Removing bsp.o(.ARM.exidx.text.BSP_LCD_DrawFastHLine), (8 bytes).
    Removing bsp.o(.ARM.exidx.text.BSP_LCD_FillScreen), (8 bytes).
    Removing bsp.o(.text.BSP_LCD_FillRect), (198 bytes).
    Removing bsp.o(.ARM.exidx.text.BSP_LCD_FillRect), (8 bytes).
    Removing bsp.o(.ARM.exidx.text.BSP_LCD_Color565), (8 bytes).
    Removing bsp.o(.text.BSP_LCD_SwapColor), (16 bytes).
    Removing bsp.o(.ARM.exidx.text.BSP_LCD_SwapColor), (8 bytes).
    Removing bsp.o(.text.BSP_LCD_DrawBitmap), (318 bytes).
    Removing bsp.o(.ARM.exidx.text.BSP_LCD_DrawBitmap), (8 bytes).
    Removing bsp.o(.text.BSP_LCD_DrawCharS), (458 bytes).
    Removing bsp.o(.ARM.exidx.text.BSP_LCD_DrawCharS), (8 bytes).
    Removing bsp.o(.ARM.exidx.text.BSP_LCD_DrawChar), (8 bytes).
    Removing bsp.o(.ARM.exidx.text.BSP_LCD_DrawString), (8 bytes).
    Removing bsp.o(.ARM.exidx.text.BSP_LCD_SetCursor), (8 bytes).
    Removing bsp.o(.text.BSP_LCD_OutUDec), (210 bytes).
    Removing bsp.o(.ARM.exidx.text.BSP_LCD_OutUDec), (8 bytes).
    Removing bsp.o(.ARM.exidx.text.fillmessage), (8 bytes).
    Removing bsp.o(.ARM.exidx.text.BSP_LCD_OutUDec4), (8 bytes).
    Removing bsp.o(.text.BSP_LCD_OutUDec5), (286 bytes).
    Removing bsp.o(.ARM.exidx.text.BSP_LCD_OutUDec5), (8 bytes).
    Removing bsp.o(.text.BSP_LCD_OutUFix2_1), (260 bytes).
    Removing bsp.o(.ARM.exidx.text.BSP_LCD_OutUFix2_1), (8 bytes).
    Removing bsp.o(.text.BSP_LCD_OutUHex2), (220 bytes).
    Removing bsp.o(.ARM.exidx.text.BSP_LCD_OutUHex2), (8 bytes).
    Removing bsp.o(.ARM.exidx.text.BSP_LCD_Drawaxes), (8 bytes).
    Removing bsp.o(.ARM.exidx.text.BSP_LCD_PlotPoint), (8 bytes).
    Removing bsp.o(.ARM.exidx.text.BSP_LCD_PlotIncrement), (8 bytes).
    Removing bsp.o(.ARM.exidx.text.BSP_Clock_InitFastest), (8 bytes).
    Removing bsp.o(.ARM.exidx.text.BSP_Clock_GetFreq), (8 bytes).
    Removing bsp.o(.text.BSP_PeriodicTask_Init), (212 bytes).
    Removing bsp.o(.ARM.exidx.text.BSP_PeriodicTask_Init), (8 bytes).
    Removing bsp.o(.ARM.exidx.text.WideTimer5A_Handler), (8 bytes).
    Removing bsp.o(.text.BSP_PeriodicTask_Stop), (28 bytes).
    Removing bsp.o(.ARM.exidx.text.BSP_PeriodicTask_Stop), (8 bytes).
    Removing bsp.o(.text.BSP_PeriodicTask_Restart), (28 bytes).
    Removing bsp.o(.ARM.exidx.text.BSP_PeriodicTask_Restart), (8 bytes).
    Removing bsp.o(.text.BSP_PeriodicTask_InitB), (210 bytes).
    Removing bsp.o(.ARM.exidx.text.BSP_PeriodicTask_InitB), (8 bytes).
    Removing bsp.o(.ARM.exidx.text.WideTimer4A_Handler), (8 bytes).
    Removing bsp.o(.text.BSP_PeriodicTask_StopB), (26 bytes).
    Removing bsp.o(.ARM.exidx.text.BSP_PeriodicTask_StopB), (8 bytes).
    Removing bsp.o(.text.BSP_PeriodicTask_InitC), (210 bytes).
    Removing bsp.o(.ARM.exidx.text.BSP_PeriodicTask_InitC), (8 bytes).
    Removing bsp.o(.ARM.exidx.text.WideTimer3A_Handler), (8 bytes).
    Removing bsp.o(.text.BSP_PeriodicTask_StopC), (26 bytes).
    Removing bsp.o(.ARM.exidx.text.BSP_PeriodicTask_StopC), (8 bytes).
    Removing bsp.o(.ARM.exidx.text.BSP_Time_Init), (8 bytes).
    Removing bsp.o(.ARM.exidx.text.BSP_Time_Get), (8 bytes).
    Removing bsp.o(.ARM.exidx.text.BSP_Delay1ms), (8 bytes).
    Removing bsp.o(.text.BSP_LightSensor_Init), (172 bytes).
    Removing bsp.o(.ARM.exidx.text.BSP_LightSensor_Init), (8 bytes).
    Removing bsp.o(.text.BSP_LightSensor_Input), (44 bytes).
    Removing bsp.o(.ARM.exidx.text.BSP_LightSensor_Input), (8 bytes).
    Removing bsp.o(.text.lightsensorstart), (284 bytes).
    Removing bsp.o(.ARM.exidx.text.lightsensorstart), (8 bytes).
    Removing bsp.o(.text.lightsensorend), (440 bytes).
    Removing bsp.o(.ARM.exidx.text.lightsensorend), (8 bytes).
    Removing bsp.o(.text.BSP_LightSensor_Start), (24 bytes).
    Removing bsp.o(.ARM.exidx.text.BSP_LightSensor_Start), (8 bytes).
    Removing bsp.o(.text.BSP_LightSensor_End), (58 bytes).
    Removing bsp.o(.ARM.exidx.text.BSP_LightSensor_End), (8 bytes).
    Removing bsp.o(.text.BSP_TempSensor_Init), (172 bytes).
    Removing bsp.o(.ARM.exidx.text.BSP_TempSensor_Init), (8 bytes).
    Removing bsp.o(.text.BSP_TempSensor_Input), (160 bytes).
    Removing bsp.o(.ARM.exidx.text.BSP_TempSensor_Input), (8 bytes).
    Removing bsp.o(.text.tempsensorend), (280 bytes).
    Removing bsp.o(.ARM.exidx.text.tempsensorend), (8 bytes).
    Removing bsp.o(.text.BSP_TempSensor_Start), (124 bytes).
    Removing bsp.o(.ARM.exidx.text.BSP_TempSensor_Start), (8 bytes).
    Removing bsp.o(.text.BSP_TempSensor_End), (172 bytes).
    Removing bsp.o(.ARM.exidx.text.BSP_TempSensor_End), (8 bytes).
    Removing bsp.o(.bss.LightBusy), (4 bytes).
    Removing bsp.o(.bss.TempBusy), (4 bytes).
    Removing profile.o(.text), (0 bytes).
    Removing profile.o(.ARM.exidx.text.Profile_Init), (8 bytes).
    Removing profile.o(.text.Profile_Get), (72 bytes).
    Removing profile.o(.ARM.exidx.text.Profile_Get), (8 bytes).
    Removing texas.o(i.TExaS_Task2), (108 bytes).
    Removing texas.o(i.UART_InChar), (28 bytes).
    Removing texas.o(i.UART_InCharNonBlocking), (28 bytes).
    Removing texas.o(i.UART_InString), (66 bytes).
    Removing texas.o(i.UART_InUDec), (76 bytes).
    Removing texas.o(i.UART_InUHex), (104 bytes).
    Removing texas.o(i.UART_OutCharNonBlock), (12 bytes).
    Removing texas.o(i.UART_OutUDec4), (68 bytes).
    Removing texas.o(i.UART_OutUHex), (52 bytes).
    Removing texas.o(i.fillmessage4b), (88 bytes).
    Removing system_tm4c123.o(.text), (0 bytes).
    Removing system_tm4c123.o(.text.SystemCoreClockUpdate), (280 bytes).
    Removing system_tm4c123.o(.ARM.exidx.text.SystemCoreClockUpdate), (8 bytes).
    Removing system_tm4c123.o(.text.SystemInit), (96 bytes).
    Removing system_tm4c123.o(.ARM.exidx.text.SystemInit), (8 bytes).
    Removing system_tm4c123.o(.data.SystemCoreClock), (4 bytes).
    Removing system_tm4c123.o(.rodata..Lswitch.table.SystemCoreClockUpdate.1), (92 bytes).

154 unused section(s) (total 8266 bytes) removed from the image.

==============================================================================

Image Symbol Table

    Local Symbols

    Symbol Name                              Value     Ov Type        Size  Object(Section)

    ../clib/angel/boardlib.s                 0x00000000   Number         0  boardinit1.o ABSOLUTE
    ../clib/angel/boardlib.s                 0x00000000   Number         0  boardinit2.o ABSOLUTE
    ../clib/angel/boardlib.s                 0x00000000   Number         0  boardinit3.o ABSOLUTE
    ../clib/angel/boardlib.s                 0x00000000   Number         0  boardshut.o ABSOLUTE
    ../clib/angel/handlers.s                 0x00000000   Number         0  __scatter_copy.o ABSOLUTE
    ../clib/angel/handlers.s                 0x00000000   Number         0  __scatter_zi.o ABSOLUTE
    ../clib/angel/kernel.s                   0x00000000   Number         0  __rtentry.o ABSOLUTE
    ../clib/angel/kernel.s                   0x00000000   Number         0  __rtentry2.o ABSOLUTE
    ../clib/angel/kernel.s                   0x00000000   Number         0  __rtentry4.o ABSOLUTE
    ../clib/angel/kernel.s                   0x00000000   Number         0  rtexit.o ABSOLUTE
    ../clib/angel/kernel.s                   0x00000000   Number         0  rtexit2.o ABSOLUTE
    ../clib/angel/rt.s                       0x00000000   Number         0  rt_raise.o ABSOLUTE
    ../clib/angel/scatter.s                  0x00000000   Number         0  __scatter.o ABSOLUTE
    ../clib/angel/startup.s                  0x00000000   Number         0  __main.o ABSOLUTE
    ../clib/angel/sys.s                      0x00000000   Number         0  sys_stackheap_outer.o ABSOLUTE
    ../clib/angel/sys.s                      0x00000000   Number         0  libspace.o ABSOLUTE
    ../clib/angel/sys.s                      0x00000000   Number         0  use_no_semi.o ABSOLUTE
    ../clib/angel/sys.s                      0x00000000   Number         0  indicate_semi.o ABSOLUTE
    ../clib/angel/sysapp.c                   0x00000000   Number         0  sys_exit.o ABSOLUTE
    ../clib/angel/sysapp.c                   0x00000000   Number         0  sys_exit_hlt.o ABSOLUTE
    ../clib/angel/sysapp.c                   0x00000000   Number         0  sys_command.o ABSOLUTE
    ../clib/angel/sysapp.c                   0x00000000   Number         0  sys_command_hlt.o ABSOLUTE
    ../clib/angel/sysapp.c                   0x00000000   Number         0  sys_wrch.o ABSOLUTE
    ../clib/angel/sysapp.c                   0x00000000   Number         0  sys_wrch_hlt.o ABSOLUTE
    ../clib/armsys.c                         0x00000000   Number         0  argv_veneer.o ABSOLUTE
    ../clib/armsys.c                         0x00000000   Number         0  argv_veneer.o ABSOLUTE
    ../clib/armsys.c                         0x00000000   Number         0  _get_argv_nomalloc.o ABSOLUTE
    ../clib/armsys.c                         0x00000000   Number         0  no_argv.o ABSOLUTE
    ../clib/heapalloc.c                      0x00000000   Number         0  hrguard.o ABSOLUTE
    ../clib/heapaux.c                        0x00000000   Number         0  heapauxi.o ABSOLUTE
    ../clib/libinit.s                        0x00000000   Number         0  libinit.o ABSOLUTE
    ../clib/libinit.s                        0x00000000   Number         0  libinit2.o ABSOLUTE
    ../clib/libinit.s                        0x00000000   Number         0  libshutdown.o ABSOLUTE
    ../clib/libinit.s                        0x00000000   Number         0  libshutdown2.o ABSOLUTE
    ../clib/signal.c                         0x00000000   Number         0  defsig_rtmem_outer.o ABSOLUTE
    ../clib/signal.c                         0x00000000   Number         0  defsig_rtmem_formal.o ABSOLUTE
    ../clib/signal.c                         0x00000000   Number         0  defsig_exit.o ABSOLUTE
    ../clib/signal.c                         0x00000000   Number         0  defsig_rtmem_inner.o ABSOLUTE
    ../clib/signal.c                         0x00000000   Number         0  __raise.o ABSOLUTE
    ../clib/signal.c                         0x00000000   Number         0  defsig_general.o ABSOLUTE
    ../clib/signal.c                         0x00000000   Number         0  defsig_abrt_inner.o ABSOLUTE
    ../clib/signal.c                         0x00000000   Number         0  defsig_fpe_inner.o ABSOLUTE
    ../clib/signal.c                         0x00000000   Number         0  defsig_rtred_inner.o ABSOLUTE
    ../clib/signal.c                         0x00000000   Number         0  defsig_stak_inner.o ABSOLUTE
    ../clib/signal.c                         0x00000000   Number         0  defsig_pvfn_inner.o ABSOLUTE
    ../clib/signal.c                         0x00000000   Number         0  defsig_cppl_inner.o ABSOLUTE
    ../clib/signal.c                         0x00000000   Number         0  defsig_segv_inner.o ABSOLUTE
    ../clib/signal.c                         0x00000000   Number         0  defsig_other.o ABSOLUTE
    ../clib/signal.s                         0x00000000   Number         0  defsig.o ABSOLUTE
    ../clib/stdlib.c                         0x00000000   Number         0  exit.o ABSOLUTE
    ../fplib/fpinit.s                        0x00000000   Number         0  fpinit.o ABSOLUTE
    ../fplib/fpinit_empty.s                  0x00000000   Number         0  fpinit_empty.o ABSOLUTE
    BSP.c                                    0x00000000   Number         0  bsp.o ABSOLUTE
    Lab1.c                                   0x00000000   Number         0  lab1.o ABSOLUTE
    Profile.c                                0x00000000   Number         0  profile.o ABSOLUTE
    RTE/Device/TM4C123GH6PM/startup_TM4C123.s 0x00000000   Number         0  startup_tm4c123.o ABSOLUTE
    Texas.c                                  0x00000000   Number         0  texas.o ABSOLUTE
    dc.s                                     0x00000000   Number         0  dc.o ABSOLUTE
    system_TM4C123.c                         0x00000000   Number         0  system_tm4c123.o ABSOLUTE
    RESET                                    0x00000000   Section      620  startup_tm4c123.o(RESET)
    !!!main                                  0x0000026c   Section        8  __main.o(!!!main)
    !!!scatter                               0x00000274   Section       92  __scatter.o(!!!scatter)
    !!handler_copy                           0x000002d0   Section       26  __scatter_copy.o(!!handler_copy)
    !!handler_null                           0x000002ec   Section        2  __scatter.o(!!handler_null)
    !!handler_zi                             0x000002f0   Section       28  __scatter_zi.o(!!handler_zi)
    .ARM.Collect$$libinit$$00000000          0x0000030c   Section        2  libinit.o(.ARM.Collect$$libinit$$00000000)
    .ARM.Collect$$libinit$$00000002          0x0000030e   Section        0  libinit2.o(.ARM.Collect$$libinit$$00000002)
    .ARM.Collect$$libinit$$00000004          0x0000030e   Section        0  libinit2.o(.ARM.Collect$$libinit$$00000004)
    .ARM.Collect$$libinit$$00000006          0x0000030e   Section        0  libinit2.o(.ARM.Collect$$libinit$$00000006)
    .ARM.Collect$$libinit$$0000000C          0x0000030e   Section        0  libinit2.o(.ARM.Collect$$libinit$$0000000C)
    .ARM.Collect$$libinit$$0000000E          0x0000030e   Section        0  libinit2.o(.ARM.Collect$$libinit$$0000000E)
    .ARM.Collect$$libinit$$00000010          0x0000030e   Section        0  libinit2.o(.ARM.Collect$$libinit$$00000010)
    .ARM.Collect$$libinit$$00000013          0x0000030e   Section        0  libinit2.o(.ARM.Collect$$libinit$$00000013)
    .ARM.Collect$$libinit$$00000015          0x0000030e   Section        0  libinit2.o(.ARM.Collect$$libinit$$00000015)
    .ARM.Collect$$libinit$$00000017          0x0000030e   Section        0  libinit2.o(.ARM.Collect$$libinit$$00000017)
    .ARM.Collect$$libinit$$00000019          0x0000030e   Section        0  libinit2.o(.ARM.Collect$$libinit$$00000019)
    .ARM.Collect$$libinit$$0000001B          0x0000030e   Section        0  libinit2.o(.ARM.Collect$$libinit$$0000001B)
    .ARM.Collect$$libinit$$0000001D          0x0000030e   Section        0  libinit2.o(.ARM.Collect$$libinit$$0000001D)
    .ARM.Collect$$libinit$$0000001F          0x0000030e   Section        0  libinit2.o(.ARM.Collect$$libinit$$0000001F)
    .ARM.Collect$$libinit$$00000021          0x0000030e   Section        0  libinit2.o(.ARM.Collect$$libinit$$00000021)
    .ARM.Collect$$libinit$$00000023          0x0000030e   Section        0  libinit2.o(.ARM.Collect$$libinit$$00000023)
    .ARM.Collect$$libinit$$00000025          0x0000030e   Section        0  libinit2.o(.ARM.Collect$$libinit$$00000025)
    .ARM.Collect$$libinit$$00000027          0x0000030e   Section        0  libinit2.o(.ARM.Collect$$libinit$$00000027)
    .ARM.Collect$$libinit$$0000002E          0x0000030e   Section        0  libinit2.o(.ARM.Collect$$libinit$$0000002E)
    .ARM.Collect$$libinit$$00000030          0x0000030e   Section        0  libinit2.o(.ARM.Collect$$libinit$$00000030)
    .ARM.Collect$$libinit$$00000032          0x0000030e   Section        0  libinit2.o(.ARM.Collect$$libinit$$00000032)
    .ARM.Collect$$libinit$$00000034          0x0000030e   Section        0  libinit2.o(.ARM.Collect$$libinit$$00000034)
    .ARM.Collect$$libinit$$00000035          0x0000030e   Section        2  libinit2.o(.ARM.Collect$$libinit$$00000035)
    .ARM.Collect$$libshutdown$$00000000      0x00000310   Section        2  libshutdown.o(.ARM.Collect$$libshutdown$$00000000)
    .ARM.Collect$$libshutdown$$00000002      0x00000312   Section        0  libshutdown2.o(.ARM.Collect$$libshutdown$$00000002)
    .ARM.Collect$$libshutdown$$00000004      0x00000312   Section        0  libshutdown2.o(.ARM.Collect$$libshutdown$$00000004)
    .ARM.Collect$$libshutdown$$00000007      0x00000312   Section        0  libshutdown2.o(.ARM.Collect$$libshutdown$$00000007)
    .ARM.Collect$$libshutdown$$0000000A      0x00000312   Section        0  libshutdown2.o(.ARM.Collect$$libshutdown$$0000000A)
    .ARM.Collect$$libshutdown$$0000000C      0x00000312   Section        0  libshutdown2.o(.ARM.Collect$$libshutdown$$0000000C)
    .ARM.Collect$$libshutdown$$0000000F      0x00000312   Section        0  libshutdown2.o(.ARM.Collect$$libshutdown$$0000000F)
    .ARM.Collect$$libshutdown$$00000010      0x00000312   Section        2  libshutdown2.o(.ARM.Collect$$libshutdown$$00000010)
    .ARM.Collect$$rtentry$$00000000          0x00000314   Section        0  __rtentry.o(.ARM.Collect$$rtentry$$00000000)
    .ARM.Collect$$rtentry$$00000002          0x00000314   Section        0  __rtentry2.o(.ARM.Collect$$rtentry$$00000002)
    .ARM.Collect$$rtentry$$00000004          0x00000314   Section        6  __rtentry4.o(.ARM.Collect$$rtentry$$00000004)
    .ARM.Collect$$rtentry$$00000009          0x0000031a   Section        0  __rtentry2.o(.ARM.Collect$$rtentry$$00000009)
    .ARM.Collect$$rtentry$$0000000A          0x0000031a   Section        4  __rtentry2.o(.ARM.Collect$$rtentry$$0000000A)
    .ARM.Collect$$rtentry$$0000000C          0x0000031e   Section        0  __rtentry2.o(.ARM.Collect$$rtentry$$0000000C)
    .ARM.Collect$$rtentry$$0000000D          0x0000031e   Section        8  __rtentry2.o(.ARM.Collect$$rtentry$$0000000D)
    .ARM.Collect$$rtexit$$00000000           0x00000326   Section        2  rtexit.o(.ARM.Collect$$rtexit$$00000000)
    .ARM.Collect$$rtexit$$00000002           0x00000328   Section        0  rtexit2.o(.ARM.Collect$$rtexit$$00000002)
    .ARM.Collect$$rtexit$$00000003           0x00000328   Section        4  rtexit2.o(.ARM.Collect$$rtexit$$00000003)
    .ARM.Collect$$rtexit$$00000004           0x0000032c   Section        6  rtexit2.o(.ARM.Collect$$rtexit$$00000004)
    .text                                    0x00000334   Section      292  startup_tm4c123.o(.text)
    .text                                    0x00000458   Section        0  heapauxi.o(.text)
    .text                                    0x0000045e   Section       74  sys_stackheap_outer.o(.text)
    .text                                    0x000004a8   Section        0  exit.o(.text)
    .text                                    0x000004bc   Section        8  libspace.o(.text)
    .text                                    0x000004c4   Section        0  sys_exit.o(.text)
    .text                                    0x000004d0   Section        2  use_no_semi.o(.text)
    .text                                    0x000004d2   Section        0  indicate_semi.o(.text)
    [Anonymous Symbol]                       0x000004d4   Section        0  bsp.o(.text.BSP_Accelerometer_Init)
    [Anonymous Symbol]                       0x000005c0   Section        0  bsp.o(.text.BSP_Accelerometer_Input)
    [Anonymous Symbol]                       0x000005f8   Section        0  bsp.o(.text.BSP_Button1_Init)
    [Anonymous Symbol]                       0x0000065c   Section        0  bsp.o(.text.BSP_Button1_Input)
    [Anonymous Symbol]                       0x0000066c   Section        0  bsp.o(.text.BSP_Button2_Init)
    [Anonymous Symbol]                       0x000006e0   Section        0  bsp.o(.text.BSP_Button2_Input)
    [Anonymous Symbol]                       0x000006f0   Section        0  bsp.o(.text.BSP_Buzzer_Init)
    [Anonymous Symbol]                       0x000007d0   Section        0  bsp.o(.text.BSP_Buzzer_Set)
    [Anonymous Symbol]                       0x000007f4   Section        0  bsp.o(.text.BSP_Clock_GetFreq)
    [Anonymous Symbol]                       0x00000814   Section        0  bsp.o(.text.BSP_Clock_InitFastest)
    [Anonymous Symbol]                       0x0000088c   Section        0  bsp.o(.text.BSP_Delay1ms)
    [Anonymous Symbol]                       0x00000890   Section        0  bsp.o(.text.BSP_LCD_Color565)
    [Anonymous Symbol]                       0x000008a4   Section        0  bsp.o(.text.BSP_LCD_DrawChar)
    [Anonymous Symbol]                       0x00000a48   Section        0  bsp.o(.text.BSP_LCD_DrawString)
    [Anonymous Symbol]                       0x00000ab4   Section        0  bsp.o(.text.BSP_LCD_Drawaxes)
    [Anonymous Symbol]                       0x00000df0   Section        0  bsp.o(.text.BSP_LCD_FillScreen)
    [Anonymous Symbol]                       0x00000e80   Section        0  bsp.o(.text.BSP_LCD_Init)
    Rcmd1                                    0x0000121c   Number         0  bsp.o(.text.BSP_LCD_Init)
    Rcmd2green                               0x00001258   Number         0  bsp.o(.text.BSP_LCD_Init)
    Rcmd3                                    0x00001268   Number         0  bsp.o(.text.BSP_LCD_Init)
    [Anonymous Symbol]                       0x00001294   Section        0  bsp.o(.text.BSP_LCD_OutUDec4)
    [Anonymous Symbol]                       0x00001398   Section        0  bsp.o(.text.BSP_LCD_PlotIncrement)
    [Anonymous Symbol]                       0x0000143c   Section        0  bsp.o(.text.BSP_LCD_PlotPoint)
    [Anonymous Symbol]                       0x00001578   Section        0  bsp.o(.text.BSP_LCD_SetCursor)
    [Anonymous Symbol]                       0x00001598   Section        0  bsp.o(.text.BSP_Microphone_Init)
    [Anonymous Symbol]                       0x00001680   Section        0  bsp.o(.text.BSP_Microphone_Input)
    [Anonymous Symbol]                       0x000016a0   Section        0  bsp.o(.text.BSP_RGB_Init)
    [Anonymous Symbol]                       0x0000189c   Section        0  bsp.o(.text.BSP_RGB_Set)
    [Anonymous Symbol]                       0x000018ec   Section        0  bsp.o(.text.BSP_Time_Get)
    [Anonymous Symbol]                       0x000018fc   Section        0  bsp.o(.text.BSP_Time_Init)
    [Anonymous Symbol]                       0x00001960   Section        0  profile.o(.text.Profile_Init)
    [Anonymous Symbol]                       0x00001abc   Section        0  lab1.o(.text.Task0)
    [Anonymous Symbol]                       0x00001b88   Section        0  lab1.o(.text.Task1)
    [Anonymous Symbol]                       0x00001d14   Section        0  lab1.o(.text.Task3)
    [Anonymous Symbol]                       0x00001df4   Section        0  lab1.o(.text.Task4)
    [Anonymous Symbol]                       0x00001e7c   Section        0  lab1.o(.text.Task5)
    [Anonymous Symbol]                       0x00001f14   Section        0  bsp.o(.text.WideTimer3A_Handler)
    [Anonymous Symbol]                       0x00001f2c   Section        0  bsp.o(.text.WideTimer4A_Handler)
    [Anonymous Symbol]                       0x00001f44   Section        0  bsp.o(.text.WideTimer5A_Handler)
    [Anonymous Symbol]                       0x00001f5c   Section        0  lab1.o(.text.drawaxes)
    fillmessage                              0x00002025   Thumb Code    70  bsp.o(.text.fillmessage)
    [Anonymous Symbol]                       0x00002024   Section        0  bsp.o(.text.fillmessage)
    [Anonymous Symbol]                       0x0000206c   Section        0  lab1.o(.text.main)
    setAddrWindow                            0x000021d9   Thumb Code   560  bsp.o(.text.setAddrWindow)
    [Anonymous Symbol]                       0x000021d8   Section        0  bsp.o(.text.setAddrWindow)
    Encrypt                                  0x00002409   Thumb Code    86  texas.o(i.Encrypt)
    i.Encrypt                                0x00002408   Section        0  texas.o(i.Encrypt)
    i.Grader                                 0x00002470   Section        0  texas.o(i.Grader)
    i.LogicAnalyzer                          0x0000297c   Section        0  texas.o(i.LogicAnalyzer)
    i.PeriodicTask2_Init                     0x00002990   Section        0  texas.o(i.PeriodicTask2_Init)
    i.PeriodicTask2_Stop                     0x00002a4c   Section        0  texas.o(i.PeriodicTask2_Stop)
    SetGrade                                 0x00002a71   Thumb Code   196  texas.o(i.SetGrade)
    i.SetGrade                               0x00002a70   Section        0  texas.o(i.SetGrade)
    i.TExaS_Init                             0x00002b3c   Section        0  texas.o(i.TExaS_Init)
    i.TExaS_Stop                             0x00002c90   Section        0  texas.o(i.TExaS_Stop)
    i.TExaS_Task0                            0x00002c98   Section        0  texas.o(i.TExaS_Task0)
    i.TExaS_Task1                            0x00002d04   Section        0  texas.o(i.TExaS_Task1)
    i.TExaS_Task3                            0x00002d70   Section        0  texas.o(i.TExaS_Task3)
    i.TExaS_Task4                            0x00002ddc   Section        0  texas.o(i.TExaS_Task4)
    i.TExaS_Task5                            0x00002e48   Section        0  texas.o(i.TExaS_Task5)
    i.TIMER5A_Handler                        0x00002eb4   Section        0  texas.o(i.TIMER5A_Handler)
    i.UART_Init                              0x00002ecc   Section        0  texas.o(i.UART_Init)
    i.UART_OutChar                           0x00002f70   Section        0  texas.o(i.UART_OutChar)
    i.UART_OutString                         0x00002f88   Section        0  texas.o(i.UART_OutString)
    i.UART_OutUDec                           0x00002fa0   Section        0  texas.o(i.UART_OutUDec)
    i.UART_OutUDec5                          0x00002fcc   Section        0  texas.o(i.UART_OutUDec5)
    i.UART_OutUDec7                          0x00003010   Section        0  texas.o(i.UART_OutUDec7)
    i.UART_OutUFix1                          0x00003054   Section        0  texas.o(i.UART_OutUFix1)
    fillmessage5b                            0x00003085   Thumb Code   116  texas.o(i.fillmessage5b)
    i.fillmessage5b                          0x00003084   Section        0  texas.o(i.fillmessage5b)
    fillmessage7b                            0x00003105   Thumb Code   174  texas.o(i.fillmessage7b)
    i.fillmessage7b                          0x00003104   Section        0  texas.o(i.fillmessage7b)
    fillmessageb                             0x000031c9   Thumb Code    64  texas.o(i.fillmessageb)
    i.fillmessageb                           0x000031c8   Section        0  texas.o(i.fillmessageb)
    .constdata                               0x00003210   Section       72  texas.o(.constdata)
    Font                                     0x00003258   Data        1275  bsp.o(.rodata.Font)
    [Anonymous Symbol]                       0x00003258   Section        0  bsp.o(.rodata.Font)
    .L.str.9                                 0x00003753   Data           7  lab1.o(.rodata.str1.1)
    [Anonymous Symbol]                       0x00003753   Section        0  lab1.o(.rodata.str1.1)
    .L.str.6                                 0x0000375a   Data           6  lab1.o(.rodata.str1.1)
    .L.str.7                                 0x00003760   Data           6  lab1.o(.rodata.str1.1)
    .L.str.8                                 0x00003766   Data           7  lab1.o(.rodata.str1.1)
    .L.str                                   0x0000376d   Data           5  lab1.o(.rodata.str1.1)
    .L.str.4                                 0x00003771   Data           1  lab1.o(.rodata.str1.1)
    .data                                    0x20000000   Section      148  texas.o(.data)
    count                                    0x20000090   Data           4  texas.o(.data)
    .bss                                     0x200000a0   Section       20  texas.o(.bss)
    .bss                                     0x200000b4   Section       96  libspace.o(.bss)
    ClockFrequency                           0x2000011c   Data           1  bsp.o(.bss.ClockFrequency)
    [Anonymous Symbol]                       0x2000011c   Section        0  bsp.o(.bss.ClockFrequency)
    ColStart                                 0x2000011d   Data           1  bsp.o(.bss.ColStart)
    [Anonymous Symbol]                       0x2000011d   Section        0  bsp.o(.bss.ColStart)
    PWMCycles                                0x20000144   Data           2  bsp.o(.bss.PWMCycles)
    [Anonymous Symbol]                       0x20000144   Section        0  bsp.o(.bss.PWMCycles)
    RowStart                                 0x2000015c   Data           1  bsp.o(.bss.RowStart)
    [Anonymous Symbol]                       0x2000015c   Section        0  bsp.o(.bss.RowStart)
    Task0.soundSum                           0x20000940   Data           4  lab1.o(.bss.Task0.soundSum)
    [Anonymous Symbol]                       0x20000940   Section        0  lab1.o(.bss.Task0.soundSum)
    Task0.time                               0x20000944   Data           4  lab1.o(.bss.Task0.time)
    [Anonymous Symbol]                       0x20000944   Section        0  lab1.o(.bss.Task0.time)
    Task3.prev1                              0x20000948   Data           1  lab1.o(.bss.Task3.prev1)
    [Anonymous Symbol]                       0x20000948   Section        0  lab1.o(.bss.Task3.prev1)
    Task3.prev2                              0x20000949   Data           1  lab1.o(.bss.Task3.prev2)
    [Anonymous Symbol]                       0x20000949   Section        0  lab1.o(.bss.Task3.prev2)
    Heap_Mem                                 0x20000960   Data           0  startup_tm4c123.o(HEAP)
    Stack_Mem                                0x20000960   Data         512  startup_tm4c123.o(STACK)
    HEAP                                     0x20000960   Section        0  startup_tm4c123.o(HEAP)
    STACK                                    0x20000960   Section      512  startup_tm4c123.o(STACK)
    __initial_sp                             0x20000b60   Data           0  startup_tm4c123.o(STACK)

    Global Symbols

    Symbol Name                              Value     Ov Type        Size  Object(Section)

    BuildAttributes$$THM_ISAv4$E$P$D$K$B$S$7EM$PE$A:L22UL41UL21$X:L11$S22US41US21$IEEE1$IW$~IW$USESV6$~STKCKD$USESV7$~SHL$OTIME$ROPI$EBA8$UX$STANDARDLIB$REQ8$PRES8$EABIv2 0x00000000   Number         0  anon$$obj.o ABSOLUTE
    __Vectors                                0x00000000   Data           4  startup_tm4c123.o(RESET)
    __fp_init_empty                          0x00000000   Number         0  fpinit_empty.o ABSOLUTE
    __ARM_exceptions_init                     - Undefined Weak Reference
    __alloca_initialize                       - Undefined Weak Reference
    __arm_preinit_                            - Undefined Weak Reference
    __arm_relocate_pie_                       - Undefined Weak Reference
    __cpp_initialize__aeabi_                  - Undefined Weak Reference
    __cxa_finalize                            - Undefined Weak Reference
    __rt_locale                               - Undefined Weak Reference
    __sigvec_lookup                           - Undefined Weak Reference
    _atexit_init                              - Undefined Weak Reference
    _call_atexit_fns                          - Undefined Weak Reference
    _clock_init                               - Undefined Weak Reference
    _fp_trap_init                             - Undefined Weak Reference
    _fp_trap_shutdown                         - Undefined Weak Reference
    _get_lc_collate                           - Undefined Weak Reference
    _get_lc_ctype                             - Undefined Weak Reference
    _get_lc_monetary                          - Undefined Weak Reference
    _get_lc_numeric                           - Undefined Weak Reference
    _get_lc_time                              - Undefined Weak Reference
    _getenv_init                              - Undefined Weak Reference
    _handle_redirection                       - Undefined Weak Reference
    _init_alloc                               - Undefined Weak Reference
    _init_user_alloc                          - Undefined Weak Reference
    _initio                                   - Undefined Weak Reference
    _rand_init                                - Undefined Weak Reference
    _signal_finish                            - Undefined Weak Reference
    _signal_init                              - Undefined Weak Reference
    _terminate_alloc                          - Undefined Weak Reference
    _terminate_user_alloc                     - Undefined Weak Reference
    _terminateio                              - Undefined Weak Reference
    __Vectors_End                            0x0000026c   Data           0  startup_tm4c123.o(RESET)
    __Vectors_Size                           0x0000026c   Number         0  startup_tm4c123.o ABSOLUTE
    __main                                   0x0000026d   Thumb Code     8  __main.o(!!!main)
    __scatterload                            0x00000275   Thumb Code     0  __scatter.o(!!!scatter)
    __scatterload_rt2                        0x00000275   Thumb Code    84  __scatter.o(!!!scatter)
    __scatterload_rt2_thumb_only             0x00000275   Thumb Code     0  __scatter.o(!!!scatter)
    __scatterload_loop                       0x0000027f   Thumb Code     0  __scatter.o(!!!scatter)
    __scatterload_copy                       0x000002d1   Thumb Code    26  __scatter_copy.o(!!handler_copy)
    __scatterload_null                       0x000002ed   Thumb Code     2  __scatter.o(!!handler_null)
    __scatterload_zeroinit                   0x000002f1   Thumb Code    28  __scatter_zi.o(!!handler_zi)
    __rt_lib_init                            0x0000030d   Thumb Code     0  libinit.o(.ARM.Collect$$libinit$$00000000)
    __rt_lib_init_alloca_1                   0x0000030f   Thumb Code     0  libinit2.o(.ARM.Collect$$libinit$$00000030)
    __rt_lib_init_argv_1                     0x0000030f   Thumb Code     0  libinit2.o(.ARM.Collect$$libinit$$0000002E)
    __rt_lib_init_atexit_1                   0x0000030f   Thumb Code     0  libinit2.o(.ARM.Collect$$libinit$$0000001D)
    __rt_lib_init_clock_1                    0x0000030f   Thumb Code     0  libinit2.o(.ARM.Collect$$libinit$$00000023)
    __rt_lib_init_cpp_1                      0x0000030f   Thumb Code     0  libinit2.o(.ARM.Collect$$libinit$$00000034)
    __rt_lib_init_exceptions_1               0x0000030f   Thumb Code     0  libinit2.o(.ARM.Collect$$libinit$$00000032)
    __rt_lib_init_fp_1                       0x0000030f   Thumb Code     0  libinit2.o(.ARM.Collect$$libinit$$00000002)
    __rt_lib_init_fp_trap_1                  0x0000030f   Thumb Code     0  libinit2.o(.ARM.Collect$$libinit$$00000021)
    __rt_lib_init_getenv_1                   0x0000030f   Thumb Code     0  libinit2.o(.ARM.Collect$$libinit$$00000025)
    __rt_lib_init_heap_1                     0x0000030f   Thumb Code     0  libinit2.o(.ARM.Collect$$libinit$$0000000C)
    __rt_lib_init_lc_collate_1               0x0000030f   Thumb Code     0  libinit2.o(.ARM.Collect$$libinit$$00000013)
    __rt_lib_init_lc_ctype_1                 0x0000030f   Thumb Code     0  libinit2.o(.ARM.Collect$$libinit$$00000015)
    __rt_lib_init_lc_monetary_1              0x0000030f   Thumb Code     0  libinit2.o(.ARM.Collect$$libinit$$00000017)
    __rt_lib_init_lc_numeric_1               0x0000030f   Thumb Code     0  libinit2.o(.ARM.Collect$$libinit$$00000019)
    __rt_lib_init_lc_time_1                  0x0000030f   Thumb Code     0  libinit2.o(.ARM.Collect$$libinit$$0000001B)
    __rt_lib_init_preinit_1                  0x0000030f   Thumb Code     0  libinit2.o(.ARM.Collect$$libinit$$00000006)
    __rt_lib_init_rand_1                     0x0000030f   Thumb Code     0  libinit2.o(.ARM.Collect$$libinit$$00000010)
    __rt_lib_init_relocate_pie_1             0x0000030f   Thumb Code     0  libinit2.o(.ARM.Collect$$libinit$$00000004)
    __rt_lib_init_return                     0x0000030f   Thumb Code     0  libinit2.o(.ARM.Collect$$libinit$$00000035)
    __rt_lib_init_signal_1                   0x0000030f   Thumb Code     0  libinit2.o(.ARM.Collect$$libinit$$0000001F)
    __rt_lib_init_stdio_1                    0x0000030f   Thumb Code     0  libinit2.o(.ARM.Collect$$libinit$$00000027)
    __rt_lib_init_user_alloc_1               0x0000030f   Thumb Code     0  libinit2.o(.ARM.Collect$$libinit$$0000000E)
    __rt_lib_shutdown                        0x00000311   Thumb Code     0  libshutdown.o(.ARM.Collect$$libshutdown$$00000000)
    __rt_lib_shutdown_cpp_1                  0x00000313   Thumb Code     0  libshutdown2.o(.ARM.Collect$$libshutdown$$00000002)
    __rt_lib_shutdown_fp_trap_1              0x00000313   Thumb Code     0  libshutdown2.o(.ARM.Collect$$libshutdown$$00000007)
    __rt_lib_shutdown_heap_1                 0x00000313   Thumb Code     0  libshutdown2.o(.ARM.Collect$$libshutdown$$0000000F)
    __rt_lib_shutdown_return                 0x00000313   Thumb Code     0  libshutdown2.o(.ARM.Collect$$libshutdown$$00000010)
    __rt_lib_shutdown_signal_1               0x00000313   Thumb Code     0  libshutdown2.o(.ARM.Collect$$libshutdown$$0000000A)
    __rt_lib_shutdown_stdio_1                0x00000313   Thumb Code     0  libshutdown2.o(.ARM.Collect$$libshutdown$$00000004)
    __rt_lib_shutdown_user_alloc_1           0x00000313   Thumb Code     0  libshutdown2.o(.ARM.Collect$$libshutdown$$0000000C)
    __rt_entry                               0x00000315   Thumb Code     0  __rtentry.o(.ARM.Collect$$rtentry$$00000000)
    __rt_entry_presh_1                       0x00000315   Thumb Code     0  __rtentry2.o(.ARM.Collect$$rtentry$$00000002)
    __rt_entry_sh                            0x00000315   Thumb Code     0  __rtentry4.o(.ARM.Collect$$rtentry$$00000004)
    __rt_entry_li                            0x0000031b   Thumb Code     0  __rtentry2.o(.ARM.Collect$$rtentry$$0000000A)
    __rt_entry_postsh_1                      0x0000031b   Thumb Code     0  __rtentry2.o(.ARM.Collect$$rtentry$$00000009)
    __rt_entry_main                          0x0000031f   Thumb Code     0  __rtentry2.o(.ARM.Collect$$rtentry$$0000000D)
    __rt_entry_postli_1                      0x0000031f   Thumb Code     0  __rtentry2.o(.ARM.Collect$$rtentry$$0000000C)
    __rt_exit                                0x00000327   Thumb Code     0  rtexit.o(.ARM.Collect$$rtexit$$00000000)
    __rt_exit_ls                             0x00000329   Thumb Code     0  rtexit2.o(.ARM.Collect$$rtexit$$00000003)
    __rt_exit_prels_1                        0x00000329   Thumb Code     0  rtexit2.o(.ARM.Collect$$rtexit$$00000002)
    __rt_exit_exit                           0x0000032d   Thumb Code     0  rtexit2.o(.ARM.Collect$$rtexit$$00000004)
    Reset_Handler                            0x00000335   Thumb Code     4  startup_tm4c123.o(.text)
    NMI_Handler                              0x00000339   Thumb Code     2  startup_tm4c123.o(.text)
    HardFault_Handler                        0x0000033b   Thumb Code     2  startup_tm4c123.o(.text)
    MemManage_Handler                        0x0000033d   Thumb Code     2  startup_tm4c123.o(.text)
    BusFault_Handler                         0x0000033f   Thumb Code     2  startup_tm4c123.o(.text)
    UsageFault_Handler                       0x00000341   Thumb Code     2  startup_tm4c123.o(.text)
    SVC_Handler                              0x00000343   Thumb Code     2  startup_tm4c123.o(.text)
    DebugMon_Handler                         0x00000345   Thumb Code     2  startup_tm4c123.o(.text)
    PendSV_Handler                           0x00000347   Thumb Code     2  startup_tm4c123.o(.text)
    SysTick_Handler                          0x00000349   Thumb Code     2  startup_tm4c123.o(.text)
    GPIOPortA_Handler                        0x0000034b   Thumb Code     2  startup_tm4c123.o(.text)
    GPIOPortB_Handler                        0x0000034d   Thumb Code     2  startup_tm4c123.o(.text)
    GPIOPortC_Handler                        0x0000034f   Thumb Code     2  startup_tm4c123.o(.text)
    GPIOPortD_Handler                        0x00000351   Thumb Code     2  startup_tm4c123.o(.text)
    GPIOPortE_Handler                        0x00000353   Thumb Code     2  startup_tm4c123.o(.text)
    UART0_Handler                            0x00000355   Thumb Code     2  startup_tm4c123.o(.text)
    UART1_Handler                            0x00000357   Thumb Code     2  startup_tm4c123.o(.text)
    SSI0_Handler                             0x00000359   Thumb Code     2  startup_tm4c123.o(.text)
    I2C0_Handler                             0x0000035b   Thumb Code     2  startup_tm4c123.o(.text)
    PMW0_FAULT_Handler                       0x0000035d   Thumb Code     2  startup_tm4c123.o(.text)
    PWM0Generator0_Handler                   0x0000035f   Thumb Code     2  startup_tm4c123.o(.text)
    PWM0Generator1_Handler                   0x00000361   Thumb Code     2  startup_tm4c123.o(.text)
    PWM0Generator2_Handler                   0x00000363   Thumb Code     2  startup_tm4c123.o(.text)
    Quadrature0_Handler                      0x00000365   Thumb Code     2  startup_tm4c123.o(.text)
    ADC0Seq0_Handler                         0x00000367   Thumb Code     2  startup_tm4c123.o(.text)
    ADC0Seq1_Handler                         0x00000369   Thumb Code     2  startup_tm4c123.o(.text)
    ADC0Seq2_Handler                         0x0000036b   Thumb Code     2  startup_tm4c123.o(.text)
    ADC0Seq3_Handler                         0x0000036d   Thumb Code     2  startup_tm4c123.o(.text)
    WDT_Handler                              0x0000036f   Thumb Code     2  startup_tm4c123.o(.text)
    TIMER0A_Handler                          0x00000371   Thumb Code     2  startup_tm4c123.o(.text)
    TIMER0B_Handler                          0x00000373   Thumb Code     2  startup_tm4c123.o(.text)
    TIMER1A_Handler                          0x00000375   Thumb Code     2  startup_tm4c123.o(.text)
    TIMER1B_Handler                          0x00000377   Thumb Code     2  startup_tm4c123.o(.text)
    TIMER2A_Handler                          0x00000379   Thumb Code     2  startup_tm4c123.o(.text)
    TIMER2B_Handler                          0x0000037b   Thumb Code     2  startup_tm4c123.o(.text)
    COMP0_Handler                            0x0000037d   Thumb Code     2  startup_tm4c123.o(.text)
    COMP1_Handler                            0x0000037f   Thumb Code     2  startup_tm4c123.o(.text)
    COMP2_Handler                            0x00000381   Thumb Code     2  startup_tm4c123.o(.text)
    SYSCTL_Handler                           0x00000383   Thumb Code     2  startup_tm4c123.o(.text)
    FlashCtl_Handler                         0x00000385   Thumb Code     2  startup_tm4c123.o(.text)
    GPIOPortF_Handler                        0x00000387   Thumb Code     2  startup_tm4c123.o(.text)
    GPIOPortG_Handler                        0x00000389   Thumb Code     2  startup_tm4c123.o(.text)
    GPIOPortH_Handler                        0x0000038b   Thumb Code     2  startup_tm4c123.o(.text)
    UART2_Handler                            0x0000038d   Thumb Code     2  startup_tm4c123.o(.text)
    SSI1_Handler                             0x0000038f   Thumb Code     2  startup_tm4c123.o(.text)
    TIMER3A_Handler                          0x00000391   Thumb Code     2  startup_tm4c123.o(.text)
    TIMER3B_Handler                          0x00000393   Thumb Code     2  startup_tm4c123.o(.text)
    I2C1_Handler                             0x00000395   Thumb Code     2  startup_tm4c123.o(.text)
    Quadrature1_Handler                      0x00000397   Thumb Code     2  startup_tm4c123.o(.text)
    CAN0_Handler                             0x00000399   Thumb Code     2  startup_tm4c123.o(.text)
    CAN1_Handler                             0x0000039b   Thumb Code     2  startup_tm4c123.o(.text)
    CAN2_Handler                             0x0000039d   Thumb Code     2  startup_tm4c123.o(.text)
    Hibernate_Handler                        0x0000039f   Thumb Code     2  startup_tm4c123.o(.text)
    USB0_Handler                             0x000003a1   Thumb Code     2  startup_tm4c123.o(.text)
    PWM0Generator3_Handler                   0x000003a3   Thumb Code     2  startup_tm4c123.o(.text)
    UDMA_Handler                             0x000003a5   Thumb Code     2  startup_tm4c123.o(.text)
    UDMAERR_Handler                          0x000003a7   Thumb Code     2  startup_tm4c123.o(.text)
    ADC1Seq0_Handler                         0x000003a9   Thumb Code     2  startup_tm4c123.o(.text)
    ADC1Seq1_Handler                         0x000003ab   Thumb Code     2  startup_tm4c123.o(.text)
    ADC1Seq2_Handler                         0x000003ad   Thumb Code     2  startup_tm4c123.o(.text)
    ADC1Seq3_Handler                         0x000003af   Thumb Code     2  startup_tm4c123.o(.text)
    GPIOPortJ_Handler                        0x000003b1   Thumb Code     2  startup_tm4c123.o(.text)
    GPIOPortK_Handler                        0x000003b3   Thumb Code     2  startup_tm4c123.o(.text)
    GPIOPortL_Handler                        0x000003b5   Thumb Code     2  startup_tm4c123.o(.text)
    SSI2_Handler                             0x000003b7   Thumb Code     2  startup_tm4c123.o(.text)
    SSI3_Handler                             0x000003b9   Thumb Code     2  startup_tm4c123.o(.text)
    UART3_Handler                            0x000003bb   Thumb Code     2  startup_tm4c123.o(.text)
    UART4_Handler                            0x000003bd   Thumb Code     2  startup_tm4c123.o(.text)
    UART5_Handler                            0x000003bf   Thumb Code     2  startup_tm4c123.o(.text)
    UART6_Handler                            0x000003c1   Thumb Code     2  startup_tm4c123.o(.text)
    UART7_Handler                            0x000003c3   Thumb Code     2  startup_tm4c123.o(.text)
    I2C2_Handler                             0x000003c5   Thumb Code     2  startup_tm4c123.o(.text)
    I2C3_Handler                             0x000003c7   Thumb Code     2  startup_tm4c123.o(.text)
    TIMER4A_Handler                          0x000003c9   Thumb Code     2  startup_tm4c123.o(.text)
    TIMER4B_Handler                          0x000003cb   Thumb Code     2  startup_tm4c123.o(.text)
    TIMER5B_Handler                          0x000003cf   Thumb Code     2  startup_tm4c123.o(.text)
    WideTimer0A_Handler                      0x000003d1   Thumb Code     2  startup_tm4c123.o(.text)
    WideTimer0B_Handler                      0x000003d3   Thumb Code     2  startup_tm4c123.o(.text)
    WideTimer1A_Handler                      0x000003d5   Thumb Code     2  startup_tm4c123.o(.text)
    WideTimer1B_Handler                      0x000003d7   Thumb Code     2  startup_tm4c123.o(.text)
    WideTimer2A_Handler                      0x000003d9   Thumb Code     2  startup_tm4c123.o(.text)
    WideTimer2B_Handler                      0x000003db   Thumb Code     2  startup_tm4c123.o(.text)
    WideTimer3B_Handler                      0x000003df   Thumb Code     2  startup_tm4c123.o(.text)
    WideTimer4B_Handler                      0x000003e3   Thumb Code     2  startup_tm4c123.o(.text)
    WideTimer5B_Handler                      0x000003e7   Thumb Code     2  startup_tm4c123.o(.text)
    FPU_Handler                              0x000003e9   Thumb Code     2  startup_tm4c123.o(.text)
    I2C4_Handler                             0x000003eb   Thumb Code     2  startup_tm4c123.o(.text)
    I2C5_Handler                             0x000003ed   Thumb Code     2  startup_tm4c123.o(.text)
    GPIOPortM_Handler                        0x000003ef   Thumb Code     2  startup_tm4c123.o(.text)
    GPIOPortN_Handler                        0x000003f1   Thumb Code     2  startup_tm4c123.o(.text)
    QEI2_Handler                             0x000003f3   Thumb Code     2  startup_tm4c123.o(.text)
    GPIOPortP0_Handler                       0x000003f5   Thumb Code     2  startup_tm4c123.o(.text)
    GPIOPortP1_Handler                       0x000003f7   Thumb Code     2  startup_tm4c123.o(.text)
    GPIOPortP2_Handler                       0x000003f9   Thumb Code     2  startup_tm4c123.o(.text)
    GPIOPortP3_Handler                       0x000003fb   Thumb Code     2  startup_tm4c123.o(.text)
    GPIOPortP4_Handler                       0x000003fd   Thumb Code     2  startup_tm4c123.o(.text)
    GPIOPortP5_Handler                       0x000003ff   Thumb Code     2  startup_tm4c123.o(.text)
    GPIOPortP6_Handler                       0x00000401   Thumb Code     2  startup_tm4c123.o(.text)
    GPIOPortP7_Handler                       0x00000403   Thumb Code     2  startup_tm4c123.o(.text)
    GPIOPortQ0_Handler                       0x00000405   Thumb Code     2  startup_tm4c123.o(.text)
    GPIOPortQ1_Handler                       0x00000407   Thumb Code     2  startup_tm4c123.o(.text)
    GPIOPortQ2_Handler                       0x00000409   Thumb Code     2  startup_tm4c123.o(.text)
    GPIOPortQ3_Handler                       0x0000040b   Thumb Code     2  startup_tm4c123.o(.text)
    GPIOPortQ4_Handler                       0x0000040d   Thumb Code     2  startup_tm4c123.o(.text)
    GPIOPortQ5_Handler                       0x0000040f   Thumb Code     2  startup_tm4c123.o(.text)
    GPIOPortQ6_Handler                       0x00000411   Thumb Code     2  startup_tm4c123.o(.text)
    GPIOPortQ7_Handler                       0x00000413   Thumb Code     2  startup_tm4c123.o(.text)
    GPIOPortR_Handler                        0x00000415   Thumb Code     2  startup_tm4c123.o(.text)
    GPIOPortS_Handler                        0x00000417   Thumb Code     2  startup_tm4c123.o(.text)
    PWM1Generator0_Handler                   0x00000419   Thumb Code     2  startup_tm4c123.o(.text)
    PWM1Generator1_Handler                   0x0000041b   Thumb Code     2  startup_tm4c123.o(.text)
    PWM1Generator2_Handler                   0x0000041d   Thumb Code     2  startup_tm4c123.o(.text)
    PWM1Generator3_Handler                   0x0000041f   Thumb Code     2  startup_tm4c123.o(.text)
    PWM1Fault_Handler                        0x00000421   Thumb Code     2  startup_tm4c123.o(.text)
    DisableInterrupts                        0x00000429   Thumb Code     0  startup_tm4c123.o(.text)
    EnableInterrupts                         0x0000042d   Thumb Code     0  startup_tm4c123.o(.text)
    StartCritical                            0x00000431   Thumb Code     0  startup_tm4c123.o(.text)
    EndCritical                              0x00000439   Thumb Code     0  startup_tm4c123.o(.text)
    WaitForInterrupt                         0x0000043f   Thumb Code     0  startup_tm4c123.o(.text)
    __user_initial_stackheap                 0x00000443   Thumb Code     0  startup_tm4c123.o(.text)
    __use_two_region_memory                  0x00000459   Thumb Code     2  heapauxi.o(.text)
    __rt_heap_escrow$2region                 0x0000045b   Thumb Code     2  heapauxi.o(.text)
    __rt_heap_expand$2region                 0x0000045d   Thumb Code     2  heapauxi.o(.text)
    __user_setup_stackheap                   0x0000045f   Thumb Code    74  sys_stackheap_outer.o(.text)
    exit                                     0x000004a9   Thumb Code    18  exit.o(.text)
    __user_libspace                          0x000004bd   Thumb Code     8  libspace.o(.text)
    __user_perproc_libspace                  0x000004bd   Thumb Code     0  libspace.o(.text)
    __user_perthread_libspace                0x000004bd   Thumb Code     0  libspace.o(.text)
    _sys_exit                                0x000004c5   Thumb Code     8  sys_exit.o(.text)
    __I$use$semihosting                      0x000004d1   Thumb Code     0  use_no_semi.o(.text)
    __use_no_semihosting_swi                 0x000004d1   Thumb Code     2  use_no_semi.o(.text)
    __semihosting_library_function           0x000004d3   Thumb Code     0  indicate_semi.o(.text)
    BSP_Accelerometer_Init                   0x000004d5   Thumb Code   236  bsp.o(.text.BSP_Accelerometer_Init)
    BSP_Accelerometer_Input                  0x000005c1   Thumb Code    56  bsp.o(.text.BSP_Accelerometer_Input)
    BSP_Button1_Init                         0x000005f9   Thumb Code    98  bsp.o(.text.BSP_Button1_Init)
    BSP_Button1_Input                        0x0000065d   Thumb Code    14  bsp.o(.text.BSP_Button1_Input)
    BSP_Button2_Init                         0x0000066d   Thumb Code   116  bsp.o(.text.BSP_Button2_Init)
    BSP_Button2_Input                        0x000006e1   Thumb Code    14  bsp.o(.text.BSP_Button2_Input)
    BSP_Buzzer_Init                          0x000006f1   Thumb Code   222  bsp.o(.text.BSP_Buzzer_Init)
    BSP_Buzzer_Set                           0x000007d1   Thumb Code    36  bsp.o(.text.BSP_Buzzer_Set)
    BSP_Clock_GetFreq                        0x000007f5   Thumb Code    32  bsp.o(.text.BSP_Clock_GetFreq)
    BSP_Clock_InitFastest                    0x00000815   Thumb Code   118  bsp.o(.text.BSP_Clock_InitFastest)
    BSP_Delay1ms                             0x0000088d   Thumb Code     2  bsp.o(.text.BSP_Delay1ms)
    BSP_LCD_Color565                         0x00000891   Thumb Code    20  bsp.o(.text.BSP_LCD_Color565)
    BSP_LCD_DrawChar                         0x000008a5   Thumb Code   418  bsp.o(.text.BSP_LCD_DrawChar)
    BSP_LCD_DrawString                       0x00000a49   Thumb Code   106  bsp.o(.text.BSP_LCD_DrawString)
    BSP_LCD_Drawaxes                         0x00000ab5   Thumb Code   826  bsp.o(.text.BSP_LCD_Drawaxes)
    BSP_LCD_FillScreen                       0x00000df1   Thumb Code   144  bsp.o(.text.BSP_LCD_FillScreen)
    BSP_LCD_Init                             0x00000e81   Thumb Code   924  bsp.o(.text.BSP_LCD_Init)
    BSP_LCD_OutUDec4                         0x00001295   Thumb Code   258  bsp.o(.text.BSP_LCD_OutUDec4)
    BSP_LCD_PlotIncrement                    0x00001399   Thumb Code   164  bsp.o(.text.BSP_LCD_PlotIncrement)
    BSP_LCD_PlotPoint                        0x0000143d   Thumb Code   316  bsp.o(.text.BSP_LCD_PlotPoint)
    BSP_LCD_SetCursor                        0x00001579   Thumb Code    32  bsp.o(.text.BSP_LCD_SetCursor)
    BSP_Microphone_Init                      0x00001599   Thumb Code   232  bsp.o(.text.BSP_Microphone_Init)
    BSP_Microphone_Input                     0x00001681   Thumb Code    32  bsp.o(.text.BSP_Microphone_Input)
    BSP_RGB_Init                             0x000016a1   Thumb Code   506  bsp.o(.text.BSP_RGB_Init)
    BSP_RGB_Set                              0x0000189d   Thumb Code    80  bsp.o(.text.BSP_RGB_Set)
    BSP_Time_Get                             0x000018ed   Thumb Code    14  bsp.o(.text.BSP_Time_Get)
    BSP_Time_Init                            0x000018fd   Thumb Code   100  bsp.o(.text.BSP_Time_Init)
    Profile_Init                             0x00001961   Thumb Code   346  profile.o(.text.Profile_Init)
    Task0                                    0x00001abd   Thumb Code   202  lab1.o(.text.Task0)
    Task1                                    0x00001b89   Thumb Code   394  lab1.o(.text.Task1)
    Task3                                    0x00001d15   Thumb Code   224  lab1.o(.text.Task3)
    Task4                                    0x00001df5   Thumb Code   134  lab1.o(.text.Task4)
    Task5                                    0x00001e7d   Thumb Code   150  lab1.o(.text.Task5)
    WideTimer3A_Handler                      0x00001f15   Thumb Code    24  bsp.o(.text.WideTimer3A_Handler)
    WideTimer4A_Handler                      0x00001f2d   Thumb Code    24  bsp.o(.text.WideTimer4A_Handler)
    WideTimer5A_Handler                      0x00001f45   Thumb Code    24  bsp.o(.text.WideTimer5A_Handler)
    drawaxes                                 0x00001f5d   Thumb Code   176  lab1.o(.text.drawaxes)
    main                                     0x0000206d   Thumb Code   362  lab1.o(.text.main)
    Grader                                   0x00002471   Thumb Code   956  texas.o(i.Grader)
    LogicAnalyzer                            0x0000297d   Thumb Code    12  texas.o(i.LogicAnalyzer)
    PeriodicTask2_Init                       0x00002991   Thumb Code   164  texas.o(i.PeriodicTask2_Init)
    PeriodicTask2_Stop                       0x00002a4d   Thumb Code    24  texas.o(i.PeriodicTask2_Stop)
    TExaS_Init                               0x00002b3d   Thumb Code   170  texas.o(i.TExaS_Init)
    TExaS_Stop                               0x00002c91   Thumb Code     8  texas.o(i.TExaS_Stop)
    TExaS_Task0                              0x00002c99   Thumb Code    84  texas.o(i.TExaS_Task0)
    TExaS_Task1                              0x00002d05   Thumb Code    84  texas.o(i.TExaS_Task1)
    TExaS_Task3                              0x00002d71   Thumb Code    84  texas.o(i.TExaS_Task3)
    TExaS_Task4                              0x00002ddd   Thumb Code    84  texas.o(i.TExaS_Task4)
    TExaS_Task5                              0x00002e49   Thumb Code    84  texas.o(i.TExaS_Task5)
    TIMER5A_Handler                          0x00002eb5   Thumb Code    16  texas.o(i.TIMER5A_Handler)
    UART_Init                                0x00002ecd   Thumb Code   148  texas.o(i.UART_Init)
    UART_OutChar                             0x00002f71   Thumb Code    20  texas.o(i.UART_OutChar)
    UART_OutString                           0x00002f89   Thumb Code    24  texas.o(i.UART_OutString)
    UART_OutUDec                             0x00002fa1   Thumb Code    42  texas.o(i.UART_OutUDec)
    UART_OutUDec5                            0x00002fcd   Thumb Code    48  texas.o(i.UART_OutUDec5)
    UART_OutUDec7                            0x00003011   Thumb Code    48  texas.o(i.UART_OutUDec7)
    UART_OutUFix1                            0x00003055   Thumb Code    46  texas.o(i.UART_OutUFix1)
    Key                                      0x00003210   Data           8  texas.o(.constdata)
    Scramble                                 0x00003218   Data          32  texas.o(.constdata)
    DeScramble                               0x00003238   Data          32  texas.o(.constdata)
    Region$$Table$$Base                      0x00003774   Number         0  anon$$obj.o(Region$$Table)
    Region$$Table$$Limit                     0x00003794   Number         0  anon$$obj.o(Region$$Table)
    LogicData                                0x20000000   Data           1  texas.o(.data)
    Id                                       0x20000004   Data           4  texas.o(.data)
    Index0                                   0x20000008   Data           4  texas.o(.data)
    Index1                                   0x2000000c   Data           4  texas.o(.data)
    Index2                                   0x20000010   Data           4  texas.o(.data)
    Index3                                   0x20000014   Data           4  texas.o(.data)
    Index4                                   0x20000018   Data           4  texas.o(.data)
    Index5                                   0x2000001c   Data           4  texas.o(.data)
    Sum0                                     0x20000020   Data           4  texas.o(.data)
    Sum1                                     0x20000024   Data           4  texas.o(.data)
    Sum2                                     0x20000028   Data           4  texas.o(.data)
    Sum3                                     0x2000002c   Data           4  texas.o(.data)
    Sum4                                     0x20000030   Data           4  texas.o(.data)
    Sum5                                     0x20000034   Data           4  texas.o(.data)
    Max0                                     0x20000038   Data           4  texas.o(.data)
    Max1                                     0x2000003c   Data           4  texas.o(.data)
    Max2                                     0x20000040   Data           4  texas.o(.data)
    Max3                                     0x20000044   Data           4  texas.o(.data)
    Max4                                     0x20000048   Data           4  texas.o(.data)
    Max5                                     0x2000004c   Data           4  texas.o(.data)
    Min0                                     0x20000050   Data           4  texas.o(.data)
    Min1                                     0x20000054   Data           4  texas.o(.data)
    Min2                                     0x20000058   Data           4  texas.o(.data)
    Min3                                     0x2000005c   Data           4  texas.o(.data)
    Min4                                     0x20000060   Data           4  texas.o(.data)
    Min5                                     0x20000064   Data           4  texas.o(.data)
    Last0                                    0x20000068   Data           4  texas.o(.data)
    Last1                                    0x2000006c   Data           4  texas.o(.data)
    Last2                                    0x20000070   Data           4  texas.o(.data)
    Last3                                    0x20000074   Data           4  texas.o(.data)
    Last4                                    0x20000078   Data           4  texas.o(.data)
    Last5                                    0x2000007c   Data           4  texas.o(.data)
    PeriodicTask2                            0x20000080   Data           4  texas.o(.data)
    Messageindexb                            0x20000084   Data           4  texas.o(.data)
    Messageb                                 0x20000088   Data           8  texas.o(.data)
    LocalMin                                 0x20000094   Data           4  lab1.o(.data.LocalMin)
    StTextColor                              0x20000098   Data           2  bsp.o(.data.StTextColor)
    MagicCode                                0x200000a0   Data          10  texas.o(.bss)
    EncriptedMagicCode                       0x200000aa   Data          10  texas.o(.bss)
    __libspace_start                         0x200000b4   Data          96  libspace.o(.bss)
    AccX                                     0x20000114   Data           2  lab1.o(.bss.AccX)
    __temporary_stack_top$libspace           0x20000114   Data           0  libspace.o(.bss)
    AccY                                     0x20000116   Data           2  lab1.o(.bss.AccY)
    AccZ                                     0x20000118   Data           2  lab1.o(.bss.AccZ)
    AlgorithmState                           0x2000011a   Data           1  lab1.o(.bss.AlgorithmState)
    EWMA                                     0x20000120   Data           4  lab1.o(.bss.EWMA)
    LightData                                0x20000124   Data           4  lab1.o(.bss.LightData)
    LocalCount                               0x20000128   Data           4  lab1.o(.bss.LocalCount)
    LocalMax                                 0x2000012c   Data           4  lab1.o(.bss.LocalMax)
    Magnitude                                0x20000130   Data           4  lab1.o(.bss.Magnitude)
    Message                                  0x20000134   Data          12  bsp.o(.bss.Message)
    Messageindex                             0x20000140   Data           4  bsp.o(.bss.Messageindex)
    PeriodicTask                             0x20000148   Data           4  bsp.o(.bss.PeriodicTask)
    PeriodicTaskB                            0x2000014c   Data           4  bsp.o(.bss.PeriodicTaskB)
    PeriodicTaskC                            0x20000150   Data           4  bsp.o(.bss.PeriodicTaskC)
    PlotBGColor                              0x20000154   Data           2  bsp.o(.bss.PlotBGColor)
    PlotState                                0x20000156   Data           1  lab1.o(.bss.PlotState)
    ReDrawAxes                               0x20000158   Data           4  lab1.o(.bss.ReDrawAxes)
    SoundArray                               0x2000015e   Data        2000  lab1.o(.bss.SoundArray)
    SoundData                                0x2000092e   Data           2  lab1.o(.bss.SoundData)
    SoundRMS                                 0x20000930   Data           4  lab1.o(.bss.SoundRMS)
    StX                                      0x20000934   Data           4  bsp.o(.bss.StX)
    StY                                      0x20000938   Data           4  bsp.o(.bss.StY)
    Steps                                    0x2000093c   Data           4  lab1.o(.bss.Steps)
    Time                                     0x2000094c   Data           4  lab1.o(.bss.Time)
    TimeIndex                                0x20000950   Data           4  bsp.o(.bss.TimeIndex)
    Ymax                                     0x20000954   Data           4  bsp.o(.bss.Ymax)
    Ymin                                     0x20000958   Data           4  bsp.o(.bss.Ymin)
    Yrange                                   0x2000095c   Data           4  bsp.o(.bss.Yrange)



==============================================================================

Memory Map of the image

  Image Entry point : 0x00000335

  Load Region LR_1 (Base: 0x00000000, Size: 0x00003830, Max: 0xffffffff, ABSOLUTE)

    Execution Region ER_RO (Exec base: 0x00000000, Load base: 0x00000000, Size: 0x00003794, Max: 0xffffffff, ABSOLUTE)

    Exec Addr    Load Addr    Size         Type   Attr      Idx    E Section Name        Object

    0x00000000   0x00000000   0x0000026c   Data   RO          464    RESET               startup_tm4c123.o
    0x0000026c   0x0000026c   0x00000008   Code   RO          488  * !!!main             c_w.l(__main.o)
    0x00000274   0x00000274   0x0000005c   Code   RO          653    !!!scatter          c_w.l(__scatter.o)
    0x000002d0   0x000002d0   0x0000001a   Code   RO          657    !!handler_copy      c_w.l(__scatter_copy.o)
    0x000002ea   0x000002ea   0x00000002   PAD
    0x000002ec   0x000002ec   0x00000002   Code   RO          654    !!handler_null      c_w.l(__scatter.o)
    0x000002ee   0x000002ee   0x00000002   PAD
    0x000002f0   0x000002f0   0x0000001c   Code   RO          659    !!handler_zi        c_w.l(__scatter_zi.o)
    0x0000030c   0x0000030c   0x00000002   Code   RO          515    .ARM.Collect$$libinit$$00000000  c_w.l(libinit.o)
    0x0000030e   0x0000030e   0x00000000   Code   RO          522    .ARM.Collect$$libinit$$00000002  c_w.l(libinit2.o)
    0x0000030e   0x0000030e   0x00000000   Code   RO          524    .ARM.Collect$$libinit$$00000004  c_w.l(libinit2.o)
    0x0000030e   0x0000030e   0x00000000   Code   RO          526    .ARM.Collect$$libinit$$00000006  c_w.l(libinit2.o)
    0x0000030e   0x0000030e   0x00000000   Code   RO          529    .ARM.Collect$$libinit$$0000000C  c_w.l(libinit2.o)
    0x0000030e   0x0000030e   0x00000000   Code   RO          531    .ARM.Collect$$libinit$$0000000E  c_w.l(libinit2.o)
    0x0000030e   0x0000030e   0x00000000   Code   RO          533    .ARM.Collect$$libinit$$00000010  c_w.l(libinit2.o)
    0x0000030e   0x0000030e   0x00000000   Code   RO          536    .ARM.Collect$$libinit$$00000013  c_w.l(libinit2.o)
    0x0000030e   0x0000030e   0x00000000   Code   RO          538    .ARM.Collect$$libinit$$00000015  c_w.l(libinit2.o)
    0x0000030e   0x0000030e   0x00000000   Code   RO          540    .ARM.Collect$$libinit$$00000017  c_w.l(libinit2.o)
    0x0000030e   0x0000030e   0x00000000   Code   RO          542    .ARM.Collect$$libinit$$00000019  c_w.l(libinit2.o)
    0x0000030e   0x0000030e   0x00000000   Code   RO          544    .ARM.Collect$$libinit$$0000001B  c_w.l(libinit2.o)
    0x0000030e   0x0000030e   0x00000000   Code   RO          546    .ARM.Collect$$libinit$$0000001D  c_w.l(libinit2.o)
    0x0000030e   0x0000030e   0x00000000   Code   RO          548    .ARM.Collect$$libinit$$0000001F  c_w.l(libinit2.o)
    0x0000030e   0x0000030e   0x00000000   Code   RO          550    .ARM.Collect$$libinit$$00000021  c_w.l(libinit2.o)
    0x0000030e   0x0000030e   0x00000000   Code   RO          552    .ARM.Collect$$libinit$$00000023  c_w.l(libinit2.o)
    0x0000030e   0x0000030e   0x00000000   Code   RO          554    .ARM.Collect$$libinit$$00000025  c_w.l(libinit2.o)
    0x0000030e   0x0000030e   0x00000000   Code   RO          556    .ARM.Collect$$libinit$$00000027  c_w.l(libinit2.o)
    0x0000030e   0x0000030e   0x00000000   Code   RO          560    .ARM.Collect$$libinit$$0000002E  c_w.l(libinit2.o)
    0x0000030e   0x0000030e   0x00000000   Code   RO          562    .ARM.Collect$$libinit$$00000030  c_w.l(libinit2.o)
    0x0000030e   0x0000030e   0x00000000   Code   RO          564    .ARM.Collect$$libinit$$00000032  c_w.l(libinit2.o)
    0x0000030e   0x0000030e   0x00000000   Code   RO          566    .ARM.Collect$$libinit$$00000034  c_w.l(libinit2.o)
    0x0000030e   0x0000030e   0x00000002   Code   RO          567    .ARM.Collect$$libinit$$00000035  c_w.l(libinit2.o)
    0x00000310   0x00000310   0x00000002   Code   RO          589    .ARM.Collect$$libshutdown$$00000000  c_w.l(libshutdown.o)
    0x00000312   0x00000312   0x00000000   Code   RO          604    .ARM.Collect$$libshutdown$$00000002  c_w.l(libshutdown2.o)
    0x00000312   0x00000312   0x00000000   Code   RO          606    .ARM.Collect$$libshutdown$$00000004  c_w.l(libshutdown2.o)
    0x00000312   0x00000312   0x00000000   Code   RO          609    .ARM.Collect$$libshutdown$$00000007  c_w.l(libshutdown2.o)
    0x00000312   0x00000312   0x00000000   Code   RO          612    .ARM.Collect$$libshutdown$$0000000A  c_w.l(libshutdown2.o)
    0x00000312   0x00000312   0x00000000   Code   RO          614    .ARM.Collect$$libshutdown$$0000000C  c_w.l(libshutdown2.o)
    0x00000312   0x00000312   0x00000000   Code   RO          617    .ARM.Collect$$libshutdown$$0000000F  c_w.l(libshutdown2.o)
    0x00000312   0x00000312   0x00000002   Code   RO          618    .ARM.Collect$$libshutdown$$00000010  c_w.l(libshutdown2.o)
    0x00000314   0x00000314   0x00000000   Code   RO          490    .ARM.Collect$$rtentry$$00000000  c_w.l(__rtentry.o)
    0x00000314   0x00000314   0x00000000   Code   RO          492    .ARM.Collect$$rtentry$$00000002  c_w.l(__rtentry2.o)
    0x00000314   0x00000314   0x00000006   Code   RO          504    .ARM.Collect$$rtentry$$00000004  c_w.l(__rtentry4.o)
    0x0000031a   0x0000031a   0x00000000   Code   RO          494    .ARM.Collect$$rtentry$$00000009  c_w.l(__rtentry2.o)
    0x0000031a   0x0000031a   0x00000004   Code   RO          495    .ARM.Collect$$rtentry$$0000000A  c_w.l(__rtentry2.o)
    0x0000031e   0x0000031e   0x00000000   Code   RO          497    .ARM.Collect$$rtentry$$0000000C  c_w.l(__rtentry2.o)
    0x0000031e   0x0000031e   0x00000008   Code   RO          498    .ARM.Collect$$rtentry$$0000000D  c_w.l(__rtentry2.o)
    0x00000326   0x00000326   0x00000002   Code   RO          519    .ARM.Collect$$rtexit$$00000000  c_w.l(rtexit.o)
    0x00000328   0x00000328   0x00000000   Code   RO          569    .ARM.Collect$$rtexit$$00000002  c_w.l(rtexit2.o)
    0x00000328   0x00000328   0x00000004   Code   RO          570    .ARM.Collect$$rtexit$$00000003  c_w.l(rtexit2.o)
    0x0000032c   0x0000032c   0x00000006   Code   RO          571    .ARM.Collect$$rtexit$$00000004  c_w.l(rtexit2.o)
    0x00000332   0x00000332   0x00000002   PAD
    0x00000334   0x00000334   0x00000124   Code   RO          465  * .text               startup_tm4c123.o
    0x00000458   0x00000458   0x00000006   Code   RO          486    .text               c_w.l(heapauxi.o)
    0x0000045e   0x0000045e   0x0000004a   Code   RO          506    .text               c_w.l(sys_stackheap_outer.o)
    0x000004a8   0x000004a8   0x00000012   Code   RO          508    .text               c_w.l(exit.o)
    0x000004ba   0x000004ba   0x00000002   PAD
    0x000004bc   0x000004bc   0x00000008   Code   RO          516    .text               c_w.l(libspace.o)
    0x000004c4   0x000004c4   0x0000000c   Code   RO          579    .text               c_w.l(sys_exit.o)
    0x000004d0   0x000004d0   0x00000002   Code   RO          594    .text               c_w.l(use_no_semi.o)
    0x000004d2   0x000004d2   0x00000000   Code   RO          596    .text               c_w.l(indicate_semi.o)
    0x000004d2   0x000004d2   0x00000002   PAD
    0x000004d4   0x000004d4   0x000000ec   Code   RO           92    .text.BSP_Accelerometer_Init  bsp.o
    0x000005c0   0x000005c0   0x00000038   Code   RO           94    .text.BSP_Accelerometer_Input  bsp.o
    0x000005f8   0x000005f8   0x00000062   Code   RO           66    .text.BSP_Button1_Init  bsp.o
    0x0000065a   0x0000065a   0x00000002   PAD
    0x0000065c   0x0000065c   0x0000000e   Code   RO           68    .text.BSP_Button1_Input  bsp.o
    0x0000066a   0x0000066a   0x00000002   PAD
    0x0000066c   0x0000066c   0x00000074   Code   RO           70    .text.BSP_Button2_Init  bsp.o
    0x000006e0   0x000006e0   0x0000000e   Code   RO           72    .text.BSP_Button2_Input  bsp.o
    0x000006ee   0x000006ee   0x00000002   PAD
    0x000006f0   0x000006f0   0x000000de   Code   RO           88    .text.BSP_Buzzer_Init  bsp.o
    0x000007ce   0x000007ce   0x00000002   PAD
    0x000007d0   0x000007d0   0x00000024   Code   RO           90    .text.BSP_Buzzer_Set  bsp.o
    0x000007f4   0x000007f4   0x00000020   Code   RO          150    .text.BSP_Clock_GetFreq  bsp.o
    0x00000814   0x00000814   0x00000076   Code   RO          148    .text.BSP_Clock_InitFastest  bsp.o
    0x0000088a   0x0000088a   0x00000002   PAD
    0x0000088c   0x0000088c   0x00000002   Code   RO          176    .text.BSP_Delay1ms  bsp.o
    0x0000088e   0x0000088e   0x00000002   PAD
    0x00000890   0x00000890   0x00000014   Code   RO          116    .text.BSP_LCD_Color565  bsp.o
    0x000008a4   0x000008a4   0x000001a2   Code   RO          124    .text.BSP_LCD_DrawChar  bsp.o
    0x00000a46   0x00000a46   0x00000002   PAD
    0x00000a48   0x00000a48   0x0000006a   Code   RO          126    .text.BSP_LCD_DrawString  bsp.o
    0x00000ab2   0x00000ab2   0x00000002   PAD
    0x00000ab4   0x00000ab4   0x0000033a   Code   RO          142    .text.BSP_LCD_Drawaxes  bsp.o
    0x00000dee   0x00000dee   0x00000002   PAD
    0x00000df0   0x00000df0   0x00000090   Code   RO          112    .text.BSP_LCD_FillScreen  bsp.o
    0x00000e80   0x00000e80   0x00000414   Code   RO          102    .text.BSP_LCD_Init  bsp.o
    0x00001294   0x00001294   0x00000102   Code   RO          134    .text.BSP_LCD_OutUDec4  bsp.o
    0x00001396   0x00001396   0x00000002   PAD
    0x00001398   0x00001398   0x000000a4   Code   RO          146    .text.BSP_LCD_PlotIncrement  bsp.o
    0x0000143c   0x0000143c   0x0000013c   Code   RO          144    .text.BSP_LCD_PlotPoint  bsp.o
    0x00001578   0x00001578   0x00000020   Code   RO          128    .text.BSP_LCD_SetCursor  bsp.o
    0x00001598   0x00001598   0x000000e8   Code   RO           96    .text.BSP_Microphone_Init  bsp.o
    0x00001680   0x00001680   0x00000020   Code   RO           98    .text.BSP_Microphone_Input  bsp.o
    0x000016a0   0x000016a0   0x000001fa   Code   RO           78    .text.BSP_RGB_Init  bsp.o
    0x0000189a   0x0000189a   0x00000002   PAD
    0x0000189c   0x0000189c   0x00000050   Code   RO           80    .text.BSP_RGB_Set   bsp.o
    0x000018ec   0x000018ec   0x0000000e   Code   RO          174    .text.BSP_Time_Get  bsp.o
    0x000018fa   0x000018fa   0x00000002   PAD
    0x000018fc   0x000018fc   0x00000064   Code   RO          172    .text.BSP_Time_Init  bsp.o
    0x00001960   0x00001960   0x0000015a   Code   RO          228    .text.Profile_Init  profile.o
    0x00001aba   0x00001aba   0x00000002   PAD
    0x00001abc   0x00001abc   0x000000ca   Code   RO            4    .text.Task0         lab1.o
    0x00001b86   0x00001b86   0x00000002   PAD
    0x00001b88   0x00001b88   0x0000018a   Code   RO           10    .text.Task1         lab1.o
    0x00001d12   0x00001d12   0x00000002   PAD
    0x00001d14   0x00001d14   0x000000e0   Code   RO           18    .text.Task3         lab1.o
    0x00001df4   0x00001df4   0x00000086   Code   RO           26    .text.Task4         lab1.o
    0x00001e7a   0x00001e7a   0x00000002   PAD
    0x00001e7c   0x00001e7c   0x00000096   Code   RO           30    .text.Task5         lab1.o
    0x00001f12   0x00001f12   0x00000002   PAD
    0x00001f14   0x00001f14   0x00000018   Code   RO          168    .text.WideTimer3A_Handler  bsp.o
    0x00001f2c   0x00001f2c   0x00000018   Code   RO          162    .text.WideTimer4A_Handler  bsp.o
    0x00001f44   0x00001f44   0x00000018   Code   RO          154    .text.WideTimer5A_Handler  bsp.o
    0x00001f5c   0x00001f5c   0x000000c8   Code   RO           20    .text.drawaxes      lab1.o
    0x00002024   0x00002024   0x00000046   Code   RO          132    .text.fillmessage   bsp.o
    0x0000206a   0x0000206a   0x00000002   PAD
    0x0000206c   0x0000206c   0x0000016a   Code   RO           32    .text.main          lab1.o
    0x000021d6   0x000021d6   0x00000002   PAD
    0x000021d8   0x000021d8   0x00000230   Code   RO          106    .text.setAddrWindow  bsp.o
    0x00002408   0x00002408   0x00000068   Code   RO          238    i.Encrypt           texas.o
    0x00002470   0x00002470   0x0000050c   Code   RO          239    i.Grader            texas.o
    0x0000297c   0x0000297c   0x00000014   Code   RO          240    i.LogicAnalyzer     texas.o
    0x00002990   0x00002990   0x000000bc   Code   RO          241    i.PeriodicTask2_Init  texas.o
    0x00002a4c   0x00002a4c   0x00000024   Code   RO          242    i.PeriodicTask2_Stop  texas.o
    0x00002a70   0x00002a70   0x000000cc   Code   RO          243    i.SetGrade          texas.o
    0x00002b3c   0x00002b3c   0x00000154   Code   RO          244    i.TExaS_Init        texas.o
    0x00002c90   0x00002c90   0x00000008   Code   RO          245    i.TExaS_Stop        texas.o
    0x00002c98   0x00002c98   0x0000006c   Code   RO          246    i.TExaS_Task0       texas.o
    0x00002d04   0x00002d04   0x0000006c   Code   RO          247    i.TExaS_Task1       texas.o
    0x00002d70   0x00002d70   0x0000006c   Code   RO          249    i.TExaS_Task3       texas.o
    0x00002ddc   0x00002ddc   0x0000006c   Code   RO          250    i.TExaS_Task4       texas.o
    0x00002e48   0x00002e48   0x0000006c   Code   RO          251    i.TExaS_Task5       texas.o
    0x00002eb4   0x00002eb4   0x00000018   Code   RO          252    i.TIMER5A_Handler   texas.o
    0x00002ecc   0x00002ecc   0x000000a4   Code   RO          258    i.UART_Init         texas.o
    0x00002f70   0x00002f70   0x00000018   Code   RO          259    i.UART_OutChar      texas.o
    0x00002f88   0x00002f88   0x00000018   Code   RO          261    i.UART_OutString    texas.o
    0x00002fa0   0x00002fa0   0x0000002a   Code   RO          262    i.UART_OutUDec      texas.o
    0x00002fca   0x00002fca   0x00000002   PAD
    0x00002fcc   0x00002fcc   0x00000044   Code   RO          264    i.UART_OutUDec5     texas.o
    0x00003010   0x00003010   0x00000044   Code   RO          265    i.UART_OutUDec7     texas.o
    0x00003054   0x00003054   0x0000002e   Code   RO          266    i.UART_OutUFix1     texas.o
    0x00003082   0x00003082   0x00000002   PAD
    0x00003084   0x00003084   0x00000080   Code   RO          269    i.fillmessage5b     texas.o
    0x00003104   0x00003104   0x000000c4   Code   RO          270    i.fillmessage7b     texas.o
    0x000031c8   0x000031c8   0x00000048   Code   RO          271    i.fillmessageb      texas.o
    0x00003210   0x00003210   0x00000048   Data   RO          273    .constdata          texas.o
    0x00003258   0x00003258   0x000004fb   Data   RO          205    .rodata.Font        bsp.o
    0x00003753   0x00003753   0x0000001f   Data   RO           55    .rodata.str1.1      lab1.o
    0x00003772   0x00003772   0x00000002   PAD
    0x00003774   0x00003774   0x00000020   Data   RO          652    Region$$Table       anon$$obj.o


    Execution Region ER_RW (Exec base: 0x20000000, Load base: 0x00003794, Size: 0x0000009c, Max: 0xffffffff, ABSOLUTE)

    Exec Addr    Load Addr    Size         Type   Attr      Idx    E Section Name        Object

    0x20000000   0x00003794   0x00000094   Data   RW          274    .data               texas.o
    0x20000094   0x00003828   0x00000004   Data   RW           42    .data.LocalMin      lab1.o
    0x20000098   0x0000382c   0x00000002   Data   RW          204    .data.StTextColor   bsp.o


    Execution Region ER_ZI (Exec base: 0x200000a0, Load base: 0x00003830, Size: 0x00000ac0, Max: 0xffffffff, ABSOLUTE)

    Exec Addr    Load Addr    Size         Type   Attr      Idx    E Section Name        Object

    0x200000a0        -       0x00000014   Zero   RW          272    .bss                texas.o
    0x200000b4        -       0x00000060   Zero   RW          517    .bss                c_w.l(libspace.o)
    0x20000114        -       0x00000002   Zero   RW           45    .bss.AccX           lab1.o
    0x20000116        -       0x00000002   Zero   RW           46    .bss.AccY           lab1.o
    0x20000118        -       0x00000002   Zero   RW           47    .bss.AccZ           lab1.o
    0x2000011a        -       0x00000001   Zero   RW           41    .bss.AlgorithmState  lab1.o
    0x2000011b   0x00003830   0x00000001   PAD
    0x2000011c        -       0x00000001   Zero   RW          200    .bss.ClockFrequency  bsp.o
    0x2000011d        -       0x00000001   Zero   RW          218    .bss.ColStart       bsp.o
    0x2000011e   0x00003830   0x00000002   PAD
    0x20000120        -       0x00000004   Zero   RW           49    .bss.EWMA           lab1.o
    0x20000124        -       0x00000004   Zero   RW           52    .bss.LightData      lab1.o
    0x20000128        -       0x00000004   Zero   RW           44    .bss.LocalCount     lab1.o
    0x2000012c        -       0x00000004   Zero   RW           43    .bss.LocalMax       lab1.o
    0x20000130        -       0x00000004   Zero   RW           48    .bss.Magnitude      lab1.o
    0x20000134        -       0x0000000c   Zero   RW          207    .bss.Message        bsp.o
    0x20000140        -       0x00000004   Zero   RW          206    .bss.Messageindex   bsp.o
    0x20000144        -       0x00000002   Zero   RW          201    .bss.PWMCycles      bsp.o
    0x20000146   0x00003830   0x00000002   PAD
    0x20000148        -       0x00000004   Zero   RW          213    .bss.PeriodicTask   bsp.o
    0x2000014c        -       0x00000004   Zero   RW          214    .bss.PeriodicTaskB  bsp.o
    0x20000150        -       0x00000004   Zero   RW          215    .bss.PeriodicTaskC  bsp.o
    0x20000154        -       0x00000002   Zero   RW          212    .bss.PlotBGColor    bsp.o
    0x20000156        -       0x00000001   Zero   RW           35    .bss.PlotState      lab1.o
    0x20000157   0x00003830   0x00000001   PAD
    0x20000158        -       0x00000004   Zero   RW           34    .bss.ReDrawAxes     lab1.o
    0x2000015c        -       0x00000001   Zero   RW          219    .bss.RowStart       bsp.o
    0x2000015d   0x00003830   0x00000001   PAD
    0x2000015e        -       0x000007d0   Zero   RW           40    .bss.SoundArray     lab1.o
    0x2000092e        -       0x00000002   Zero   RW           39    .bss.SoundData      lab1.o
    0x20000930        -       0x00000004   Zero   RW           36    .bss.SoundRMS       lab1.o
    0x20000934        -       0x00000004   Zero   RW          202    .bss.StX            bsp.o
    0x20000938        -       0x00000004   Zero   RW          203    .bss.StY            bsp.o
    0x2000093c        -       0x00000004   Zero   RW           50    .bss.Steps          lab1.o
    0x20000940        -       0x00000004   Zero   RW           37    .bss.Task0.soundSum  lab1.o
    0x20000944        -       0x00000004   Zero   RW           38    .bss.Task0.time     lab1.o
    0x20000948        -       0x00000001   Zero   RW           53    .bss.Task3.prev1    lab1.o
    0x20000949        -       0x00000001   Zero   RW           54    .bss.Task3.prev2    lab1.o
    0x2000094a   0x00003830   0x00000002   PAD
    0x2000094c        -       0x00000004   Zero   RW           56    .bss.Time           lab1.o
    0x20000950        -       0x00000004   Zero   RW          211    .bss.TimeIndex      bsp.o
    0x20000954        -       0x00000004   Zero   RW          208    .bss.Ymax           bsp.o
    0x20000958        -       0x00000004   Zero   RW          209    .bss.Ymin           bsp.o
    0x2000095c        -       0x00000004   Zero   RW          210    .bss.Yrange         bsp.o
    0x20000960        -       0x00000000   Zero   RW          463    HEAP                startup_tm4c123.o
    0x20000960        -       0x00000200   Zero   RW          462    STACK               startup_tm4c123.o


==============================================================================

Image component sizes


      Code (inc. data)   RO Data    RW Data    ZI Data      Debug   Object Name

      5938        120       1275          2         59      35064   bsp.o
      1666         32         31          4       2056       6291   lab1.o
       346          0          0          0          0        820   profile.o
       292         18        620          0        512       5688   startup_tm4c123.o
      3588        806         72        148         20      19257   texas.o

    ----------------------------------------------------------------------
     11872        976       2032        156       2656      67120   Object Totals
         0          0         32          0          0          0   (incl. Generated)
        42          0          2          2          9          0   (incl. Padding)

    ----------------------------------------------------------------------

      Code (inc. data)   RO Data    RW Data    ZI Data      Debug   Library Member Name

         8          0          0          0          0         68   __main.o
         0          0          0          0          0          0   __rtentry.o
        12          0          0          0          0          0   __rtentry2.o
         6          0          0          0          0          0   __rtentry4.o
        94          8          0          0          0          0   __scatter.o
        26          0          0          0          0          0   __scatter_copy.o
        28          0          0          0          0          0   __scatter_zi.o
        18          0          0          0          0         80   exit.o
         6          0          0          0          0        152   heapauxi.o
         0          0          0          0          0          0   indicate_semi.o
         2          0          0          0          0          0   libinit.o
         2          0          0          0          0          0   libinit2.o
         2          0          0          0          0          0   libshutdown.o
         2          0          0          0          0          0   libshutdown2.o
         8          4          0          0         96         68   libspace.o
         2          0          0          0          0          0   rtexit.o
        10          0          0          0          0          0   rtexit2.o
        12          4          0          0          0         68   sys_exit.o
        74          0          0          0          0         80   sys_stackheap_outer.o
         2          0          0          0          0         68   use_no_semi.o

    ----------------------------------------------------------------------
       324         16          0          0         96        584   Library Totals
        10          0          0          0          0          0   (incl. Padding)

    ----------------------------------------------------------------------

      Code (inc. data)   RO Data    RW Data    ZI Data      Debug   Library Name

       314         16          0          0         96        584   c_w.l

    ----------------------------------------------------------------------
       324         16          0          0         96        584   Library Totals

    ----------------------------------------------------------------------

==============================================================================


      Code (inc. data)   RO Data    RW Data    ZI Data      Debug   

     12196        992       2032        156       2752      66480   Grand Totals
     12196        992       2032        156       2752      66480   ELF Image Totals
     12196        992       2032        156          0          0   ROM Totals

==============================================================================

    Total RO  Size (Code + RO Data)                14228 (  13.89kB)
    Total RW  Size (RW Data + ZI Data)              2908 (   2.84kB)
    Total ROM Size (Code + RO Data + RW Data)      14384 (  14.05kB)

==============================================================================

