Component: Arm Compiler for Embedded 6.21 Tool: armlink [5ec1fa00]

==============================================================================

Section Cross References

    bsp.o(.ARM.exidx.text.BSP_Button1_Init) refers to bsp.o(.text.BSP_Button1_Init) for [Anonymous Symbol]
    bsp.o(.ARM.exidx.text.BSP_Button1_Input) refers to bsp.o(.text.BSP_Button1_Input) for [Anonymous Symbol]
    bsp.o(.ARM.exidx.text.BSP_Button2_Init) refers to bsp.o(.text.BSP_Button2_Init) for [Anonymous Symbol]
    bsp.o(.ARM.exidx.text.BSP_Button2_Input) refers to bsp.o(.text.BSP_Button2_Input) for [Anonymous Symbol]
    bsp.o(.ARM.exidx.text.BSP_Joystick_Init) refers to bsp.o(.text.BSP_Joystick_Init) for [Anonymous Symbol]
    bsp.o(.ARM.exidx.text.BSP_Joystick_Input) refers to bsp.o(.text.BSP_Joystick_Input) for [Anonymous Symbol]
    bsp.o(.text.BSP_RGB_Init) refers to bsp.o(.bss.PWMCycles) for PWMCycles
    bsp.o(.text.BSP_RGB_Init) refers to bsp.o(.bss.ClockFrequency) for ClockFrequency
    bsp.o(.ARM.exidx.text.BSP_RGB_Init) refers to bsp.o(.text.BSP_RGB_Init) for [Anonymous Symbol]
    bsp.o(.text.BSP_RGB_Set) refers to bsp.o(.bss.PWMCycles) for PWMCycles
    bsp.o(.ARM.exidx.text.BSP_RGB_Set) refers to bsp.o(.text.BSP_RGB_Set) for [Anonymous Symbol]
    bsp.o(.ARM.exidx.text.BSP_RGB_D_Init) refers to bsp.o(.text.BSP_RGB_D_Init) for [Anonymous Symbol]
    bsp.o(.ARM.exidx.text.BSP_RGB_D_Set) refers to bsp.o(.text.BSP_RGB_D_Set) for [Anonymous Symbol]
    bsp.o(.ARM.exidx.text.BSP_RGB_D_Toggle) refers to bsp.o(.text.BSP_RGB_D_Toggle) for [Anonymous Symbol]
    bsp.o(.text.BSP_Buzzer_Init) refers to bsp.o(.bss.PWMCycles) for PWMCycles
    bsp.o(.text.BSP_Buzzer_Init) refers to bsp.o(.bss.ClockFrequency) for ClockFrequency
    bsp.o(.ARM.exidx.text.BSP_Buzzer_Init) refers to bsp.o(.text.BSP_Buzzer_Init) for [Anonymous Symbol]
    bsp.o(.text.BSP_Buzzer_Set) refers to bsp.o(.bss.PWMCycles) for PWMCycles
    bsp.o(.ARM.exidx.text.BSP_Buzzer_Set) refers to bsp.o(.text.BSP_Buzzer_Set) for [Anonymous Symbol]
    bsp.o(.ARM.exidx.text.BSP_Accelerometer_Init) refers to bsp.o(.text.BSP_Accelerometer_Init) for [Anonymous Symbol]
    bsp.o(.ARM.exidx.text.BSP_Accelerometer_Input) refers to bsp.o(.text.BSP_Accelerometer_Input) for [Anonymous Symbol]
    bsp.o(.ARM.exidx.text.BSP_Microphone_Init) refers to bsp.o(.text.BSP_Microphone_Init) for [Anonymous Symbol]
    bsp.o(.ARM.exidx.text.BSP_Microphone_Input) refers to bsp.o(.text.BSP_Microphone_Input) for [Anonymous Symbol]
    bsp.o(.ARM.exidx.text.parrotdelay) refers to bsp.o(.text.parrotdelay) for [Anonymous Symbol]
    bsp.o(.text.BSP_LCD_Init) refers to bsp.o(.bss.RowStart) for RowStart
    bsp.o(.text.BSP_LCD_Init) refers to bsp.o(.bss.ColStart) for ColStart
    bsp.o(.text.BSP_LCD_Init) refers to bsp.o(.bss.StX) for StX
    bsp.o(.text.BSP_LCD_Init) refers to bsp.o(.bss.StY) for StY
    bsp.o(.text.BSP_LCD_Init) refers to bsp.o(.data.StTextColor) for StTextColor
    bsp.o(.text.BSP_LCD_Init) refers to bsp.o(.text.setAddrWindow) for setAddrWindow
    bsp.o(.ARM.exidx.text.BSP_LCD_Init) refers to bsp.o(.text.BSP_LCD_Init) for [Anonymous Symbol]
    bsp.o(.text.BSP_LCD_DrawPixel) refers to bsp.o(.text.setAddrWindow) for setAddrWindow
    bsp.o(.ARM.exidx.text.BSP_LCD_DrawPixel) refers to bsp.o(.text.BSP_LCD_DrawPixel) for [Anonymous Symbol]
    bsp.o(.text.setAddrWindow) refers to bsp.o(.bss.ColStart) for ColStart
    bsp.o(.text.setAddrWindow) refers to bsp.o(.bss.RowStart) for RowStart
    bsp.o(.ARM.exidx.text.setAddrWindow) refers to bsp.o(.text.setAddrWindow) for [Anonymous Symbol]
    bsp.o(.text.BSP_LCD_DrawFastVLine) refers to bsp.o(.text.setAddrWindow) for setAddrWindow
    bsp.o(.ARM.exidx.text.BSP_LCD_DrawFastVLine) refers to bsp.o(.text.BSP_LCD_DrawFastVLine) for [Anonymous Symbol]
    bsp.o(.text.BSP_LCD_DrawFastHLine) refers to bsp.o(.text.setAddrWindow) for setAddrWindow
    bsp.o(.ARM.exidx.text.BSP_LCD_DrawFastHLine) refers to bsp.o(.text.BSP_LCD_DrawFastHLine) for [Anonymous Symbol]
    bsp.o(.text.BSP_LCD_FillScreen) refers to bsp.o(.text.setAddrWindow) for setAddrWindow
    bsp.o(.ARM.exidx.text.BSP_LCD_FillScreen) refers to bsp.o(.text.BSP_LCD_FillScreen) for [Anonymous Symbol]
    bsp.o(.text.BSP_LCD_FillRect) refers to bsp.o(.text.setAddrWindow) for setAddrWindow
    bsp.o(.ARM.exidx.text.BSP_LCD_FillRect) refers to bsp.o(.text.BSP_LCD_FillRect) for [Anonymous Symbol]
    bsp.o(.ARM.exidx.text.BSP_LCD_Color565) refers to bsp.o(.text.BSP_LCD_Color565) for [Anonymous Symbol]
    bsp.o(.ARM.exidx.text.BSP_LCD_SwapColor) refers to bsp.o(.text.BSP_LCD_SwapColor) for [Anonymous Symbol]
    bsp.o(.text.BSP_LCD_DrawBitmap) refers to bsp.o(.text.setAddrWindow) for setAddrWindow
    bsp.o(.ARM.exidx.text.BSP_LCD_DrawBitmap) refers to bsp.o(.text.BSP_LCD_DrawBitmap) for [Anonymous Symbol]
    bsp.o(.text.BSP_LCD_DrawCharS) refers to bsp.o(.rodata.Font) for Font
    bsp.o(.text.BSP_LCD_DrawCharS) refers to bsp.o(.text.BSP_LCD_FillRect) for BSP_LCD_FillRect
[...]
    bsp.o(.text.BSP_Time_Init) refers to startup_tm4c123.o(.text) for StartCritical
    bsp.o(.ARM.exidx.text.BSP_Time_Init) refers to bsp.o(.text.BSP_Time_Init) for [Anonymous Symbol]
    bsp.o(.ARM.exidx.text.BSP_Time_Get) refers to bsp.o(.text.BSP_Time_Get) for [Anonymous Symbol]
    bsp.o(.ARM.exidx.text.BSP_Delay1ms) refers to bsp.o(.text.BSP_Delay1ms) for [Anonymous Symbol]
    bsp.o(.ARM.exidx.text.BSP_LightSensor_Init) refers to bsp.o(.text.BSP_LightSensor_Init) for [Anonymous Symbol]
    bsp.o(.text.BSP_LightSensor_Input) refers to bsp.o(.bss.LightBusy) for LightBusy
    bsp.o(.text.BSP_LightSensor_Input) refers to bsp.o(.text.lightsensorstart) for lightsensorstart
    bsp.o(.text.BSP_LightSensor_Input) refers to bsp.o(.text.lightsensorend) for lightsensorend
    bsp.o(.ARM.exidx.text.BSP_LightSensor_Input) refers to bsp.o(.text.BSP_LightSensor_Input) for [Anonymous Symbol]
    bsp.o(.ARM.exidx.text.lightsensorstart) refers to bsp.o(.text.lightsensorstart) for [Anonymous Symbol]
    bsp.o(.ARM.exidx.text.lightsensorend) refers to bsp.o(.text.lightsensorend) for [Anonymous Symbol]
    bsp.o(.text.BSP_LightSensor_Start) refers to bsp.o(.bss.LightBusy) for LightBusy
    bsp.o(.text.BSP_LightSensor_Start) refers to bsp.o(.text.lightsensorstart) for lightsensorstart
    bsp.o(.ARM.exidx.text.BSP_LightSensor_Start) refers to bsp.o(.text.BSP_LightSensor_Start) for [Anonymous Symbol]
    bsp.o(.text.BSP_LightSensor_End) refers to bsp.o(.bss.LightBusy) for LightBusy
    bsp.o(.text.BSP_LightSensor_End) refers to bsp.o(.text.lightsensorend) for lightsensorend
    bsp.o(.text.BSP_LightSensor_End) refers to bsp.o(.text.lightsensorstart) for lightsensorstart
    bsp.o(.ARM.exidx.text.BSP_LightSensor_End) refers to bsp.o(.text.BSP_LightSensor_End) for [Anonymous Symbol]
    bsp.o(.ARM.exidx.text.BSP_TempSensor_Init) refers to bsp.o(.text.BSP_TempSensor_Init) for [Anonymous Symbol]
    bsp.o(.text.BSP_TempSensor_Input) refers to bsp.o(.bss.TempBusy) for TempBusy
    bsp.o(.text.BSP_TempSensor_Input) refers to bsp.o(.text.tempsensorend) for tempsensorend
    bsp.o(.ARM.exidx.text.BSP_TempSensor_Input) refers to bsp.o(.text.BSP_TempSensor_Input) for [Anonymous Symbol]
    bsp.o(.ARM.exidx.text.tempsensorend) refers to bsp.o(.text.tempsensorend) for [Anonymous Symbol]
    bsp.o(.text.BSP_TempSensor_Start) refers to bsp.o(.bss.TempBusy) for TempBusy
    bsp.o(.ARM.exidx.text.BSP_TempSensor_Start) refers to bsp.o(.text.BSP_TempSensor_Start) for [Anonymous Symbol]
    bsp.o(.text.BSP_TempSensor_End) refers to bsp.o(.bss.TempBusy) for TempBusy
    bsp.o(.text.BSP_TempSensor_End) refers to bsp.o(.text.tempsensorend) for tempsensorend
    bsp.o(.ARM.exidx.text.BSP_TempSensor_End) refers to bsp.o(.text.BSP_TempSensor_End) for [Anonymous Symbol]
    bsptestmain.o(.text.checkbuttons) refers to bsp.o(.text.BSP_Buzzer_Set) for BSP_Buzzer_Set
    bsptestmain.o(.text.checkbuttons) refers to bsptestmain.o(.bss.JoyX) for JoyX
    bsptestmain.o(.text.checkbuttons) refers to bsptestmain.o(.bss.JoyY) for JoyY
    bsptestmain.o(.text.checkbuttons) refers to bsp.o(.text.BSP_Joystick_Input) for BSP_Joystick_Input
    bsptestmain.o(.text.checkbuttons) refers to bsptestmain.o(.bss.AccX) for AccX
    bsptestmain.o(.text.checkbuttons) refers to bsptestmain.o(.bss.AccY) for AccY
    bsptestmain.o(.text.checkbuttons) refers to bsptestmain.o(.bss.AccZ) for AccZ
    bsptestmain.o(.text.checkbuttons) refers to bsp.o(.text.BSP_Accelerometer_Input) for BSP_Accelerometer_Input
    bsptestmain.o(.text.checkbuttons) refers to bsptestmain.o(.bss.checkbuttons.prevS) for checkbuttons.prevS
    bsptestmain.o(.text.checkbuttons) refers to bsptestmain.o(.bss.checkbuttons.mode) for checkbuttons.mode
    bsptestmain.o(.text.checkbuttons) refers to bsptestmain.o(.bss.Blue) for Blue
    bsptestmain.o(.text.checkbuttons) refers to bsptestmain.o(.bss.Green) for Green
    bsptestmain.o(.text.checkbuttons) refers to bsptestmain.o(.bss.Red) for Red
    bsptestmain.o(.text.checkbuttons) refers to bsp.o(.text.BSP_Button1_Input) for BSP_Button1_Input
    bsptestmain.o(.text.checkbuttons) refers to bsptestmain.o(.bss.checkbuttons.prev1) for checkbuttons.prev1
    bsptestmain.o(.text.checkbuttons) refers to bsp.o(.text.BSP_Button2_Input) for BSP_Button2_Input
    bsptestmain.o(.text.checkbuttons) refers to bsptestmain.o(.bss.checkbuttons.prev2) for checkbuttons.prev2
    bsptestmain.o(.text.checkbuttons) refers to bsp.o(.text.BSP_RGB_Set) for BSP_RGB_Set
    bsptestmain.o(.ARM.exidx.text.checkbuttons) refers to bsptestmain.o(.text.checkbuttons) for [Anonymous Symbol]
    bsptestmain.o(.ARM.exidx.text.numlength) refers to bsptestmain.o(.text.numlength) for [Anonymous Symbol]
    bsptestmain.o(.text.main) refers to startup_tm4c123.o(.text) for DisableInterrupts
    bsptestmain.o(.text.main) refers to bsp.o(.text.BSP_Clock_InitFastest) for BSP_Clock_InitFastest
    bsptestmain.o(.text.main) refers to bsp.o(.text.BSP_Button1_Init) for BSP_Button1_Init
    bsptestmain.o(.text.main) refers to bsp.o(.text.BSP_Button2_Init) for BSP_Button2_Init
    bsptestmain.o(.text.main) refers to bsp.o(.text.BSP_Joystick_Init) for BSP_Joystick_Init
    bsptestmain.o(.text.main) refers to bsp.o(.text.BSP_RGB_Init) for BSP_RGB_Init
    bsptestmain.o(.text.main) refers to bsp.o(.text.BSP_Buzzer_Init) for BSP_Buzzer_Init
    bsptestmain.o(.text.main) refers to bsp.o(.text.BSP_Accelerometer_Init) for BSP_Accelerometer_Init
    bsptestmain.o(.text.main) refers to bsptestmain.o(.text.checkbuttons) for checkbuttons
    bsptestmain.o(.text.main) refers to bsp.o(.text.BSP_PeriodicTask_Init) for BSP_PeriodicTask_Init
    bsptestmain.o(.text.main) refers to bsp.o(.text.BSP_Time_Init) for BSP_Time_Init
    bsptestmain.o(.text.main) refers to bsp.o(.text.BSP_LCD_Init) for BSP_LCD_Init
    bsptestmain.o(.text.main) refers to bsp.o(.text.BSP_LCD_Color565) for BSP_LCD_Color565
    bsptestmain.o(.text.main) refers to bsp.o(.text.BSP_LCD_FillScreen) for BSP_LCD_FillScreen
    bsptestmain.o(.text.main) refers to bsp.o(.text.BSP_LightSensor_Init) for BSP_LightSensor_Init
    bsptestmain.o(.text.main) refers to bsp.o(.text.BSP_LightSensor_Input) for BSP_LightSensor_Input
    bsptestmain.o(.text.main) refers to bsp.o(.text.BSP_LightSensor_Start) for BSP_LightSensor_Start
    bsptestmain.o(.text.main) refers to bsptestmain.o(.rodata.str1.1) for .L.str.9
    bsptestmain.o(.text.main) refers to bsp.o(.text.BSP_LCD_OutUDec) for BSP_LCD_OutUDec
    bsptestmain.o(.text.main) refers to bsp.o(.text.BSP_LCD_DrawString) for BSP_LCD_DrawString
    bsptestmain.o(.text.main) refers to bsp.o(.text.BSP_LCD_SetCursor) for BSP_LCD_SetCursor
    bsptestmain.o(.text.main) refers to bsptestmain.o(.bss.Red) for Red
    bsptestmain.o(.text.main) refers to bsptestmain.o(.bss.Green) for Green
    bsptestmain.o(.text.main) refers to bsptestmain.o(.bss.Blue) for Blue
    bsptestmain.o(.text.main) refers to bsptestmain.o(.bss.JoyX) for JoyX
    bsptestmain.o(.text.main) refers to bsptestmain.o(.bss.JoyY) for JoyY
    bsptestmain.o(.text.main) refers to bsptestmain.o(.bss.AccX) for AccX
    bsptestmain.o(.text.main) refers to bsptestmain.o(.bss.AccY) for AccY
    bsptestmain.o(.text.main) refers to bsptestmain.o(.bss.AccZ) for AccZ
    bsptestmain.o(.text.main) refers to bsp.o(.text.BSP_Time_Get) for BSP_Time_Get
    bsptestmain.o(.ARM.exidx.text.main) refers to bsptestmain.o(.text.main) for [Anonymous Symbol]
    startup_tm4c123.o(STACK) refers (Special) to heapauxi.o(.text) for __use_two_region_memory
    startup_tm4c123.o(HEAP) refers (Special) to heapauxi.o(.text) for __use_two_region_memory
    startup_tm4c123.o(RESET) refers (Special) to heapauxi.o(.text) for __use_two_region_memory
    startup_tm4c123.o(RESET) refers to startup_tm4c123.o(STACK) for __initial_sp
    startup_tm4c123.o(RESET) refers to startup_tm4c123.o(.text) for Reset_Handler
    startup_tm4c123.o(RESET) refers to bsp.o(.text.WideTimer3A_Handler) for WideTimer3A_Handler
    startup_tm4c123.o(RESET) refers to bsp.o(.text.WideTimer4A_Handler) for WideTimer4A_Handler
    startup_tm4c123.o(RESET) refers to bsp.o(.text.WideTimer5A_Handler) for WideTimer5A_Handler
    startup_tm4c123.o(.text) refers (Special) to heapauxi.o(.text) for __use_two_region_memory
    startup_tm4c123.o(.text) refers to __main.o(!!!main) for __main
    startup_tm4c123.o(.text) refers to startup_tm4c123.o(HEAP) for Heap_Mem
    startup_tm4c123.o(.text) refers to startup_tm4c123.o(STACK) for Stack_Mem
    system_tm4c123.o(.text.SystemCoreClockUpdate) refers to system_tm4c123.o(.rodata..Lswitch.table.SystemCoreClockUpdate.1) for .Lswitch.table.SystemCoreClockUpdate.1
    system_tm4c123.o(.text.SystemCoreClockUpdate) refers to system_tm4c123.o(.data.SystemCoreClock) for SystemCoreClock
    system_tm4c123.o(.ARM.exidx.text.SystemCoreClockUpdate) refers to system_tm4c123.o(.text.SystemCoreClockUpdate) for [Anonymous Symbol]
    system_tm4c123.o(.ARM.exidx.text.SystemInit) refers to system_tm4c123.o(.text.SystemInit) for [Anonymous Symbol]
    __main.o(!!!main) refers to __rtentry.o(.ARM.Collect$$rtentry$$00000000) for __rt_entry
    __rtentry.o(.ARM.Collect$$rtentry$$00000000) refers (Special) to __rtentry2.o(.ARM.Collect$$rtentry$$0000000A) for __rt_entry_li
    __rtentry.o(.ARM.Collect$$rtentry$$00000000) refers (Special) to __rtentry2.o(.ARM.Collect$$rtentry$$0000000D) for __rt_entry_main
    __rtentry.o(.ARM.Collect$$rtentry$$00000000) refers (Special) to __rtentry2.o(.ARM.Collect$$rtentry$$0000000C) for __rt_entry_postli_1
    __rtentry.o(.ARM.Collect$$rtentry$$00000000) refers (Special) to __rtentry2.o(.ARM.Collect$$rtentry$$00000009) for __rt_entry_postsh_1
    __rtentry.o(.ARM.Collect$$rtentry$$00000000) refers (Special) to __rtentry2.o(.ARM.Collect$$rtentry$$00000002) for __rt_entry_presh_1
    __rtentry.o(.ARM.Collect$$rtentry$$00000000) refers (Special) to __rtentry4.o(.ARM.Collect$$rtentry$$00000004) for __rt_entry_sh
    __rtentry2.o(.ARM.Collect$$rtentry$$00000008) refers to boardinit2.o(.text) for _platform_post_stackheap_init
    __rtentry2.o(.ARM.Collect$$rtentry$$0000000A) refers to libinit.o(.ARM.Collect$$libinit$$00000000) for __rt_lib_init
    __rtentry2.o(.ARM.Collect$$rtentry$$0000000B) refers to boardinit3.o(.text) for _platform_post_lib_init
    __rtentry2.o(.ARM.Collect$$rtentry$$0000000D) refers to bsptestmain.o(.text.main) for main
    __rtentry2.o(.ARM.Collect$$rtentry$$0000000D) refers to exit.o(.text) for exit
    __rtentry2.o(.ARM.exidx) refers to __rtentry2.o(.ARM.Collect$$rtentry$$00000001) for .ARM.Collect$$rtentry$$00000001
    __rtentry2.o(.ARM.exidx) refers to __rtentry2.o(.ARM.Collect$$rtentry$$00000008) for .ARM.Collect$$rtentry$$00000008
    __rtentry2.o(.ARM.exidx) refers to __rtentry2.o(.ARM.Collect$$rtentry$$0000000A) for .ARM.Collect$$rtentry$$0000000A
    __rtentry2.o(.ARM.exidx) refers to __rtentry2.o(.ARM.Collect$$rtentry$$0000000B) for .ARM.Collect$$rtentry$$0000000B
    __rtentry2.o(.ARM.exidx) refers to __rtentry2.o(.ARM.Collect$$rtentry$$0000000D) for .ARM.Collect$$rtentry$$0000000D
    __rtentry4.o(.ARM.Collect$$rtentry$$00000004) refers to sys_stackheap_outer.o(.text) for __user_setup_stackheap
    __rtentry4.o(.ARM.exidx) refers to __rtentry4.o(.ARM.Collect$$rtentry$$00000004) for .ARM.Collect$$rtentry$$00000004
    sys_stackheap_outer.o(.text) refers to libspace.o(.text) for __user_perproc_libspace
    sys_stackheap_outer.o(.text) refers to startup_tm4c123.o(.text) for __user_initial_stackheap
    exit.o(.text) refers to rtexit.o(.ARM.Collect$$rtexit$$00000000) for __rt_exit
    libinit.o(.ARM.Collect$$libinit$$00000000) refers (Special) to libinit2.o(.ARM.Collect$$libinit$$00000030) for __rt_lib_init_alloca_1
    libinit.o(.ARM.Collect$$libinit$$00000000) refers (Special) to libinit2.o(.ARM.Collect$$libinit$$0000002E) for __rt_lib_init_argv_1
    libinit.o(.ARM.Collect$$libinit$$00000000) refers (Special) to libinit2.o(.ARM.Collect$$libinit$$0000001D) for __rt_lib_init_atexit_1
    libinit.o(.ARM.Collect$$libinit$$00000000) refers (Special) to libinit2.o(.ARM.Collect$$libinit$$00000023) for __rt_lib_init_clock_1
    libinit.o(.ARM.Collect$$libinit$$00000000) refers (Special) to libinit2.o(.ARM.Collect$$libinit$$00000034) for __rt_lib_init_cpp_1
    libinit.o(.ARM.Collect$$libinit$$00000000) refers (Special) to libinit2.o(.ARM.Collect$$libinit$$00000032) for __rt_lib_init_exceptions_1
    libinit.o(.ARM.Collect$$libinit$$00000000) refers (Special) to libinit2.o(.ARM.Collect$$libinit$$00000002) for __rt_lib_init_fp_1
    libinit.o(.ARM.Collect$$libinit$$00000000) refers (Special) to libinit2.o(.ARM.Collect$$libinit$$00000021) for __rt_lib_init_fp_trap_1
    libinit.o(.ARM.Collect$$libinit$$00000000) refers (Special) to libinit2.o(.ARM.Collect$$libinit$$00000025) for __rt_lib_init_getenv_1
    libinit.o(.ARM.Collect$$libinit$$00000000) refers (Special) to libinit2.o(.ARM.Collect$$libinit$$0000000C) for __rt_lib_init_heap_1
    libinit.o(.ARM.Collect$$libinit$$00000000) refers (Special) to libinit2.o(.ARM.Collect$$libinit$$00000013) for __rt_lib_init_lc_collate_1
    libinit.o(.ARM.Collect$$libinit$$00000000) refers (Special) to libinit2.o(.ARM.Collect$$libinit$$00000015) for __rt_lib_init_lc_ctype_1
    libinit.o(.ARM.Collect$$libinit$$00000000) refers (Special) to libinit2.o(.ARM.Collect$$libinit$$00000017) for __rt_lib_init_lc_monetary_1
    libinit.o(.ARM.Collect$$libinit$$00000000) refers (Special) to libinit2.o(.ARM.Collect$$libinit$$00000019) for __rt_lib_init_lc_numeric_1
    libinit.o(.ARM.Collect$$libinit$$00000000) refers (Special) to libinit2.o(.ARM.Collect$$libinit$$0000001B) for __rt_lib_init_lc_time_1
    libinit.o(.ARM.Collect$$libinit$$00000000) refers (Special) to libinit2.o(.ARM.Collect$$libinit$$00000006) for __rt_lib_init_preinit_1
    libinit.o(.ARM.Collect$$libinit$$00000000) refers (Special) to libinit2.o(.ARM.Collect$$libinit$$00000010) for __rt_lib_init_rand_1
    libinit.o(.ARM.Collect$$libinit$$00000000) refers (Special) to libinit2.o(.ARM.Collect$$libinit$$00000004) for __rt_lib_init_relocate_pie_1
    libinit.o(.ARM.Collect$$libinit$$00000000) refers (Special) to libinit2.o(.ARM.Collect$$libinit$$00000035) for __rt_lib_init_return
    libinit.o(.ARM.Collect$$libinit$$00000000) refers (Special) to libinit2.o(.ARM.Collect$$libinit$$0000001F) for __rt_lib_init_signal_1
    libinit.o(.ARM.Collect$$libinit$$00000000) refers (Special) to libinit2.o(.ARM.Collect$$libinit$$00000027) for __rt_lib_init_stdio_1
    libinit.o(.ARM.Collect$$libinit$$00000000) refers (Special) to libinit2.o(.ARM.Collect$$libinit$$0000000E) for __rt_lib_init_user_alloc_1
    libspace.o(.text) refers to libspace.o(.bss) for __libspace_start
    rtexit.o(.ARM.Collect$$rtexit$$00000000) refers (Special) to rtexit2.o(.ARM.Collect$$rtexit$$00000004) for __rt_exit_exit
    rtexit.o(.ARM.Collect$$rtexit$$00000000) refers (Special) to rtexit2.o(.ARM.Collect$$rtexit$$00000003) for __rt_exit_ls
    rtexit.o(.ARM.Collect$$rtexit$$00000000) refers (Special) to rtexit2.o(.ARM.Collect$$rtexit$$00000002) for __rt_exit_prels_1
    rtexit.o(.ARM.exidx) refers (Special) to rtexit2.o(.ARM.Collect$$rtexit$$00000004) for __rt_exit_exit
    rtexit.o(.ARM.exidx) refers (Special) to rtexit2.o(.ARM.Collect$$rtexit$$00000003) for __rt_exit_ls
    rtexit.o(.ARM.exidx) refers (Special) to rtexit2.o(.ARM.Collect$$rtexit$$00000002) for __rt_exit_prels_1
    rtexit.o(.ARM.exidx) refers to rtexit.o(.ARM.Collect$$rtexit$$00000000) for .ARM.Collect$$rtexit$$00000000
    libinit2.o(.ARM.Collect$$libinit$$00000012) refers to libinit2.o(.ARM.Collect$$libinit$$00000011) for .ARM.Collect$$libinit$$00000011
    libinit2.o(.ARM.Collect$$libinit$$00000014) refers to libinit2.o(.ARM.Collect$$libinit$$00000011) for .ARM.Collect$$libinit$$00000011
    libinit2.o(.ARM.Collect$$libinit$$00000016) refers to libinit2.o(.ARM.Collect$$libinit$$00000011) for .ARM.Collect$$libinit$$00000011
    libinit2.o(.ARM.Collect$$libinit$$00000018) refers to libinit2.o(.ARM.Collect$$libinit$$00000011) for .ARM.Collect$$libinit$$00000011
    libinit2.o(.ARM.Collect$$libinit$$0000001A) refers to libinit2.o(.ARM.Collect$$libinit$$00000011) for .ARM.Collect$$libinit$$00000011
    libinit2.o(.ARM.Collect$$libinit$$00000028) refers to argv_veneer.o(.emb_text) for __ARM_argv_veneer
    libinit2.o(.ARM.Collect$$libinit$$00000029) refers to argv_veneer.o(.emb_text) for __ARM_argv_veneer
    rtexit2.o(.ARM.Collect$$rtexit$$00000003) refers to libshutdown.o(.ARM.Collect$$libshutdown$$00000000) for __rt_lib_shutdown
    rtexit2.o(.ARM.Collect$$rtexit$$00000004) refers to sys_exit.o(.text) for _sys_exit
    rtexit2.o(.ARM.exidx) refers to rtexit2.o(.ARM.Collect$$rtexit$$00000001) for .ARM.Collect$$rtexit$$00000001
    rtexit2.o(.ARM.exidx) refers to rtexit2.o(.ARM.Collect$$rtexit$$00000003) for .ARM.Collect$$rtexit$$00000003
    rtexit2.o(.ARM.exidx) refers to rtexit2.o(.ARM.Collect$$rtexit$$00000004) for .ARM.Collect$$rtexit$$00000004
    argv_veneer.o(.emb_text) refers to no_argv.o(.text) for __ARM_get_argv
    sys_exit.o(.text) refers (Special) to use_no_semi.o(.text) for __I$use$semihosting
    sys_exit.o(.text) refers (Special) to indicate_semi.o(.text) for __semihosting_library_function
    sys_exit_hlt.o(.text) refers (Special) to use_no_semi.o(.text) for __I$use$semihosting
    sys_exit_hlt.o(.text) refers (Special) to indicate_semi.o(.text) for __semihosting_library_function
    _get_argv_nomalloc.o(.text) refers (Special) to hrguard.o(.text) for __heap_region$guard
    _get_argv_nomalloc.o(.text) refers to defsig_rtmem_outer.o(.text) for __rt_SIGRTMEM
    _get_argv_nomalloc.o(.text) refers to sys_command.o(.text) for _sys_command_string
    libshutdown.o(.ARM.Collect$$libshutdown$$00000000) refers (Special) to libshutdown2.o(.ARM.Collect$$libshutdown$$00000002) for __rt_lib_shutdown_cpp_1
    libshutdown.o(.ARM.Collect$$libshutdown$$00000000) refers (Special) to libshutdown2.o(.ARM.Collect$$libshutdown$$00000007) for __rt_lib_shutdown_fp_trap_1
    libshutdown.o(.ARM.Collect$$libshutdown$$00000000) refers (Special) to libshutdown2.o(.ARM.Collect$$libshutdown$$0000000F) for __rt_lib_shutdown_heap_1
    libshutdown.o(.ARM.Collect$$libshutdown$$00000000) refers (Special) to libshutdown2.o(.ARM.Collect$$libshutdown$$00000010) for __rt_lib_shutdown_return
    libshutdown.o(.ARM.Collect$$libshutdown$$00000000) refers (Special) to libshutdown2.o(.ARM.Collect$$libshutdown$$0000000A) for __rt_lib_shutdown_signal_1
    libshutdown.o(.ARM.Collect$$libshutdown$$00000000) refers (Special) to libshutdown2.o(.ARM.Collect$$libshutdown$$00000004) for __rt_lib_shutdown_stdio_1
    libshutdown.o(.ARM.Collect$$libshutdown$$00000000) refers (Special) to libshutdown2.o(.ARM.Collect$$libshutdown$$0000000C) for __rt_lib_shutdown_user_alloc_1
    sys_command.o(.text) refers (Special) to use_no_semi.o(.text) for __I$use$semihosting
    sys_command.o(.text) refers (Special) to indicate_semi.o(.text) for __semihosting_library_function
    sys_command_hlt.o(.text) refers (Special) to use_no_semi.o(.text) for __I$use$semihosting
    sys_command_hlt.o(.text) refers (Special) to indicate_semi.o(.text) for __semihosting_library_function
    defsig_rtmem_outer.o(.text) refers to defsig_rtmem_inner.o(.text) for __rt_SIGRTMEM_inner
    defsig_rtmem_outer.o(.text) refers to defsig_exit.o(.text) for __sig_exit
    defsig_rtmem_formal.o(.text) refers to rt_raise.o(.text) for __rt_raise
    rt_raise.o(.text) refers to __raise.o(.text) for __raise
    rt_raise.o(.text) refers to sys_exit.o(.text) for _sys_exit
    defsig_exit.o(.text) refers to sys_exit.o(.text) for _sys_exit
    defsig_rtmem_inner.o(.text) refers to defsig_general.o(.text) for __default_signal_display
    __raise.o(.text) refers to defsig.o(CL$$defsig) for __default_signal_handler
    defsig_general.o(.text) refers to sys_wrch.o(.text) for _ttywrch
    sys_wrch.o(.text) refers (Special) to use_no_semi.o(.text) for __I$use$semihosting
    sys_wrch.o(.text) refers (Special) to indicate_semi.o(.text) for __semihosting_library_function
    sys_wrch_hlt.o(.text) refers (Special) to use_no_semi.o(.text) for __I$use$semihosting
    sys_wrch_hlt.o(.text) refers (Special) to indicate_semi.o(.text) for __semihosting_library_function
    defsig.o(CL$$defsig) refers to defsig_rtmem_inner.o(.text) for __rt_SIGRTMEM_inner
    defsig_abrt_inner.o(.text) refers to defsig_general.o(.text) for __default_signal_display
    defsig_fpe_inner.o(.text) refers to defsig_general.o(.text) for __default_signal_display
    defsig_rtred_inner.o(.text) refers to defsig_general.o(.text) for __default_signal_display
    defsig_stak_inner.o(.text) refers to defsig_general.o(.text) for __default_signal_display
    defsig_pvfn_inner.o(.text) refers to defsig_general.o(.text) for __default_signal_display
    defsig_cppl_inner.o(.text) refers to defsig_general.o(.text) for __default_signal_display
    defsig_segv_inner.o(.text) refers to defsig_general.o(.text) for __default_signal_display
    defsig_other.o(.text) refers to defsig_general.o(.text) for __default_signal_display


==============================================================================

Removing Unused input sections from the image.

    Removing bsp.o(.text), (0 bytes).
    Removing bsp.o(.ARM.exidx.text.BSP_Button1_Init), (8 bytes).
    Removing bsp.o(.ARM.exidx.text.BSP_Button1_Input), (8 bytes).
    Removing bsp.o(.ARM.exidx.text.BSP_Button2_Init), (8 bytes).
    Removing bsp.o(.ARM.exidx.text.BSP_Button2_Input), (8 bytes).
    Removing bsp.o(.ARM.exidx.text.BSP_Joystick_Init), (8 bytes).
    Removing bsp.o(.ARM.exidx.text.BSP_Joystick_Input), (8 bytes).
    Removing bsp.o(.ARM.exidx.text.BSP_RGB_Init), (8 bytes).
    Removing bsp.o(.ARM.exidx.text.BSP_RGB_Set), (8 bytes).
    Removing bsp.o(.text.BSP_RGB_D_Init), (308 bytes).
    Removing bsp.o(.ARM.exidx.text.BSP_RGB_D_Init), (8 bytes).
    Removing bsp.o(.text.BSP_RGB_D_Set), (56 bytes).
    Removing bsp.o(.ARM.exidx.text.BSP_RGB_D_Set), (8 bytes).
    Removing bsp.o(.text.BSP_RGB_D_Toggle), (60 bytes).
    Removing bsp.o(.ARM.exidx.text.BSP_RGB_D_Toggle), (8 bytes).
    Removing bsp.o(.ARM.exidx.text.BSP_Buzzer_Init), (8 bytes).
    Removing bsp.o(.ARM.exidx.text.BSP_Buzzer_Set), (8 bytes).
    Removing bsp.o(.ARM.exidx.text.BSP_Accelerometer_Init), (8 bytes).
    Removing bsp.o(.ARM.exidx.text.BSP_Accelerometer_Input), (8 bytes).
    Removing bsp.o(.text.BSP_Microphone_Init), (232 bytes).
    Removing bsp.o(.ARM.exidx.text.BSP_Microphone_Init), (8 bytes).
    Removing bsp.o(.text.BSP_Microphone_Input), (32 bytes).
    Removing bsp.o(.ARM.exidx.text.BSP_Microphone_Input), (8 bytes).
    Removing bsp.o(.text.parrotdelay), (2 bytes).
    Removing bsp.o(.ARM.exidx.text.parrotdelay), (8 bytes).
    Removing bsp.o(.ARM.exidx.text.BSP_LCD_Init), (8 bytes).
    Removing bsp.o(.text.BSP_LCD_DrawPixel), (126 bytes).
    Removing bsp.o(.ARM.exidx.text.BSP_LCD_DrawPixel), (8 bytes).
    Removing bsp.o(.ARM.exidx.text.setAddrWindow), (8 bytes).
    Removing bsp.o(.text.BSP_LCD_DrawFastVLine), (146 bytes).
    Removing bsp.o(.ARM.exidx.text.BSP_LCD_DrawFastVLine), (8 bytes).
    Removing bsp.o(.text.BSP_LCD_DrawFastHLine), (146 bytes).
    Removing bsp.o(.ARM.exidx.text.BSP_LCD_DrawFastHLine), (8 bytes).
    Removing bsp.o(.ARM.exidx.text.BSP_LCD_FillScreen), (8 bytes).
    Removing bsp.o(.text.BSP_LCD_FillRect), (198 bytes).
    Removing bsp.o(.ARM.exidx.text.BSP_LCD_FillRect), (8 bytes).
    Removing bsp.o(.ARM.exidx.text.BSP_LCD_Color565), (8 bytes).
    Removing bsp.o(.text.BSP_LCD_SwapColor), (16 bytes).
    Removing bsp.o(.ARM.exidx.text.BSP_LCD_SwapColor), (8 bytes).
    Removing bsp.o(.text.BSP_LCD_DrawBitmap), (318 bytes).
    Removing bsp.o(.ARM.exidx.text.BSP_LCD_DrawBitmap), (8 bytes).
    Removing bsp.o(.text.BSP_LCD_DrawCharS), (458 bytes).
    Removing bsp.o(.ARM.exidx.text.BSP_LCD_DrawCharS), (8 bytes).
    Removing bsp.o(.ARM.exidx.text.BSP_LCD_DrawChar), (8 bytes).
    Removing bsp.o(.ARM.exidx.text.BSP_LCD_DrawString), (8 bytes).
    Removing bsp.o(.ARM.exidx.text.BSP_LCD_SetCursor), (8 bytes).
    Removing bsp.o(.ARM.exidx.text.BSP_LCD_OutUDec), (8 bytes).
    Removing bsp.o(.ARM.exidx.text.fillmessage), (8 bytes).
    Removing bsp.o(.text.BSP_LCD_OutUDec4), (258 bytes).
    Removing bsp.o(.ARM.exidx.text.BSP_LCD_OutUDec4), (8 bytes).
    Removing bsp.o(.text.BSP_LCD_OutUDec5), (286 bytes).
    Removing bsp.o(.ARM.exidx.text.BSP_LCD_OutUDec5), (8 bytes).
    Removing bsp.o(.text.BSP_LCD_OutUFix2_1), (260 bytes).
    Removing bsp.o(.ARM.exidx.text.BSP_LCD_OutUFix2_1), (8 bytes).
    Removing bsp.o(.text.BSP_LCD_OutUHex2), (220 bytes).
    Removing bsp.o(.ARM.exidx.text.BSP_LCD_OutUHex2), (8 bytes).
    Removing bsp.o(.text.BSP_LCD_Drawaxes), (826 bytes).
    Removing bsp.o(.ARM.exidx.text.BSP_LCD_Drawaxes), (8 bytes).
    Removing bsp.o(.text.BSP_LCD_PlotPoint), (316 bytes).
    Removing bsp.o(.ARM.exidx.text.BSP_LCD_PlotPoint), (8 bytes).
    Removing bsp.o(.text.BSP_LCD_PlotIncrement), (164 bytes).
    Removing bsp.o(.ARM.exidx.text.BSP_LCD_PlotIncrement), (8 bytes).
    Removing bsp.o(.ARM.exidx.text.BSP_Clock_InitFastest), (8 bytes).
    Removing bsp.o(.text.BSP_Clock_GetFreq), (32 bytes).
    Removing bsp.o(.ARM.exidx.text.BSP_Clock_GetFreq), (8 bytes).
    Removing bsp.o(.ARM.exidx.text.BSP_PeriodicTask_Init), (8 bytes).
    Removing bsp.o(.ARM.exidx.text.WideTimer5A_Handler), (8 bytes).
    Removing bsp.o(.text.BSP_PeriodicTask_Stop), (28 bytes).
    Removing bsp.o(.ARM.exidx.text.BSP_PeriodicTask_Stop), (8 bytes).
    Removing bsp.o(.text.BSP_PeriodicTask_Restart), (28 bytes).
    Removing bsp.o(.ARM.exidx.text.BSP_PeriodicTask_Restart), (8 bytes).
    Removing bsp.o(.text.BSP_PeriodicTask_InitB), (210 bytes).
    Removing bsp.o(.ARM.exidx.text.BSP_PeriodicTask_InitB), (8 bytes).
    Removing bsp.o(.ARM.exidx.text.WideTimer4A_Handler), (8 bytes).
    Removing bsp.o(.text.BSP_PeriodicTask_StopB), (26 bytes).
    Removing bsp.o(.ARM.exidx.text.BSP_PeriodicTask_StopB), (8 bytes).
    Removing bsp.o(.text.BSP_PeriodicTask_InitC), (210 bytes).
    Removing bsp.o(.ARM.exidx.text.BSP_PeriodicTask_InitC), (8 bytes).
    Removing bsp.o(.ARM.exidx.text.WideTimer3A_Handler), (8 bytes).
    Removing bsp.o(.text.BSP_PeriodicTask_StopC), (26 bytes).
    Removing bsp.o(.ARM.exidx.text.BSP_PeriodicTask_StopC), (8 bytes).
    Removing bsp.o(.ARM.exidx.text.BSP_Time_Init), (8 bytes).
    Removing bsp.o(.ARM.exidx.text.BSP_Time_Get), (8 bytes).
    Removing bsp.o(.text.BSP_Delay1ms), (2 bytes).
    Removing bsp.o(.ARM.exidx.text.BSP_Delay1ms), (8 bytes).
    Removing bsp.o(.ARM.exidx.text.BSP_LightSensor_Init), (8 bytes).
    Removing bsp.o(.ARM.exidx.text.BSP_LightSensor_Input), (8 bytes).
    Removing bsp.o(.ARM.exidx.text.lightsensorstart), (8 bytes).
    Removing bsp.o(.ARM.exidx.text.lightsensorend), (8 bytes).
    Removing bsp.o(.ARM.exidx.text.BSP_LightSensor_Start), (8 bytes).
    Removing bsp.o(.text.BSP_LightSensor_End), (58 bytes).
    Removing bsp.o(.ARM.exidx.text.BSP_LightSensor_End), (8 bytes).
    Removing bsp.o(.text.BSP_TempSensor_Init), (172 bytes).
    Removing bsp.o(.ARM.exidx.text.BSP_TempSensor_Init), (8 bytes).
    Removing bsp.o(.text.BSP_TempSensor_Input), (160 bytes).
    Removing bsp.o(.ARM.exidx.text.BSP_TempSensor_Input), (8 bytes).
    Removing bsp.o(.text.tempsensorend), (280 bytes).
    Removing bsp.o(.ARM.exidx.text.tempsensorend), (8 bytes).
    Removing bsp.o(.text.BSP_TempSensor_Start), (124 bytes).
    Removing bsp.o(.ARM.exidx.text.BSP_TempSensor_Start), (8 bytes).
    Removing bsp.o(.text.BSP_TempSensor_End), (172 bytes).
    Removing bsp.o(.ARM.exidx.text.BSP_TempSensor_End), (8 bytes).
    Removing bsp.o(.bss.Ymax), (4 bytes).
    Removing bsp.o(.bss.Ymin), (4 bytes).
    Removing bsp.o(.bss.Yrange), (4 bytes).
    Removing bsp.o(.bss.TimeIndex), (4 bytes).
    Removing bsp.o(.bss.PlotBGColor), (2 bytes).
    Removing bsp.o(.bss.TempBusy), (4 bytes).
    Removing bsptestmain.o(.text), (0 bytes).
    Removing bsptestmain.o(.ARM.exidx.text.checkbuttons), (8 bytes).
    Removing bsptestmain.o(.text.numlength), (122 bytes).
    Removing bsptestmain.o(.ARM.exidx.text.numlength), (8 bytes).
    Removing bsptestmain.o(.ARM.exidx.text.main), (8 bytes).
    Removing bsptestmain.o(.ARM.use_no_argv), (4 bytes).
    Removing system_tm4c123.o(.text), (0 bytes).
    Removing system_tm4c123.o(.text.SystemCoreClockUpdate), (280 bytes).
    Removing system_tm4c123.o(.ARM.exidx.text.SystemCoreClockUpdate), (8 bytes).
    Removing system_tm4c123.o(.text.SystemInit), (96 bytes).
    Removing system_tm4c123.o(.ARM.exidx.text.SystemInit), (8 bytes).
    Removing system_tm4c123.o(.data.SystemCoreClock), (4 bytes).
    Removing system_tm4c123.o(.rodata..Lswitch.table.SystemCoreClockUpdate.1), (92 bytes).

121 unused section(s) (total 7152 bytes) removed from the image.

==============================================================================

Image Symbol Table

    Local Symbols

    Symbol Name                              Value     Ov Type        Size  Object(Section)

    ../clib/angel/boardlib.s                 0x00000000   Number         0  boardinit1.o ABSOLUTE
    ../clib/angel/boardlib.s                 0x00000000   Number         0  boardinit2.o ABSOLUTE
    ../clib/angel/boardlib.s                 0x00000000   Number         0  boardinit3.o ABSOLUTE
    ../clib/angel/boardlib.s                 0x00000000   Number         0  boardshut.o ABSOLUTE
    ../clib/angel/handlers.s                 0x00000000   Number         0  __scatter_copy.o ABSOLUTE
    ../clib/angel/handlers.s                 0x00000000   Number         0  __scatter_zi.o ABSOLUTE
    ../clib/angel/kernel.s                   0x00000000   Number         0  __rtentry.o ABSOLUTE
    ../clib/angel/kernel.s                   0x00000000   Number         0  __rtentry2.o ABSOLUTE
    ../clib/angel/kernel.s                   0x00000000   Number         0  __rtentry4.o ABSOLUTE
    ../clib/angel/kernel.s                   0x00000000   Number         0  rtexit.o ABSOLUTE
    ../clib/angel/kernel.s                   0x00000000   Number         0  rtexit2.o ABSOLUTE
    ../clib/angel/rt.s                       0x00000000   Number         0  rt_raise.o ABSOLUTE
    ../clib/angel/scatter.s                  0x00000000   Number         0  __scatter.o ABSOLUTE
    ../clib/angel/startup.s                  0x00000000   Number         0  __main.o ABSOLUTE
    ../clib/angel/sys.s                      0x00000000   Number         0  sys_stackheap_outer.o ABSOLUTE
    ../clib/angel/sys.s                      0x00000000   Number         0  libspace.o ABSOLUTE
    ../clib/angel/sys.s                      0x00000000   Number         0  use_no_semi.o ABSOLUTE
    ../clib/angel/sys.s                      0x00000000   Number         0  indicate_semi.o ABSOLUTE
    ../clib/angel/sysapp.c                   0x00000000   Number         0  sys_exit.o ABSOLUTE
    ../clib/angel/sysapp.c                   0x00000000   Number         0  sys_exit_hlt.o ABSOLUTE
    ../clib/angel/sysapp.c                   0x00000000   Number         0  sys_command.o ABSOLUTE
    ../clib/angel/sysapp.c                   0x00000000   Number         0  sys_command_hlt.o ABSOLUTE
    ../clib/angel/sysapp.c                   0x00000000   Number         0  sys_wrch.o ABSOLUTE
    ../clib/angel/sysapp.c                   0x00000000   Number         0  sys_wrch_hlt.o ABSOLUTE
    ../clib/armsys.c                         0x00000000   Number         0  argv_veneer.o ABSOLUTE
    ../clib/armsys.c                         0x00000000   Number         0  argv_veneer.o ABSOLUTE
    ../clib/armsys.c                         0x00000000   Number         0  _get_argv_nomalloc.o ABSOLUTE
    ../clib/armsys.c                         0x00000000   Number         0  no_argv.o ABSOLUTE
    ../clib/heapalloc.c                      0x00000000   Number         0  hrguard.o ABSOLUTE
    ../clib/heapaux.c                        0x00000000   Number         0  heapauxi.o ABSOLUTE
    ../clib/libinit.s                        0x00000000   Number         0  libinit.o ABSOLUTE
    ../clib/libinit.s                        0x00000000   Number         0  libinit2.o ABSOLUTE
    ../clib/libinit.s                        0x00000000   Number         0  libshutdown.o ABSOLUTE
    ../clib/libinit.s                        0x00000000   Number         0  libshutdown2.o ABSOLUTE
    ../clib/signal.c                         0x00000000   Number         0  defsig_rtmem_outer.o ABSOLUTE
    ../clib/signal.c                         0x00000000   Number         0  defsig_rtmem_formal.o ABSOLUTE
    ../clib/signal.c                         0x00000000   Number         0  defsig_exit.o ABSOLUTE
    ../clib/signal.c                         0x00000000   Number         0  defsig_rtmem_inner.o ABSOLUTE
    ../clib/signal.c                         0x00000000   Number         0  __raise.o ABSOLUTE
    ../clib/signal.c                         0x00000000   Number         0  defsig_general.o ABSOLUTE
    ../clib/signal.c                         0x00000000   Number         0  defsig_abrt_inner.o ABSOLUTE
    ../clib/signal.c                         0x00000000   Number         0  defsig_fpe_inner.o ABSOLUTE
    ../clib/signal.c                         0x00000000   Number         0  defsig_rtred_inner.o ABSOLUTE
    ../clib/signal.c                         0x00000000   Number         0  defsig_stak_inner.o ABSOLUTE
    ../clib/signal.c                         0x00000000   Number         0  defsig_pvfn_inner.o ABSOLUTE
    ../clib/signal.c                         0x00000000   Number         0  defsig_cppl_inner.o ABSOLUTE
    ../clib/signal.c                         0x00000000   Number         0  defsig_segv_inner.o ABSOLUTE
    ../clib/signal.c                         0x00000000   Number         0  defsig_other.o ABSOLUTE
    ../clib/signal.s                         0x00000000   Number         0  defsig.o ABSOLUTE
    ../clib/stdlib.c                         0x00000000   Number         0  exit.o ABSOLUTE
    ../fplib/fpinit.s                        0x00000000   Number         0  fpinit.o ABSOLUTE
    ../fplib/fpinit_empty.s                  0x00000000   Number         0  fpinit_empty.o ABSOLUTE
    BSP.c                                    0x00000000   Number         0  bsp.o ABSOLUTE
    BSPTestMain.c                            0x00000000   Number         0  bsptestmain.o ABSOLUTE
    RTE/Device/TM4C123GH6PM/startup_TM4C123.s 0x00000000   Number         0  startup_tm4c123.o ABSOLUTE
    dc.s                                     0x00000000   Number         0  dc.o ABSOLUTE
    system_TM4C123.c                         0x00000000   Number         0  system_tm4c123.o ABSOLUTE
    RESET                                    0x00000000   Section      620  startup_tm4c123.o(RESET)
    !!!main                                  0x0000026c   Section        8  __main.o(!!!main)
    !!!scatter                               0x00000274   Section       92  __scatter.o(!!!scatter)
    !!handler_copy                           0x000002d0   Section       26  __scatter_copy.o(!!handler_copy)
    !!handler_null                           0x000002ec   Section        2  __scatter.o(!!handler_null)
    !!handler_zi                             0x000002f0   Section       28  __scatter_zi.o(!!handler_zi)
    .ARM.Collect$$libinit$$00000000          0x0000030c   Section        2  libinit.o(.ARM.Collect$$libinit$$00000000)
    .ARM.Collect$$libinit$$00000002          0x0000030e   Section        0  libinit2.o(.ARM.Collect$$libinit$$00000002)
    .ARM.Collect$$libinit$$00000004          0x0000030e   Section        0  libinit2.o(.ARM.Collect$$libinit$$00000004)
    .ARM.Collect$$libinit$$00000006          0x0000030e   Section        0  libinit2.o(.ARM.Collect$$libinit$$00000006)
    .ARM.Collect$$libinit$$0000000C          0x0000030e   Section        0  libinit2.o(.ARM.Collect$$libinit$$0000000C)
    .ARM.Collect$$libinit$$0000000E          0x0000030e   Section        0  libinit2.o(.ARM.Collect$$libinit$$0000000E)
    .ARM.Collect$$libinit$$00000010          0x0000030e   Section        0  libinit2.o(.ARM.Collect$$libinit$$00000010)
    .ARM.Collect$$libinit$$00000013          0x0000030e   Section        0  libinit2.o(.ARM.Collect$$libinit$$00000013)
    .ARM.Collect$$libinit$$00000015          0x0000030e   Section        0  libinit2.o(.ARM.Collect$$libinit$$00000015)
    .ARM.Collect$$libinit$$00000017          0x0000030e   Section        0  libinit2.o(.ARM.Collect$$libinit$$00000017)
    .ARM.Collect$$libinit$$00000019          0x0000030e   Section        0  libinit2.o(.ARM.Collect$$libinit$$00000019)
    .ARM.Collect$$libinit$$0000001B          0x0000030e   Section        0  libinit2.o(.ARM.Collect$$libinit$$0000001B)
    .ARM.Collect$$libinit$$0000001D          0x0000030e   Section        0  libinit2.o(.ARM.Collect$$libinit$$0000001D)
    .ARM.Collect$$libinit$$0000001F          0x0000030e   Section        0  libinit2.o(.ARM.Collect$$libinit$$0000001F)
    .ARM.Collect$$libinit$$00000021          0x0000030e   Section        0  libinit2.o(.ARM.Collect$$libinit$$00000021)
    .ARM.Collect$$libinit$$00000023          0x0000030e   Section        0  libinit2.o(.ARM.Collect$$libinit$$00000023)
    .ARM.Collect$$libinit$$00000025          0x0000030e   Section        0  libinit2.o(.ARM.Collect$$libinit$$00000025)
    .ARM.Collect$$libinit$$00000027          0x0000030e   Section        0  libinit2.o(.ARM.Collect$$libinit$$00000027)
    .ARM.Collect$$libinit$$0000002E          0x0000030e   Section        0  libinit2.o(.ARM.Collect$$libinit$$0000002E)
    .ARM.Collect$$libinit$$00000030          0x0000030e   Section        0  libinit2.o(.ARM.Collect$$libinit$$00000030)
    .ARM.Collect$$libinit$$00000032          0x0000030e   Section        0  libinit2.o(.ARM.Collect$$libinit$$00000032)
    .ARM.Collect$$libinit$$00000034          0x0000030e   Section        0  libinit2.o(.ARM.Collect$$libinit$$00000034)
    .ARM.Collect$$libinit$$00000035          0x0000030e   Section        2  libinit2.o(.ARM.Collect$$libinit$$00000035)
    .ARM.Collect$$libshutdown$$00000000      0x00000310   Section        2  libshutdown.o(.ARM.Collect$$libshutdown$$00000000)
    .ARM.Collect$$libshutdown$$00000002      0x00000312   Section        0  libshutdown2.o(.ARM.Collect$$libshutdown$$00000002)
    .ARM.Collect$$libshutdown$$00000004      0x00000312   Section        0  libshutdown2.o(.ARM.Collect$$libshutdown$$00000004)
    .ARM.Collect$$libshutdown$$00000007      0x00000312   Section        0  libshutdown2.o(.ARM.Collect$$libshutdown$$00000007)
    .ARM.Collect$$libshutdown$$0000000A      0x00000312   Section        0  libshutdown2.o(.ARM.Collect$$libshutdown$$0000000A)
    .ARM.Collect$$libshutdown$$0000000C      0x00000312   Section        0  libshutdown2.o(.ARM.Collect$$libshutdown$$0000000C)
    .ARM.Collect$$libshutdown$$0000000F      0x00000312   Section        0  libshutdown2.o(.ARM.Collect$$libshutdown$$0000000F)
    .ARM.Collect$$libshutdown$$00000010      0x00000312   Section        2  libshutdown2.o(.ARM.Collect$$libshutdown$$00000010)
    .ARM.Collect$$rtentry$$00000000          0x00000314   Section        0  __rtentry.o(.ARM.Collect$$rtentry$$00000000)
    .ARM.Collect$$rtentry$$00000002          0x00000314   Section        0  __rtentry2.o(.ARM.Collect$$rtentry$$00000002)
    .ARM.Collect$$rtentry$$00000004          0x00000314   Section        6  __rtentry4.o(.ARM.Collect$$rtentry$$00000004)
    .ARM.Collect$$rtentry$$00000009          0x0000031a   Section        0  __rtentry2.o(.ARM.Collect$$rtentry$$00000009)
    .ARM.Collect$$rtentry$$0000000A          0x0000031a   Section        4  __rtentry2.o(.ARM.Collect$$rtentry$$0000000A)
    .ARM.Collect$$rtentry$$0000000C          0x0000031e   Section        0  __rtentry2.o(.ARM.Collect$$rtentry$$0000000C)
    .ARM.Collect$$rtentry$$0000000D          0x0000031e   Section        8  __rtentry2.o(.ARM.Collect$$rtentry$$0000000D)
    .ARM.Collect$$rtexit$$00000000           0x00000326   Section        2  rtexit.o(.ARM.Collect$$rtexit$$00000000)
    .ARM.Collect$$rtexit$$00000002           0x00000328   Section        0  rtexit2.o(.ARM.Collect$$rtexit$$00000002)
    .ARM.Collect$$rtexit$$00000003           0x00000328   Section        4  rtexit2.o(.ARM.Collect$$rtexit$$00000003)
    .ARM.Collect$$rtexit$$00000004           0x0000032c   Section        6  rtexit2.o(.ARM.Collect$$rtexit$$00000004)
    .text                                    0x00000334   Section      292  startup_tm4c123.o(.text)
    .text                                    0x00000458   Section        0  heapauxi.o(.text)
    .text                                    0x0000045e   Section       74  sys_stackheap_outer.o(.text)
    .text                                    0x000004a8   Section        0  exit.o(.text)
    .text                                    0x000004bc   Section        8  libspace.o(.text)
    .text                                    0x000004c4   Section        0  sys_exit.o(.text)
    .text                                    0x000004d0   Section        2  use_no_semi.o(.text)
    .text                                    0x000004d2   Section        0  indicate_semi.o(.text)
    [Anonymous Symbol]                       0x000004d4   Section        0  bsp.o(.text.BSP_Accelerometer_Init)
    [Anonymous Symbol]                       0x000005c0   Section        0  bsp.o(.text.BSP_Accelerometer_Input)
    [Anonymous Symbol]                       0x000005f8   Section        0  bsp.o(.text.BSP_Button1_Init)
    [Anonymous Symbol]                       0x0000065c   Section        0  bsp.o(.text.BSP_Button1_Input)
    [Anonymous Symbol]                       0x0000066c   Section        0  bsp.o(.text.BSP_Button2_Init)
    [Anonymous Symbol]                       0x000006e0   Section        0  bsp.o(.text.BSP_Button2_Input)
    [Anonymous Symbol]                       0x000006f0   Section        0  bsp.o(.text.BSP_Buzzer_Init)
    [Anonymous Symbol]                       0x000007d0   Section        0  bsp.o(.text.BSP_Buzzer_Set)
    [Anonymous Symbol]                       0x000007f4   Section        0  bsp.o(.text.BSP_Clock_InitFastest)
    [Anonymous Symbol]                       0x0000086c   Section        0  bsp.o(.text.BSP_Joystick_Init)
    [Anonymous Symbol]                       0x0000098c   Section        0  bsp.o(.text.BSP_Joystick_Input)
    [Anonymous Symbol]                       0x000009c8   Section        0  bsp.o(.text.BSP_LCD_Color565)
    [Anonymous Symbol]                       0x000009dc   Section        0  bsp.o(.text.BSP_LCD_DrawChar)
    [Anonymous Symbol]                       0x00000b80   Section        0  bsp.o(.text.BSP_LCD_DrawString)
    [Anonymous Symbol]                       0x00000bec   Section        0  bsp.o(.text.BSP_LCD_FillScreen)
    [Anonymous Symbol]                       0x00000c7c   Section        0  bsp.o(.text.BSP_LCD_Init)
    Rcmd1                                    0x00001018   Number         0  bsp.o(.text.BSP_LCD_Init)
    Rcmd2green                               0x00001054   Number         0  bsp.o(.text.BSP_LCD_Init)
    Rcmd3                                    0x00001064   Number         0  bsp.o(.text.BSP_LCD_Init)
    [Anonymous Symbol]                       0x00001090   Section        0  bsp.o(.text.BSP_LCD_OutUDec)
    [Anonymous Symbol]                       0x00001164   Section        0  bsp.o(.text.BSP_LCD_SetCursor)
    [Anonymous Symbol]                       0x00001184   Section        0  bsp.o(.text.BSP_LightSensor_Init)
    [Anonymous Symbol]                       0x00001230   Section        0  bsp.o(.text.BSP_LightSensor_Input)
    [Anonymous Symbol]                       0x0000125c   Section        0  bsp.o(.text.BSP_LightSensor_Start)
    [Anonymous Symbol]                       0x00001274   Section        0  bsp.o(.text.BSP_PeriodicTask_Init)
    [Anonymous Symbol]                       0x00001348   Section        0  bsp.o(.text.BSP_RGB_Init)
    [Anonymous Symbol]                       0x00001544   Section        0  bsp.o(.text.BSP_RGB_Set)
    [Anonymous Symbol]                       0x00001594   Section        0  bsp.o(.text.BSP_Time_Get)
    [Anonymous Symbol]                       0x000015a4   Section        0  bsp.o(.text.BSP_Time_Init)
    [Anonymous Symbol]                       0x00001608   Section        0  bsp.o(.text.WideTimer3A_Handler)
    [Anonymous Symbol]                       0x00001620   Section        0  bsp.o(.text.WideTimer4A_Handler)
    [Anonymous Symbol]                       0x00001638   Section        0  bsp.o(.text.WideTimer5A_Handler)
    [Anonymous Symbol]                       0x00001650   Section        0  bsptestmain.o(.text.checkbuttons)
    fillmessage                              0x00001831   Thumb Code    70  bsp.o(.text.fillmessage)
    [Anonymous Symbol]                       0x00001830   Section        0  bsp.o(.text.fillmessage)
    lightsensorend                           0x00001879   Thumb Code   440  bsp.o(.text.lightsensorend)
    [Anonymous Symbol]                       0x00001878   Section        0  bsp.o(.text.lightsensorend)
    lightsensorstart                         0x00001a31   Thumb Code   284  bsp.o(.text.lightsensorstart)
    [Anonymous Symbol]                       0x00001a30   Section        0  bsp.o(.text.lightsensorstart)
    [Anonymous Symbol]                       0x00001b4c   Section        0  bsptestmain.o(.text.main)
    setAddrWindow                            0x00001fdd   Thumb Code   560  bsp.o(.text.setAddrWindow)
    [Anonymous Symbol]                       0x00001fdc   Section        0  bsp.o(.text.setAddrWindow)
    Font                                     0x0000220c   Data        1275  bsp.o(.rodata.Font)
    [Anonymous Symbol]                       0x0000220c   Section        0  bsp.o(.rodata.Font)
    .L.str.9                                 0x00002707   Data           2  bsptestmain.o(.rodata.str1.1)
    [Anonymous Symbol]                       0x00002707   Section        0  bsptestmain.o(.rodata.str1.1)
    .bss                                     0x20000008   Section       96  libspace.o(.bss)
    ClockFrequency                           0x20000070   Data           1  bsp.o(.bss.ClockFrequency)
    [Anonymous Symbol]                       0x20000070   Section        0  bsp.o(.bss.ClockFrequency)
    ColStart                                 0x20000071   Data           1  bsp.o(.bss.ColStart)
    [Anonymous Symbol]                       0x20000071   Section        0  bsp.o(.bss.ColStart)
    PWMCycles                                0x2000008c   Data           2  bsp.o(.bss.PWMCycles)
    [Anonymous Symbol]                       0x2000008c   Section        0  bsp.o(.bss.PWMCycles)
    RowStart                                 0x2000009e   Data           1  bsp.o(.bss.RowStart)
    [Anonymous Symbol]                       0x2000009e   Section        0  bsp.o(.bss.RowStart)
    checkbuttons.mode                        0x200000a8   Data           1  bsptestmain.o(.bss.checkbuttons.mode)
    [Anonymous Symbol]                       0x200000a8   Section        0  bsptestmain.o(.bss.checkbuttons.mode)
    checkbuttons.prev1                       0x200000a9   Data           1  bsptestmain.o(.bss.checkbuttons.prev1)
    [Anonymous Symbol]                       0x200000a9   Section        0  bsptestmain.o(.bss.checkbuttons.prev1)
    checkbuttons.prev2                       0x200000aa   Data           1  bsptestmain.o(.bss.checkbuttons.prev2)
    [Anonymous Symbol]                       0x200000aa   Section        0  bsptestmain.o(.bss.checkbuttons.prev2)
    checkbuttons.prevS                       0x200000ab   Data           1  bsptestmain.o(.bss.checkbuttons.prevS)
    [Anonymous Symbol]                       0x200000ab   Section        0  bsptestmain.o(.bss.checkbuttons.prevS)
    Heap_Mem                                 0x200000b0   Data           0  startup_tm4c123.o(HEAP)
    Stack_Mem                                0x200000b0   Data         512  startup_tm4c123.o(STACK)
    HEAP                                     0x200000b0   Section        0  startup_tm4c123.o(HEAP)
    STACK                                    0x200000b0   Section      512  startup_tm4c123.o(STACK)
    __initial_sp                             0x200002b0   Data           0  startup_tm4c123.o(STACK)

    Global Symbols

    Symbol Name                              Value     Ov Type        Size  Object(Section)

    BuildAttributes$$THM_ISAv4$E$P$D$K$B$S$7EM$PE$A:L22UL41UL21$X:L11$S22US41US21$IEEE1$IW$~IW$USESV6$~STKCKD$USESV7$~SHL$OTIME$ROPI$EBA8$UX$STANDARDLIB$REQ8$PRES8$EABIv2 0x00000000   Number         0  anon$$obj.o ABSOLUTE
    __Vectors                                0x00000000   Data           4  startup_tm4c123.o(RESET)
    __fp_init_empty                          0x00000000   Number         0  fpinit_empty.o ABSOLUTE
    __ARM_exceptions_init                     - Undefined Weak Reference
    __alloca_initialize                       - Undefined Weak Reference
    __arm_preinit_                            - Undefined Weak Reference
    __arm_relocate_pie_                       - Undefined Weak Reference
    __cpp_initialize__aeabi_                  - Undefined Weak Reference
    __cxa_finalize                            - Undefined Weak Reference
    __rt_locale                               - Undefined Weak Reference
    __sigvec_lookup                           - Undefined Weak Reference
    _atexit_init                              - Undefined Weak Reference
    _call_atexit_fns                          - Undefined Weak Reference
    _clock_init                               - Undefined Weak Reference
    _fp_trap_init                             - Undefined Weak Reference
    _fp_trap_shutdown                         - Undefined Weak Reference
    _get_lc_collate                           - Undefined Weak Reference
    _get_lc_ctype                             - Undefined Weak Reference
    _get_lc_monetary                          - Undefined Weak Reference
    _get_lc_numeric                           - Undefined Weak Reference
    _get_lc_time                              - Undefined Weak Reference
    _getenv_init                              - Undefined Weak Reference
    _handle_redirection                       - Undefined Weak Reference
    _init_alloc                               - Undefined Weak Reference
    _init_user_alloc                          - Undefined Weak Reference
    _initio                                   - Undefined Weak Reference
    _rand_init                                - Undefined Weak Reference
    _signal_finish                            - Undefined Weak Reference
    _signal_init                              - Undefined Weak Reference
    _terminate_alloc                          - Undefined Weak Reference
    _terminate_user_alloc                     - Undefined Weak Reference
    _terminateio                              - Undefined Weak Reference
    __Vectors_End                            0x0000026c   Data           0  startup_tm4c123.o(RESET)
    __Vectors_Size                           0x0000026c   Number         0  startup_tm4c123.o ABSOLUTE
    __main                                   0x0000026d   Thumb Code     8  __main.o(!!!main)
    __scatterload                            0x00000275   Thumb Code     0  __scatter.o(!!!scatter)
    __scatterload_rt2                        0x00000275   Thumb Code    84  __scatter.o(!!!scatter)
    __scatterload_rt2_thumb_only             0x00000275   Thumb Code     0  __scatter.o(!!!scatter)
    __scatterload_loop                       0x0000027f   Thumb Code     0  __scatter.o(!!!scatter)
    __scatterload_copy                       0x000002d1   Thumb Code    26  __scatter_copy.o(!!handler_copy)
    __scatterload_null                       0x000002ed   Thumb Code     2  __scatter.o(!!handler_null)
    __scatterload_zeroinit                   0x000002f1   Thumb Code    28  __scatter_zi.o(!!handler_zi)
    __rt_lib_init                            0x0000030d   Thumb Code     0  libinit.o(.ARM.Collect$$libinit$$00000000)
    __rt_lib_init_alloca_1                   0x0000030f   Thumb Code     0  libinit2.o(.ARM.Collect$$libinit$$00000030)
    __rt_lib_init_argv_1                     0x0000030f   Thumb Code     0  libinit2.o(.ARM.Collect$$libinit$$0000002E)
    __rt_lib_init_atexit_1                   0x0000030f   Thumb Code     0  libinit2.o(.ARM.Collect$$libinit$$0000001D)
    __rt_lib_init_clock_1                    0x0000030f   Thumb Code     0  libinit2.o(.ARM.Collect$$libinit$$00000023)
    __rt_lib_init_cpp_1                      0x0000030f   Thumb Code     0  libinit2.o(.ARM.Collect$$libinit$$00000034)
    __rt_lib_init_exceptions_1               0x0000030f   Thumb Code     0  libinit2.o(.ARM.Collect$$libinit$$00000032)
    __rt_lib_init_fp_1                       0x0000030f   Thumb Code     0  libinit2.o(.ARM.Collect$$libinit$$00000002)
    __rt_lib_init_fp_trap_1                  0x0000030f   Thumb Code     0  libinit2.o(.ARM.Collect$$libinit$$00000021)
    __rt_lib_init_getenv_1                   0x0000030f   Thumb Code     0  libinit2.o(.ARM.Collect$$libinit$$00000025)
    __rt_lib_init_heap_1                     0x0000030f   Thumb Code     0  libinit2.o(.ARM.Collect$$libinit$$0000000C)
    __rt_lib_init_lc_collate_1               0x0000030f   Thumb Code     0  libinit2.o(.ARM.Collect$$libinit$$00000013)
    __rt_lib_init_lc_ctype_1                 0x0000030f   Thumb Code     0  libinit2.o(.ARM.Collect$$libinit$$00000015)
    __rt_lib_init_lc_monetary_1              0x0000030f   Thumb Code     0  libinit2.o(.ARM.Collect$$libinit$$00000017)
    __rt_lib_init_lc_numeric_1               0x0000030f   Thumb Code     0  libinit2.o(.ARM.Collect$$libinit$$00000019)
    __rt_lib_init_lc_time_1                  0x0000030f   Thumb Code     0  libinit2.o(.ARM.Collect$$libinit$$0000001B)
    __rt_lib_init_preinit_1                  0x0000030f   Thumb Code     0  libinit2.o(.ARM.Collect$$libinit$$00000006)
    __rt_lib_init_rand_1                     0x0000030f   Thumb Code     0  libinit2.o(.ARM.Collect$$libinit$$00000010)
    __rt_lib_init_relocate_pie_1             0x0000030f   Thumb Code     0  libinit2.o(.ARM.Collect$$libinit$$00000004)
    __rt_lib_init_return                     0x0000030f   Thumb Code     0  libinit2.o(.ARM.Collect$$libinit$$00000035)
    __rt_lib_init_signal_1                   0x0000030f   Thumb Code     0  libinit2.o(.ARM.Collect$$libinit$$0000001F)
    __rt_lib_init_stdio_1                    0x0000030f   Thumb Code     0  libinit2.o(.ARM.Collect$$libinit$$00000027)
    __rt_lib_init_user_alloc_1               0x0000030f   Thumb Code     0  libinit2.o(.ARM.Collect$$libinit$$0000000E)
    __rt_lib_shutdown                        0x00000311   Thumb Code     0  libshutdown.o(.ARM.Collect$$libshutdown$$00000000)
    __rt_lib_shutdown_cpp_1                  0x00000313   Thumb Code     0  libshutdown2.o(.ARM.Collect$$libshutdown$$00000002)
    __rt_lib_shutdown_fp_trap_1              0x00000313   Thumb Code     0  libshutdown2.o(.ARM.Collect$$libshutdown$$00000007)
    __rt_lib_shutdown_heap_1                 0x00000313   Thumb Code     0  libshutdown2.o(.ARM.Collect$$libshutdown$$0000000F)
    __rt_lib_shutdown_return                 0x00000313   Thumb Code     0  libshutdown2.o(.ARM.Collect$$libshutdown$$00000010)
    __rt_lib_shutdown_signal_1               0x00000313   Thumb Code     0  libshutdown2.o(.ARM.Collect$$libshutdown$$0000000A)
    __rt_lib_shutdown_stdio_1                0x00000313   Thumb Code     0  libshutdown2.o(.ARM.Collect$$libshutdown$$00000004)
    __rt_lib_shutdown_user_alloc_1           0x00000313   Thumb Code     0  libshutdown2.o(.ARM.Collect$$libshutdown$$0000000C)
    __rt_entry                               0x00000315   Thumb Code     0  __rtentry.o(.ARM.Collect$$rtentry$$00000000)
    __rt_entry_presh_1                       0x00000315   Thumb Code     0  __rtentry2.o(.ARM.Collect$$rtentry$$00000002)
    __rt_entry_sh                            0x00000315   Thumb Code     0  __rtentry4.o(.ARM.Collect$$rtentry$$00000004)
    __rt_entry_li                            0x0000031b   Thumb Code     0  __rtentry2.o(.ARM.Collect$$rtentry$$0000000A)
    __rt_entry_postsh_1                      0x0000031b   Thumb Code     0  __rtentry2.o(.ARM.Collect$$rtentry$$00000009)
    __rt_entry_main                          0x0000031f   Thumb Code     0  __rtentry2.o(.ARM.Collect$$rtentry$$0000000D)
    __rt_entry_postli_1                      0x0000031f   Thumb Code     0  __rtentry2.o(.ARM.Collect$$rtentry$$0000000C)
    __rt_exit                                0x00000327   Thumb Code     0  rtexit.o(.ARM.Collect$$rtexit$$00000000)
    __rt_exit_ls                             0x00000329   Thumb Code     0  rtexit2.o(.ARM.Collect$$rtexit$$00000003)
    __rt_exit_prels_1                        0x00000329   Thumb Code     0  rtexit2.o(.ARM.Collect$$rtexit$$00000002)
    __rt_exit_exit                           0x0000032d   Thumb Code     0  rtexit2.o(.ARM.Collect$$rtexit$$00000004)
    Reset_Handler                            0x00000335   Thumb Code     4  startup_tm4c123.o(.text)
    NMI_Handler                              0x00000339   Thumb Code     2  startup_tm4c123.o(.text)
    HardFault_Handler                        0x0000033b   Thumb Code     2  startup_tm4c123.o(.text)
    MemManage_Handler                        0x0000033d   Thumb Code     2  startup_tm4c123.o(.text)
    BusFault_Handler                         0x0000033f   Thumb Code     2  startup_tm4c123.o(.text)
    UsageFault_Handler                       0x00000341   Thumb Code     2  startup_tm4c123.o(.text)
    SVC_Handler                              0x00000343   Thumb Code     2  startup_tm4c123.o(.text)
    DebugMon_Handler                         0x00000345   Thumb Code     2  startup_tm4c123.o(.text)
    PendSV_Handler                           0x00000347   Thumb Code     2  startup_tm4c123.o(.text)
    SysTick_Handler                          0x00000349   Thumb Code     2  startup_tm4c123.o(.text)
    GPIOPortA_Handler                        0x0000034b   Thumb Code     2  startup_tm4c123.o(.text)
    GPIOPortB_Handler                        0x0000034d   Thumb Code     2  startup_tm4c123.o(.text)
    GPIOPortC_Handler                        0x0000034f   Thumb Code     2  startup_tm4c123.o(.text)
    GPIOPortD_Handler                        0x00000351   Thumb Code     2  startup_tm4c123.o(.text)
    GPIOPortE_Handler                        0x00000353   Thumb Code     2  startup_tm4c123.o(.text)
    UART0_Handler                            0x00000355   Thumb Code     2  startup_tm4c123.o(.text)
    UART1_Handler                            0x00000357   Thumb Code     2  startup_tm4c123.o(.text)
    SSI0_Handler                             0x00000359   Thumb Code     2  startup_tm4c123.o(.text)
    I2C0_Handler                             0x0000035b   Thumb Code     2  startup_tm4c123.o(.text)
    PMW0_FAULT_Handler                       0x0000035d   Thumb Code     2  startup_tm4c123.o(.text)
    PWM0Generator0_Handler                   0x0000035f   Thumb Code     2  startup_tm4c123.o(.text)
    PWM0Generator1_Handler                   0x00000361   Thumb Code     2  startup_tm4c123.o(.text)
    PWM0Generator2_Handler                   0x00000363   Thumb Code     2  startup_tm4c123.o(.text)
    Quadrature0_Handler                      0x00000365   Thumb Code     2  startup_tm4c123.o(.text)
    ADC0Seq0_Handler                         0x00000367   Thumb Code     2  startup_tm4c123.o(.text)
    ADC0Seq1_Handler                         0x00000369   Thumb Code     2  startup_tm4c123.o(.text)
    ADC0Seq2_Handler                         0x0000036b   Thumb Code     2  startup_tm4c123.o(.text)
    ADC0Seq3_Handler                         0x0000036d   Thumb Code     2  startup_tm4c123.o(.text)
    WDT_Handler                              0x0000036f   Thumb Code     2  startup_tm4c123.o(.text)
    TIMER0A_Handler                          0x00000371   Thumb Code     2  startup_tm4c123.o(.text)
    TIMER0B_Handler                          0x00000373   Thumb Code     2  startup_tm4c123.o(.text)
    TIMER1A_Handler                          0x00000375   Thumb Code     2  startup_tm4c123.o(.text)
    TIMER1B_Handler                          0x00000377   Thumb Code     2  startup_tm4c123.o(.text)
    TIMER2A_Handler                          0x00000379   Thumb Code     2  startup_tm4c123.o(.text)
    TIMER2B_Handler                          0x0000037b   Thumb Code     2  startup_tm4c123.o(.text)
    COMP0_Handler                            0x0000037d   Thumb Code     2  startup_tm4c123.o(.text)
    COMP1_Handler                            0x0000037f   Thumb Code     2  startup_tm4c123.o(.text)
    COMP2_Handler                            0x00000381   Thumb Code     2  startup_tm4c123.o(.text)
    SYSCTL_Handler                           0x00000383   Thumb Code     2  startup_tm4c123.o(.text)
    FlashCtl_Handler                         0x00000385   Thumb Code     2  startup_tm4c123.o(.text)
    GPIOPortF_Handler                        0x00000387   Thumb Code     2  startup_tm4c123.o(.text)
    GPIOPortG_Handler                        0x00000389   Thumb Code     2  startup_tm4c123.o(.text)
    GPIOPortH_Handler                        0x0000038b   Thumb Code     2  startup_tm4c123.o(.text)
    UART2_Handler                            0x0000038d   Thumb Code     2  startup_tm4c123.o(.text)
    SSI1_Handler                             0x0000038f   Thumb Code     2  startup_tm4c123.o(.text)
    TIMER3A_Handler                          0x00000391   Thumb Code     2  startup_tm4c123.o(.text)
    TIMER3B_Handler                          0x00000393   Thumb Code     2  startup_tm4c123.o(.text)
    I2C1_Handler                             0x00000395   Thumb Code     2  startup_tm4c123.o(.text)
    Quadrature1_Handler                      0x00000397   Thumb Code     2  startup_tm4c123.o(.text)
    CAN0_Handler                             0x00000399   Thumb Code     2  startup_tm4c123.o(.text)
    CAN1_Handler                             0x0000039b   Thumb Code     2  startup_tm4c123.o(.text)
    CAN2_Handler                             0x0000039d   Thumb Code     2  startup_tm4c123.o(.text)
    Hibernate_Handler                        0x0000039f   Thumb Code     2  startup_tm4c123.o(.text)
    USB0_Handler                             0x000003a1   Thumb Code     2  startup_tm4c123.o(.text)
    PWM0Generator3_Handler                   0x000003a3   Thumb Code     2  startup_tm4c123.o(.text)
    UDMA_Handler                             0x000003a5   Thumb Code     2  startup_tm4c123.o(.text)
    UDMAERR_Handler                          0x000003a7   Thumb Code     2  startup_tm4c123.o(.text)
    ADC1Seq0_Handler                         0x000003a9   Thumb Code     2  startup_tm4c123.o(.text)
    ADC1Seq1_Handler                         0x000003ab   Thumb Code     2  startup_tm4c123.o(.text)
    ADC1Seq2_Handler                         0x000003ad   Thumb Code     2  startup_tm4c123.o(.text)
    ADC1Seq3_Handler                         0x000003af   Thumb Code     2  startup_tm4c123.o(.text)
    GPIOPortJ_Handler                        0x000003b1   Thumb Code     2  startup_tm4c123.o(.text)
    GPIOPortK_Handler                        0x000003b3   Thumb Code     2  startup_tm4c123.o(.text)
    GPIOPortL_Handler                        0x000003b5   Thumb Code     2  startup_tm4c123.o(.text)
    SSI2_Handler                             0x000003b7   Thumb Code     2  startup_tm4c123.o(.text)
    SSI3_Handler                             0x000003b9   Thumb Code     2  startup_tm4c123.o(.text)
    UART3_Handler                            0x000003bb   Thumb Code     2  startup_tm4c123.o(.text)
    UART4_Handler                            0x000003bd   Thumb Code     2  startup_tm4c123.o(.text)
    UART5_Handler                            0x000003bf   Thumb Code     2  startup_tm4c123.o(.text)
    UART6_Handler                            0x000003c1   Thumb Code     2  startup_tm4c123.o(.text)
    UART7_Handler                            0x000003c3   Thumb Code     2  startup_tm4c123.o(.text)
    I2C2_Handler                             0x000003c5   Thumb Code     2  startup_tm4c123.o(.text)
    I2C3_Handler                             0x000003c7   Thumb Code     2  startup_tm4c123.o(.text)
    TIMER4A_Handler                          0x000003c9   Thumb Code     2  startup_tm4c123.o(.text)
    TIMER4B_Handler                          0x000003cb   Thumb Code     2  startup_tm4c123.o(.text)
    TIMER5A_Handler                          0x000003cd   Thumb Code     2  startup_tm4c123.o(.text)
    TIMER5B_Handler                          0x000003cf   Thumb Code     2  startup_tm4c123.o(.text)
    WideTimer0A_Handler                      0x000003d1   Thumb Code     2  startup_tm4c123.o(.text)
    WideTimer0B_Handler                      0x000003d3   Thumb Code     2  startup_tm4c123.o(.text)
    WideTimer1A_Handler                      0x000003d5   Thumb Code     2  startup_tm4c123.o(.text)
    WideTimer1B_Handler                      0x000003d7   Thumb Code     2  startup_tm4c123.o(.text)
    WideTimer2A_Handler                      0x000003d9   Thumb Code     2  startup_tm4c123.o(.text)
    WideTimer2B_Handler                      0x000003db   Thumb Code     2  startup_tm4c123.o(.text)
    WideTimer3B_Handler                      0x000003df   Thumb Code     2  startup_tm4c123.o(.text)
    WideTimer4B_Handler                      0x000003e3   Thumb Code     2  startup_tm4c123.o(.text)
    WideTimer5B_Handler                      0x000003e7   Thumb Code     2  startup_tm4c123.o(.text)
    FPU_Handler                              0x000003e9   Thumb Code     2  startup_tm4c123.o(.text)
    I2C4_Handler                             0x000003eb   Thumb Code     2  startup_tm4c123.o(.text)
    I2C5_Handler                             0x000003ed   Thumb Code     2  startup_tm4c123.o(.text)
    GPIOPortM_Handler                        0x000003ef   Thumb Code     2  startup_tm4c123.o(.text)
    GPIOPortN_Handler                        0x000003f1   Thumb Code     2  startup_tm4c123.o(.text)
    QEI2_Handler                             0x000003f3   Thumb Code     2  startup_tm4c123.o(.text)
    GPIOPortP0_Handler                       0x000003f5   Thumb Code     2  startup_tm4c123.o(.text)
    GPIOPortP1_Handler                       0x000003f7   Thumb Code     2  startup_tm4c123.o(.text)
    GPIOPortP2_Handler                       0x000003f9   Thumb Code     2  startup_tm4c123.o(.text)
    GPIOPortP3_Handler                       0x000003fb   Thumb Code     2  startup_tm4c123.o(.text)
    GPIOPortP4_Handler                       0x000003fd   Thumb Code     2  startup_tm4c123.o(.text)
    GPIOPortP5_Handler                       0x000003ff   Thumb Code     2  startup_tm4c123.o(.text)
    GPIOPortP6_Handler                       0x00000401   Thumb Code     2  startup_tm4c123.o(.text)
    GPIOPortP7_Handler                       0x00000403   Thumb Code     2  startup_tm4c123.o(.text)
    GPIOPortQ0_Handler                       0x00000405   Thumb Code     2  startup_tm4c123.o(.text)
    GPIOPortQ1_Handler                       0x00000407   Thumb Code     2  startup_tm4c123.o(.text)
    GPIOPortQ2_Handler                       0x00000409   Thumb Code     2  startup_tm4c123.o(.text)
    GPIOPortQ3_Handler                       0x0000040b   Thumb Code     2  startup_tm4c123.o(.text)
    GPIOPortQ4_Handler                       0x0000040d   Thumb Code     2  startup_tm4c123.o(.text)
    GPIOPortQ5_Handler                       0x0000040f   Thumb Code     2  startup_tm4c123.o(.text)
    GPIOPortQ6_Handler                       0x00000411   Thumb Code     2  startup_tm4c123.o(.text)
    GPIOPortQ7_Handler                       0x00000413   Thumb Code     2  startup_tm4c123.o(.text)
    GPIOPortR_Handler                        0x00000415   Thumb Code     2  startup_tm4c123.o(.text)
    GPIOPortS_Handler                        0x00000417   Thumb Code     2  startup_tm4c123.o(.text)
    PWM1Generator0_Handler                   0x00000419   Thumb Code     2  startup_tm4c123.o(.text)
    PWM1Generator1_Handler                   0x0000041b   Thumb Code     2  startup_tm4c123.o(.text)
    PWM1Generator2_Handler                   0x0000041d   Thumb Code     2  startup_tm4c123.o(.text)
    PWM1Generator3_Handler                   0x0000041f   Thumb Code     2  startup_tm4c123.o(.text)
    PWM1Fault_Handler                        0x00000421   Thumb Code     2  startup_tm4c123.o(.text)
    DisableInterrupts                        0x00000429   Thumb Code     0  startup_tm4c123.o(.text)
    EnableInterrupts                         0x0000042d   Thumb Code     0  startup_tm4c123.o(.text)
    StartCritical                            0x00000431   Thumb Code     0  startup_tm4c123.o(.text)
    EndCritical                              0x00000439   Thumb Code     0  startup_tm4c123.o(.text)
    WaitForInterrupt                         0x0000043f   Thumb Code     0  startup_tm4c123.o(.text)
    __user_initial_stackheap                 0x00000443   Thumb Code     0  startup_tm4c123.o(.text)
    __use_two_region_memory                  0x00000459   Thumb Code     2  heapauxi.o(.text)
    __rt_heap_escrow$2region                 0x0000045b   Thumb Code     2  heapauxi.o(.text)
    __rt_heap_expand$2region                 0x0000045d   Thumb Code     2  heapauxi.o(.text)
    __user_setup_stackheap                   0x0000045f   Thumb Code    74  sys_stackheap_outer.o(.text)
    exit                                     0x000004a9   Thumb Code    18  exit.o(.text)
    __user_libspace                          0x000004bd   Thumb Code     8  libspace.o(.text)
    __user_perproc_libspace                  0x000004bd   Thumb Code     0  libspace.o(.text)
    __user_perthread_libspace                0x000004bd   Thumb Code     0  libspace.o(.text)
    _sys_exit                                0x000004c5   Thumb Code     8  sys_exit.o(.text)
    __I$use$semihosting                      0x000004d1   Thumb Code     0  use_no_semi.o(.text)
    __use_no_semihosting_swi                 0x000004d1   Thumb Code     2  use_no_semi.o(.text)
    __semihosting_library_function           0x000004d3   Thumb Code     0  indicate_semi.o(.text)
    BSP_Accelerometer_Init                   0x000004d5   Thumb Code   236  bsp.o(.text.BSP_Accelerometer_Init)
    BSP_Accelerometer_Input                  0x000005c1   Thumb Code    56  bsp.o(.text.BSP_Accelerometer_Input)
    BSP_Button1_Init                         0x000005f9   Thumb Code    98  bsp.o(.text.BSP_Button1_Init)
    BSP_Button1_Input                        0x0000065d   Thumb Code    14  bsp.o(.text.BSP_Button1_Input)
    BSP_Button2_Init                         0x0000066d   Thumb Code   116  bsp.o(.text.BSP_Button2_Init)
    BSP_Button2_Input                        0x000006e1   Thumb Code    14  bsp.o(.text.BSP_Button2_Input)
    BSP_Buzzer_Init                          0x000006f1   Thumb Code   222  bsp.o(.text.BSP_Buzzer_Init)
    BSP_Buzzer_Set                           0x000007d1   Thumb Code    36  bsp.o(.text.BSP_Buzzer_Set)
    BSP_Clock_InitFastest                    0x000007f5   Thumb Code   118  bsp.o(.text.BSP_Clock_InitFastest)
    BSP_Joystick_Init                        0x0000086d   Thumb Code   288  bsp.o(.text.BSP_Joystick_Init)
    BSP_Joystick_Input                       0x0000098d   Thumb Code    60  bsp.o(.text.BSP_Joystick_Input)
    BSP_LCD_Color565                         0x000009c9   Thumb Code    20  bsp.o(.text.BSP_LCD_Color565)
    BSP_LCD_DrawChar                         0x000009dd   Thumb Code   418  bsp.o(.text.BSP_LCD_DrawChar)
    BSP_LCD_DrawString                       0x00000b81   Thumb Code   106  bsp.o(.text.BSP_LCD_DrawString)
    BSP_LCD_FillScreen                       0x00000bed   Thumb Code   144  bsp.o(.text.BSP_LCD_FillScreen)
    BSP_LCD_Init                             0x00000c7d   Thumb Code   924  bsp.o(.text.BSP_LCD_Init)
    BSP_LCD_OutUDec                          0x00001091   Thumb Code   210  bsp.o(.text.BSP_LCD_OutUDec)
    BSP_LCD_SetCursor                        0x00001165   Thumb Code    32  bsp.o(.text.BSP_LCD_SetCursor)
    BSP_LightSensor_Init                     0x00001185   Thumb Code   172  bsp.o(.text.BSP_LightSensor_Init)
    BSP_LightSensor_Input                    0x00001231   Thumb Code    44  bsp.o(.text.BSP_LightSensor_Input)
    BSP_LightSensor_Start                    0x0000125d   Thumb Code    24  bsp.o(.text.BSP_LightSensor_Start)
    BSP_PeriodicTask_Init                    0x00001275   Thumb Code   212  bsp.o(.text.BSP_PeriodicTask_Init)
    BSP_RGB_Init                             0x00001349   Thumb Code   506  bsp.o(.text.BSP_RGB_Init)
    BSP_RGB_Set                              0x00001545   Thumb Code    80  bsp.o(.text.BSP_RGB_Set)
    BSP_Time_Get                             0x00001595   Thumb Code    14  bsp.o(.text.BSP_Time_Get)
    BSP_Time_Init                            0x000015a5   Thumb Code   100  bsp.o(.text.BSP_Time_Init)
    WideTimer3A_Handler                      0x00001609   Thumb Code    24  bsp.o(.text.WideTimer3A_Handler)
    WideTimer4A_Handler                      0x00001621   Thumb Code    24  bsp.o(.text.WideTimer4A_Handler)
    WideTimer5A_Handler                      0x00001639   Thumb Code    24  bsp.o(.text.WideTimer5A_Handler)
    checkbuttons                             0x00001651   Thumb Code   480  bsptestmain.o(.text.checkbuttons)
    main                                     0x00001b4d   Thumb Code  1032  bsptestmain.o(.text.main)
    Region$$Table$$Base                      0x0000270c   Number         0  anon$$obj.o(Region$$Table)
    Region$$Table$$Limit                     0x0000272c   Number         0  anon$$obj.o(Region$$Table)
    StTextColor                              0x20000000   Data           2  bsp.o(.data.StTextColor)
    __libspace_start                         0x20000008   Data          96  libspace.o(.bss)
    AccX                                     0x20000068   Data           2  bsptestmain.o(.bss.AccX)
    __temporary_stack_top$libspace           0x20000068   Data           0  libspace.o(.bss)
    AccY                                     0x2000006a   Data           2  bsptestmain.o(.bss.AccY)
    AccZ                                     0x2000006c   Data           2  bsptestmain.o(.bss.AccZ)
    Blue                                     0x2000006e   Data           2  bsptestmain.o(.bss.Blue)
    Green                                    0x20000072   Data           2  bsptestmain.o(.bss.Green)
    JoyX                                     0x20000074   Data           2  bsptestmain.o(.bss.JoyX)
    JoyY                                     0x20000076   Data           2  bsptestmain.o(.bss.JoyY)
    LightBusy                                0x20000078   Data           4  bsp.o(.bss.LightBusy)
    Message                                  0x2000007c   Data          12  bsp.o(.bss.Message)
    Messageindex                             0x20000088   Data           4  bsp.o(.bss.Messageindex)
    PeriodicTask                             0x20000090   Data           4  bsp.o(.bss.PeriodicTask)
    PeriodicTaskB                            0x20000094   Data           4  bsp.o(.bss.PeriodicTaskB)
    PeriodicTaskC                            0x20000098   Data           4  bsp.o(.bss.PeriodicTaskC)
    Red                                      0x2000009c   Data           2  bsptestmain.o(.bss.Red)
    StX                                      0x200000a0   Data           4  bsp.o(.bss.StX)
    StY                                      0x200000a4   Data           4  bsp.o(.bss.StY)



==============================================================================

Memory Map of the image

  Image Entry point : 0x00000335

  Load Region LR_1 (Base: 0x00000000, Size: 0x00002730, Max: 0xffffffff, ABSOLUTE)

    Execution Region ER_RO (Exec base: 0x00000000, Load base: 0x00000000, Size: 0x0000272c, Max: 0xffffffff, ABSOLUTE)

    Exec Addr    Load Addr    Size         Type   Attr      Idx    E Section Name        Object

    0x00000000   0x00000000   0x0000026c   Data   RO          193    RESET               startup_tm4c123.o
    0x0000026c   0x0000026c   0x00000008   Code   RO          218  * !!!main             c_w.l(__main.o)
    0x00000274   0x00000274   0x0000005c   Code   RO          383    !!!scatter          c_w.l(__scatter.o)
    0x000002d0   0x000002d0   0x0000001a   Code   RO          387    !!handler_copy      c_w.l(__scatter_copy.o)
    0x000002ea   0x000002ea   0x00000002   PAD
    0x000002ec   0x000002ec   0x00000002   Code   RO          384    !!handler_null      c_w.l(__scatter.o)
    0x000002ee   0x000002ee   0x00000002   PAD
    0x000002f0   0x000002f0   0x0000001c   Code   RO          389    !!handler_zi        c_w.l(__scatter_zi.o)
    0x0000030c   0x0000030c   0x00000002   Code   RO          245    .ARM.Collect$$libinit$$00000000  c_w.l(libinit.o)
    0x0000030e   0x0000030e   0x00000000   Code   RO          252    .ARM.Collect$$libinit$$00000002  c_w.l(libinit2.o)
    0x0000030e   0x0000030e   0x00000000   Code   RO          254    .ARM.Collect$$libinit$$00000004  c_w.l(libinit2.o)
    0x0000030e   0x0000030e   0x00000000   Code   RO          256    .ARM.Collect$$libinit$$00000006  c_w.l(libinit2.o)
    0x0000030e   0x0000030e   0x00000000   Code   RO          259    .ARM.Collect$$libinit$$0000000C  c_w.l(libinit2.o)
    0x0000030e   0x0000030e   0x00000000   Code   RO          261    .ARM.Collect$$libinit$$0000000E  c_w.l(libinit2.o)
    0x0000030e   0x0000030e   0x00000000   Code   RO          263    .ARM.Collect$$libinit$$00000010  c_w.l(libinit2.o)
    0x0000030e   0x0000030e   0x00000000   Code   RO          266    .ARM.Collect$$libinit$$00000013  c_w.l(libinit2.o)
    0x0000030e   0x0000030e   0x00000000   Code   RO          268    .ARM.Collect$$libinit$$00000015  c_w.l(libinit2.o)
    0x0000030e   0x0000030e   0x00000000   Code   RO          270    .ARM.Collect$$libinit$$00000017  c_w.l(libinit2.o)
    0x0000030e   0x0000030e   0x00000000   Code   RO          272    .ARM.Collect$$libinit$$00000019  c_w.l(libinit2.o)
    0x0000030e   0x0000030e   0x00000000   Code   RO          274    .ARM.Collect$$libinit$$0000001B  c_w.l(libinit2.o)
    0x0000030e   0x0000030e   0x00000000   Code   RO          276    .ARM.Collect$$libinit$$0000001D  c_w.l(libinit2.o)
    0x0000030e   0x0000030e   0x00000000   Code   RO          278    .ARM.Collect$$libinit$$0000001F  c_w.l(libinit2.o)
    0x0000030e   0x0000030e   0x00000000   Code   RO          280    .ARM.Collect$$libinit$$00000021  c_w.l(libinit2.o)
    0x0000030e   0x0000030e   0x00000000   Code   RO          282    .ARM.Collect$$libinit$$00000023  c_w.l(libinit2.o)
    0x0000030e   0x0000030e   0x00000000   Code   RO          284    .ARM.Collect$$libinit$$00000025  c_w.l(libinit2.o)
    0x0000030e   0x0000030e   0x00000000   Code   RO          286    .ARM.Collect$$libinit$$00000027  c_w.l(libinit2.o)
    0x0000030e   0x0000030e   0x00000000   Code   RO          290    .ARM.Collect$$libinit$$0000002E  c_w.l(libinit2.o)
    0x0000030e   0x0000030e   0x00000000   Code   RO          292    .ARM.Collect$$libinit$$00000030  c_w.l(libinit2.o)
    0x0000030e   0x0000030e   0x00000000   Code   RO          294    .ARM.Collect$$libinit$$00000032  c_w.l(libinit2.o)
    0x0000030e   0x0000030e   0x00000000   Code   RO          296    .ARM.Collect$$libinit$$00000034  c_w.l(libinit2.o)
    0x0000030e   0x0000030e   0x00000002   Code   RO          297    .ARM.Collect$$libinit$$00000035  c_w.l(libinit2.o)
    0x00000310   0x00000310   0x00000002   Code   RO          319    .ARM.Collect$$libshutdown$$00000000  c_w.l(libshutdown.o)
    0x00000312   0x00000312   0x00000000   Code   RO          334    .ARM.Collect$$libshutdown$$00000002  c_w.l(libshutdown2.o)
    0x00000312   0x00000312   0x00000000   Code   RO          336    .ARM.Collect$$libshutdown$$00000004  c_w.l(libshutdown2.o)
    0x00000312   0x00000312   0x00000000   Code   RO          339    .ARM.Collect$$libshutdown$$00000007  c_w.l(libshutdown2.o)
    0x00000312   0x00000312   0x00000000   Code   RO          342    .ARM.Collect$$libshutdown$$0000000A  c_w.l(libshutdown2.o)
    0x00000312   0x00000312   0x00000000   Code   RO          344    .ARM.Collect$$libshutdown$$0000000C  c_w.l(libshutdown2.o)
    0x00000312   0x00000312   0x00000000   Code   RO          347    .ARM.Collect$$libshutdown$$0000000F  c_w.l(libshutdown2.o)
    0x00000312   0x00000312   0x00000002   Code   RO          348    .ARM.Collect$$libshutdown$$00000010  c_w.l(libshutdown2.o)
    0x00000314   0x00000314   0x00000000   Code   RO          220    .ARM.Collect$$rtentry$$00000000  c_w.l(__rtentry.o)
    0x00000314   0x00000314   0x00000000   Code   RO          222    .ARM.Collect$$rtentry$$00000002  c_w.l(__rtentry2.o)
    0x00000314   0x00000314   0x00000006   Code   RO          234    .ARM.Collect$$rtentry$$00000004  c_w.l(__rtentry4.o)
    0x0000031a   0x0000031a   0x00000000   Code   RO          224    .ARM.Collect$$rtentry$$00000009  c_w.l(__rtentry2.o)
    0x0000031a   0x0000031a   0x00000004   Code   RO          225    .ARM.Collect$$rtentry$$0000000A  c_w.l(__rtentry2.o)
    0x0000031e   0x0000031e   0x00000000   Code   RO          227    .ARM.Collect$$rtentry$$0000000C  c_w.l(__rtentry2.o)
    0x0000031e   0x0000031e   0x00000008   Code   RO          228    .ARM.Collect$$rtentry$$0000000D  c_w.l(__rtentry2.o)
    0x00000326   0x00000326   0x00000002   Code   RO          249    .ARM.Collect$$rtexit$$00000000  c_w.l(rtexit.o)
    0x00000328   0x00000328   0x00000000   Code   RO          299    .ARM.Collect$$rtexit$$00000002  c_w.l(rtexit2.o)
    0x00000328   0x00000328   0x00000004   Code   RO          300    .ARM.Collect$$rtexit$$00000003  c_w.l(rtexit2.o)
    0x0000032c   0x0000032c   0x00000006   Code   RO          301    .ARM.Collect$$rtexit$$00000004  c_w.l(rtexit2.o)
    0x00000332   0x00000332   0x00000002   PAD
    0x00000334   0x00000334   0x00000124   Code   RO          194  * .text               startup_tm4c123.o
    0x00000458   0x00000458   0x00000006   Code   RO          216    .text               c_w.l(heapauxi.o)
    0x0000045e   0x0000045e   0x0000004a   Code   RO          236    .text               c_w.l(sys_stackheap_outer.o)
    0x000004a8   0x000004a8   0x00000012   Code   RO          238    .text               c_w.l(exit.o)
    0x000004ba   0x000004ba   0x00000002   PAD
    0x000004bc   0x000004bc   0x00000008   Code   RO          246    .text               c_w.l(libspace.o)
    0x000004c4   0x000004c4   0x0000000c   Code   RO          309    .text               c_w.l(sys_exit.o)
    0x000004d0   0x000004d0   0x00000002   Code   RO          324    .text               c_w.l(use_no_semi.o)
    0x000004d2   0x000004d2   0x00000000   Code   RO          326    .text               c_w.l(indicate_semi.o)
    0x000004d2   0x000004d2   0x00000002   PAD
    0x000004d4   0x000004d4   0x000000ec   Code   RO           28    .text.BSP_Accelerometer_Init  bsp.o
    0x000005c0   0x000005c0   0x00000038   Code   RO           30    .text.BSP_Accelerometer_Input  bsp.o
    0x000005f8   0x000005f8   0x00000062   Code   RO            2    .text.BSP_Button1_Init  bsp.o
    0x0000065a   0x0000065a   0x00000002   PAD
    0x0000065c   0x0000065c   0x0000000e   Code   RO            4    .text.BSP_Button1_Input  bsp.o
    0x0000066a   0x0000066a   0x00000002   PAD
    0x0000066c   0x0000066c   0x00000074   Code   RO            6    .text.BSP_Button2_Init  bsp.o
    0x000006e0   0x000006e0   0x0000000e   Code   RO            8    .text.BSP_Button2_Input  bsp.o
    0x000006ee   0x000006ee   0x00000002   PAD
    0x000006f0   0x000006f0   0x000000de   Code   RO           24    .text.BSP_Buzzer_Init  bsp.o
    0x000007ce   0x000007ce   0x00000002   PAD
    0x000007d0   0x000007d0   0x00000024   Code   RO           26    .text.BSP_Buzzer_Set  bsp.o
    0x000007f4   0x000007f4   0x00000076   Code   RO           84    .text.BSP_Clock_InitFastest  bsp.o
    0x0000086a   0x0000086a   0x00000002   PAD
    0x0000086c   0x0000086c   0x00000120   Code   RO           10    .text.BSP_Joystick_Init  bsp.o
    0x0000098c   0x0000098c   0x0000003c   Code   RO           12    .text.BSP_Joystick_Input  bsp.o
    0x000009c8   0x000009c8   0x00000014   Code   RO           52    .text.BSP_LCD_Color565  bsp.o
    0x000009dc   0x000009dc   0x000001a2   Code   RO           60    .text.BSP_LCD_DrawChar  bsp.o
    0x00000b7e   0x00000b7e   0x00000002   PAD
    0x00000b80   0x00000b80   0x0000006a   Code   RO           62    .text.BSP_LCD_DrawString  bsp.o
    0x00000bea   0x00000bea   0x00000002   PAD
    0x00000bec   0x00000bec   0x00000090   Code   RO           48    .text.BSP_LCD_FillScreen  bsp.o
    0x00000c7c   0x00000c7c   0x00000414   Code   RO           38    .text.BSP_LCD_Init  bsp.o
    0x00001090   0x00001090   0x000000d2   Code   RO           66    .text.BSP_LCD_OutUDec  bsp.o
    0x00001162   0x00001162   0x00000002   PAD
    0x00001164   0x00001164   0x00000020   Code   RO           64    .text.BSP_LCD_SetCursor  bsp.o
    0x00001184   0x00001184   0x000000ac   Code   RO          114    .text.BSP_LightSensor_Init  bsp.o
    0x00001230   0x00001230   0x0000002c   Code   RO          116    .text.BSP_LightSensor_Input  bsp.o
    0x0000125c   0x0000125c   0x00000018   Code   RO          122    .text.BSP_LightSensor_Start  bsp.o
    0x00001274   0x00001274   0x000000d4   Code   RO           88    .text.BSP_PeriodicTask_Init  bsp.o
    0x00001348   0x00001348   0x000001fa   Code   RO           14    .text.BSP_RGB_Init  bsp.o
    0x00001542   0x00001542   0x00000002   PAD
    0x00001544   0x00001544   0x00000050   Code   RO           16    .text.BSP_RGB_Set   bsp.o
    0x00001594   0x00001594   0x0000000e   Code   RO          110    .text.BSP_Time_Get  bsp.o
    0x000015a2   0x000015a2   0x00000002   PAD
    0x000015a4   0x000015a4   0x00000064   Code   RO          108    .text.BSP_Time_Init  bsp.o
    0x00001608   0x00001608   0x00000018   Code   RO          104    .text.WideTimer3A_Handler  bsp.o
    0x00001620   0x00001620   0x00000018   Code   RO           98    .text.WideTimer4A_Handler  bsp.o
    0x00001638   0x00001638   0x00000018   Code   RO           90    .text.WideTimer5A_Handler  bsp.o
    0x00001650   0x00001650   0x000001e0   Code   RO          164    .text.checkbuttons  bsptestmain.o
    0x00001830   0x00001830   0x00000046   Code   RO           68    .text.fillmessage   bsp.o
    0x00001876   0x00001876   0x00000002   PAD
    0x00001878   0x00001878   0x000001b8   Code   RO          120    .text.lightsensorend  bsp.o
    0x00001a30   0x00001a30   0x0000011c   Code   RO          118    .text.lightsensorstart  bsp.o
    0x00001b4c   0x00001b4c   0x00000490   Code   RO          168    .text.main          bsptestmain.o
    0x00001fdc   0x00001fdc   0x00000230   Code   RO           42    .text.setAddrWindow  bsp.o
    0x0000220c   0x0000220c   0x000004fb   Data   RO          141    .rodata.Font        bsp.o
    0x00002707   0x00002707   0x00000002   Data   RO          182    .rodata.str1.1      bsptestmain.o
    0x00002709   0x00002709   0x00000003   PAD
    0x0000270c   0x0000270c   0x00000020   Data   RO          382    Region$$Table       anon$$obj.o


    Execution Region ER_RW (Exec base: 0x20000000, Load base: 0x0000272c, Size: 0x00000004, Max: 0xffffffff, ABSOLUTE)

    Exec Addr    Load Addr    Size         Type   Attr      Idx    E Section Name        Object

    0x20000000   0x0000272c   0x00000002   Data   RW          140    .data.StTextColor   bsp.o


    Execution Region ER_ZI (Exec base: 0x20000008, Load base: 0x00002730, Size: 0x000002a8, Max: 0xffffffff, ABSOLUTE)

    Exec Addr    Load Addr    Size         Type   Attr      Idx    E Section Name        Object

    0x20000008        -       0x00000060   Zero   RW          247    .bss                c_w.l(libspace.o)
    0x20000068        -       0x00000002   Zero   RW          179    .bss.AccX           bsptestmain.o
    0x2000006a        -       0x00000002   Zero   RW          180    .bss.AccY           bsptestmain.o
    0x2000006c        -       0x00000002   Zero   RW          181    .bss.AccZ           bsptestmain.o
    0x2000006e        -       0x00000002   Zero   RW          172    .bss.Blue           bsptestmain.o
    0x20000070        -       0x00000001   Zero   RW          136    .bss.ClockFrequency  bsp.o
    0x20000071        -       0x00000001   Zero   RW          154    .bss.ColStart       bsp.o
    0x20000072        -       0x00000002   Zero   RW          171    .bss.Green          bsptestmain.o
    0x20000074        -       0x00000002   Zero   RW          177    .bss.JoyX           bsptestmain.o
    0x20000076        -       0x00000002   Zero   RW          178    .bss.JoyY           bsptestmain.o
    0x20000078        -       0x00000004   Zero   RW          152    .bss.LightBusy      bsp.o
    0x2000007c        -       0x0000000c   Zero   RW          143    .bss.Message        bsp.o
    0x20000088        -       0x00000004   Zero   RW          142    .bss.Messageindex   bsp.o
    0x2000008c        -       0x00000002   Zero   RW          137    .bss.PWMCycles      bsp.o
    0x2000008e   0x00002730   0x00000002   PAD
    0x20000090        -       0x00000004   Zero   RW          149    .bss.PeriodicTask   bsp.o
    0x20000094        -       0x00000004   Zero   RW          150    .bss.PeriodicTaskB  bsp.o
    0x20000098        -       0x00000004   Zero   RW          151    .bss.PeriodicTaskC  bsp.o
    0x2000009c        -       0x00000002   Zero   RW          170    .bss.Red            bsptestmain.o
    0x2000009e        -       0x00000001   Zero   RW          155    .bss.RowStart       bsp.o
    0x2000009f   0x00002730   0x00000001   PAD
    0x200000a0        -       0x00000004   Zero   RW          138    .bss.StX            bsp.o
    0x200000a4        -       0x00000004   Zero   RW          139    .bss.StY            bsp.o
    0x200000a8        -       0x00000001   Zero   RW          176    .bss.checkbuttons.mode  bsptestmain.o
    0x200000a9        -       0x00000001   Zero   RW          173    .bss.checkbuttons.prev1  bsptestmain.o
    0x200000aa        -       0x00000001   Zero   RW          174    .bss.checkbuttons.prev2  bsptestmain.o
    0x200000ab        -       0x00000001   Zero   RW          175    .bss.checkbuttons.prevS  bsptestmain.o
    0x200000ac   0x00002730   0x00000004   PAD
    0x200000b0        -       0x00000000   Zero   RW          192    HEAP                startup_tm4c123.o
    0x200000b0        -       0x00000200   Zero   RW          191    STACK               startup_tm4c123.o


==============================================================================

Image component sizes


      Code (inc. data)   RO Data    RW Data    ZI Data      Debug   Object Name

      5810        120       1275          2         45      35079   bsp.o
      1648        136          2          0         20       3160   bsptestmain.o
       292         18        620          0        512       5704   startup_tm4c123.o

    ----------------------------------------------------------------------
      7772        274       1932          4        584      43943   Object Totals
         0          0         32          0          0          0   (incl. Generated)
        22          0          3          2          7          0   (incl. Padding)

    ----------------------------------------------------------------------

      Code (inc. data)   RO Data    RW Data    ZI Data      Debug   Library Member Name

         8          0          0          0          0         68   __main.o
         0          0          0          0          0          0   __rtentry.o
        12          0          0          0          0          0   __rtentry2.o
         6          0          0          0          0          0   __rtentry4.o
        94          8          0          0          0          0   __scatter.o
        26          0          0          0          0          0   __scatter_copy.o
        28          0          0          0          0          0   __scatter_zi.o
        18          0          0          0          0         80   exit.o
         6          0          0          0          0        152   heapauxi.o
         0          0          0          0          0          0   indicate_semi.o
         2          0          0          0          0          0   libinit.o
         2          0          0          0          0          0   libinit2.o
         2          0          0          0          0          0   libshutdown.o
         2          0          0          0          0          0   libshutdown2.o
         8          4          0          0         96         68   libspace.o
         2          0          0          0          0          0   rtexit.o
        10          0          0          0          0          0   rtexit2.o
        12          4          0          0          0         68   sys_exit.o
        74          0          0          0          0         80   sys_stackheap_outer.o
         2          0          0          0          0         68   use_no_semi.o

    ----------------------------------------------------------------------
       324         16          0          0         96        584   Library Totals
        10          0          0          0          0          0   (incl. Padding)

    ----------------------------------------------------------------------

      Code (inc. data)   RO Data    RW Data    ZI Data      Debug   Library Name

       314         16          0          0         96        584   c_w.l

    ----------------------------------------------------------------------
       324         16          0          0         96        584   Library Totals

    ----------------------------------------------------------------------

==============================================================================


      Code (inc. data)   RO Data    RW Data    ZI Data      Debug   

      8096        290       1932          4        680      44467   Grand Totals
      8096        290       1932          4        680      44467   ELF Image Totals
      8096        290       1932          4          0          0   ROM Totals

==============================================================================

    Total RO  Size (Code + RO Data)                10028 (   9.79kB)
    Total RW  Size (RW Data + ZI Data)               684 (   0.67kB)
    Total ROM Size (Code + RO Data + RW Data)      10032 (   9.80kB)

==============================================================================

